Component: ARM Compiler 5.06 update 5 (build 528) Tool: armlink [4d35e2]

==============================================================================

Section Cross References

    main.o(.text) refers to ms5611.o(.text) for update_baro
    main.o(.text) refers to d2f.o(.text) for __aeabi_d2f
    main.o(.text) refers to imu.o(.text) for LPF
    main.o(.text) refers to misc.o(.text) for NVIC_PriorityGroupConfig
    main.o(.text) refers to delay.o(.text) for delay_init
    main.o(.text) refers to copter_config.o(.text) for board_leds_config
    main.o(.text) refers to dflti.o(.text) for __aeabi_i2d
    main.o(.text) refers to printfb.o(i.__0printf$bare) for __2printf
    main.o(.text) refers to stm32f4xx_gpio.o(.text) for GPIO_ToggleBits
    main.o(.text) refers to dfltui.o(.text) for __aeabi_ui2d
    main.o(.text) refers to dmul.o(.text) for __aeabi_dmul
    main.o(.text) refers to main.o(.data) for .data
    main.o(.text) refers to imu.o(.data) for offset_gx
    main.o(.text) refers to main.o(.bss) for .bss
    stm32f4xx_it.o(.text) refers to stm32f4xx_exti.o(.text) for EXTI_GetITStatus
    stm32f4xx_it.o(.text) refers to stm32f4xx_usart.o(.text) for USART_GetITStatus
    stm32f4xx_it.o(.text) refers to stm32f4xx_gpio.o(.text) for GPIO_ReadInputDataBit
    stm32f4xx_it.o(.text) refers to f2d.o(.text) for __aeabi_f2d
    stm32f4xx_it.o(.text) refers to dmul.o(.text) for __aeabi_dmul
    stm32f4xx_it.o(.text) refers to dadd.o(.text) for __aeabi_dadd
    stm32f4xx_it.o(.text) refers to d2f.o(.text) for __aeabi_d2f
    stm32f4xx_it.o(.text) refers to stm32f4xx_it.o(.bss) for .bss
    stm32f4xx_it.o(.text) refers to stm32f4xx_it.o(.data) for .data
    system_stm32f4xx.o(.text) refers to system_stm32f4xx.o(.data) for .data
    copter_config.o(.text) refers to stm32f4xx_rcc.o(.text) for RCC_AHB1PeriphClockCmd
    copter_config.o(.text) refers to stm32f4xx_gpio.o(.text) for GPIO_Init
    copter_config.o(.text) refers to stm32f4xx_tim.o(.text) for TIM_TimeBaseInit
    copter_config.o(.text) refers to stm32f4xx_syscfg.o(.text) for SYSCFG_EXTILineConfig
    copter_config.o(.text) refers to stm32f4xx_exti.o(.text) for EXTI_Init
    copter_config.o(.text) refers to misc.o(.text) for NVIC_Init
    copter_config.o(.text) refers to stm32f4xx_usart.o(.text) for USART_Init
    copter_config.o(.text) refers to copter_config.o(.data) for .data
    copter_config.o(.text) refers to copter_config.o(.bss) for .bss
    startup_stm32f40_41xxx.o(RESET) refers to startup_stm32f40_41xxx.o(STACK) for __initial_sp
    startup_stm32f40_41xxx.o(RESET) refers to startup_stm32f40_41xxx.o(.text) for Reset_Handler
    startup_stm32f40_41xxx.o(RESET) refers to stm32f4xx_it.o(.text) for NMI_Handler
    startup_stm32f40_41xxx.o(.text) refers to system_stm32f4xx.o(.text) for SystemInit
    startup_stm32f40_41xxx.o(.text) refers to entry.o(.ARM.Collect$$$$00000000) for __main
    stm32f4xx_dma2d.o(.text) refers to stm32f4xx_rcc.o(.text) for RCC_AHB1PeriphResetCmd
    stm32f4xx_fsmc.o(.text) refers to stm32f4xx_fsmc.o(.constdata) for .constdata
    stm32f4xx_gpio.o(.text) refers to stm32f4xx_rcc.o(.text) for RCC_AHB1PeriphResetCmd
    stm32f4xx_i2c.o(.text) refers to stm32f4xx_rcc.o(.text) for RCC_APB1PeriphResetCmd
    stm32f4xx_rcc.o(.text) refers to stm32f4xx_rcc.o(.data) for .data
    stm32f4xx_rng.o(.text) refers to stm32f4xx_rcc.o(.text) for RCC_AHB2PeriphResetCmd
    stm32f4xx_sdio.o(.text) refers to stm32f4xx_rcc.o(.text) for RCC_APB2PeriphResetCmd
    stm32f4xx_syscfg.o(.text) refers to stm32f4xx_rcc.o(.text) for RCC_APB2PeriphResetCmd
    stm32f4xx_tim.o(.text) refers to stm32f4xx_rcc.o(.text) for RCC_APB2PeriphResetCmd
    stm32f4xx_usart.o(.text) refers to stm32f4xx_rcc.o(.text) for RCC_APB2PeriphResetCmd
    delay.o(.text) refers to misc.o(.text) for SysTick_CLKSourceConfig
    delay.o(.text) refers to delay.o(.data) for .data
    hmc5883l.o(.text) refers to stm32f4xx_gpio.o(.text) for GPIO_ReadInputDataBit
    hmc5883l.o(.text) refers to ioi2c.o(.text) for IICreadBytes
    hmc5883l.o(.text) refers to delay.o(.text) for delay_us
    hmc5883l.o(.text) refers to hmc5883l.o(.bss) for .bss
    hmc5883l.o(.text) refers to hmc5883l.o(.data) for .data
    imu.o(.text) refers to stm32f4xx_rcc.o(.text) for RCC_AHB1PeriphClockCmd
    imu.o(.text) refers to stm32f4xx_gpio.o(.text) for GPIO_Init
    imu.o(.text) refers to mpu6050.o(.text) for MPU6050_initialize
    imu.o(.text) refers to hmc5883l.o(.text) for HMC5883L_SetUp
    imu.o(.text) refers to delay.o(.text) for delay_ms
    imu.o(.text) refers to f2d.o(.text) for __aeabi_f2d
    imu.o(.text) refers to sqrt.o(i.__hardfp_sqrt) for __hardfp_sqrt
    imu.o(.text) refers to d2f.o(.text) for __aeabi_d2f
    imu.o(.text) refers to dmul.o(.text) for __aeabi_dmul
    imu.o(.text) refers to dadd.o(.text) for __aeabi_dadd
    imu.o(.text) refers to ddiv.o(.text) for __aeabi_ddiv
    imu.o(.text) refers to imu.o(.bss) for .bss
    imu.o(.text) refers to imu.o(.data) for .data
[...]
    .text                                    0x08005b72   Section        0  dadd.o(.text)
    .text                                    0x08005cc0   Section        0  dmul.o(.text)
    .text                                    0x08005da4   Section        0  ddiv.o(.text)
    .text                                    0x08005e82   Section        0  dflti.o(.text)
    .text                                    0x08005ea4   Section        0  dfltui.o(.text)
    .text                                    0x08005ebe   Section        0  dfixi.o(.text)
    .text                                    0x08005efc   Section        0  f2d.o(.text)
    .text                                    0x08005f24   Section       48  cdrcmple.o(.text)
    .text                                    0x08005f54   Section        0  d2f.o(.text)
    .text                                    0x08005f8c   Section        0  uldiv.o(.text)
    .text                                    0x08005fee   Section        0  llshl.o(.text)
    .text                                    0x0800600c   Section        0  llushr.o(.text)
    .text                                    0x0800602c   Section        0  llsshr.o(.text)
    .text                                    0x08006050   Section        0  fepilogue.o(.text)
    .text                                    0x08006050   Section        0  iusefp.o(.text)
    .text                                    0x080060be   Section        0  depilogue.o(.text)
    .text                                    0x08006178   Section        0  dscalb.o(.text)
    .text                                    0x080061a6   Section        0  dsqrt.o(.text)
    .text                                    0x08006248   Section       36  init.o(.text)
    .text                                    0x0800626c   Section        0  __dczerorl2.o(.text)
    i.__0printf$bare                         0x080062c4   Section        0  printfb.o(i.__0printf$bare)
    i.__ARM_fpclassify                       0x080062d4   Section        0  fpclassify.o(i.__ARM_fpclassify)
    i.__hardfp_asin                          0x08006308   Section        0  asin.o(i.__hardfp_asin)
    i.__hardfp_atan                          0x08006668   Section        0  atan.o(i.__hardfp_atan)
    i.__hardfp_atan2                         0x08006940   Section        0  atan2.o(i.__hardfp_atan2)
    i.__hardfp_cos                           0x08006b30   Section        0  cos.o(i.__hardfp_cos)
    i.__hardfp_pow                           0x08006bf8   Section        0  pow.o(i.__hardfp_pow)
    i.__hardfp_sin                           0x08007848   Section        0  sin.o(i.__hardfp_sin)
    i.__hardfp_sqrt                          0x08007910   Section        0  sqrt.o(i.__hardfp_sqrt)
    i.__ieee754_rem_pio2                     0x08007990   Section        0  rred.o(i.__ieee754_rem_pio2)
    i.__kernel_cos                           0x08007dc8   Section        0  cos_i.o(i.__kernel_cos)
    i.__kernel_poly                          0x08007f38   Section        0  poly.o(i.__kernel_poly)
    i.__kernel_sin                           0x08008030   Section        0  sin_i.o(i.__kernel_sin)
    i.__mathlib_dbl_divzero                  0x08008160   Section        0  dunder.o(i.__mathlib_dbl_divzero)
    i.__mathlib_dbl_infnan                   0x08008190   Section        0  dunder.o(i.__mathlib_dbl_infnan)
    i.__mathlib_dbl_infnan2                  0x080081a4   Section        0  dunder.o(i.__mathlib_dbl_infnan2)
    i.__mathlib_dbl_invalid                  0x080081b8   Section        0  dunder.o(i.__mathlib_dbl_invalid)
    i.__mathlib_dbl_overflow                 0x080081d8   Section        0  dunder.o(i.__mathlib_dbl_overflow)
    i.__mathlib_dbl_underflow                0x080081f8   Section        0  dunder.o(i.__mathlib_dbl_underflow)
    i.__scatterload_copy                     0x08008218   Section       14  handlers.o(i.__scatterload_copy)
    i.__scatterload_null                     0x08008226   Section        2  handlers.o(i.__scatterload_null)
    i.__scatterload_zeroinit                 0x08008228   Section       14  handlers.o(i.__scatterload_zeroinit)
    i.__set_errno                            0x08008238   Section        0  errno.o(i.__set_errno)
    i._printf_core                           0x08008244   Section        0  printfb.o(i._printf_core)
    _printf_core                             0x08008245   Thumb Code    34  printfb.o(i._printf_core)
    i.atan                                   0x08008266   Section        0  atan.o(i.atan)
    i.fabs                                   0x08008276   Section        0  fabs.o(i.fabs)
    i.sqrt                                   0x0800828e   Section        0  sqrt.o(i.sqrt)
    .constdata                               0x08008300   Section       80  asin.o(.constdata)
    pS                                       0x08008300   Data          48  asin.o(.constdata)
    qS                                       0x08008330   Data          32  asin.o(.constdata)
    .constdata                               0x08008350   Section      152  atan.o(.constdata)
    atanhi                                   0x08008350   Data          32  atan.o(.constdata)
    atanlo                                   0x08008370   Data          32  atan.o(.constdata)
    aTodd                                    0x08008390   Data          40  atan.o(.constdata)
    aTeven                                   0x080083b8   Data          48  atan.o(.constdata)
    .constdata                               0x080083e8   Section      136  pow.o(.constdata)
    bp                                       0x080083e8   Data          16  pow.o(.constdata)
    dp_h                                     0x080083f8   Data          16  pow.o(.constdata)
    dp_l                                     0x08008408   Data          16  pow.o(.constdata)
    L                                        0x08008418   Data          48  pow.o(.constdata)
    P                                        0x08008448   Data          40  pow.o(.constdata)
    .constdata                               0x08008470   Section       48  cos_i.o(.constdata)
    C                                        0x08008470   Data          48  cos_i.o(.constdata)
    .constdata                               0x080084a0   Section        8  qnan.o(.constdata)
    .constdata                               0x080084a8   Section      200  rred.o(.constdata)
    pio2s                                    0x080084a8   Data          48  rred.o(.constdata)
    twooverpi                                0x080084d8   Data         152  rred.o(.constdata)
    .constdata                               0x08008570   Section       40  sin_i.o(.constdata)
    S                                        0x08008570   Data          40  sin_i.o(.constdata)
    .data                                    0x20000000   Section       64  main.o(.data)
    .data                                    0x20000040   Section       32  stm32f4xx_it.o(.data)
    .data                                    0x20000060   Section       20  system_stm32f4xx.o(.data)
    .data                                    0x20000074   Section       20  copter_config.o(.data)
    .data                                    0x20000088   Section       16  stm32f4xx_rcc.o(.data)
    APBAHBPrescTable                         0x20000088   Data          16  stm32f4xx_rcc.o(.data)
    .data                                    0x20000098   Section        4  delay.o(.data)
    fac_us                                   0x20000098   Data           1  delay.o(.data)
    fac_ms                                   0x2000009a   Data           2  delay.o(.data)
    .data                                    0x2000009c   Section       44  hmc5883l.o(.data)
    .data                                    0x200000c8   Section      892  imu.o(.data)
    rateroll                                 0x200000cc   Data           4  imu.o(.data)
    ratepitch                                0x200000d0   Data           4  imu.o(.data)
    rateyaw                                  0x200000d4   Data           4  imu.o(.data)
    .data                                    0x20000444   Section       20  mpu6050.o(.data)
    .data                                    0x20000458   Section        2  ioi2c.o(.data)
    .data                                    0x20000460   Section       48  ms5611.o(.data)
    .data                                    0x20000490   Section       96  kalman.o(.data)
    .data                                    0x200004f0   Section        4  my_printf.o(.data)
    .data                                    0x200004f4   Section        4  errno.o(.data)
    _errno                                   0x200004f4   Data           4  errno.o(.data)
    .bss                                     0x200004f8   Section       48  main.o(.bss)
    .bss                                     0x20000528   Section       58  stm32f4xx_it.o(.bss)
    .bss                                     0x20000564   Section       48  copter_config.o(.bss)
    .bss                                     0x20000594   Section       66  hmc5883l.o(.bss)
    .bss                                     0x200005d8   Section     3232  imu.o(.bss)
    lastacc                                  0x20000680   Data          12  imu.o(.bss)
    q                                        0x2000068c   Data          16  imu.o(.bss)
    IMU_unscaled                             0x20001248   Data          12  imu.o(.bss)
    IMU_data                                 0x20001254   Data          36  imu.o(.bss)
    .bss                                     0x20001278   Section      146  mpu6050.o(.bss)
    .bss                                     0x2000130a   Section       12  ms5611.o(.bss)
    .bss                                     0x20001318   Section       32  kalman.o(.bss)
    STACK                                    0x20001338   Section     1024  startup_stm32f40_41xxx.o(STACK)

    Global Symbols

    Symbol Name                              Value     Ov Type        Size  Object(Section)

    BuildAttributes$$THM_ISAv4$E$P$D$K$B$S$7EM$VFPi3$EXTD16$VFPS$VFMA$PE$A:L22UL41UL21$X:L11$S22US41US21$IEEE1$IW$USESV6$~STKCKD$USESV7$~SHL$OTIME$ROPI$IEEEX$EBA8$MICROLIB$REQ8$PRES8$EABIv2 0x00000000   Number         0  anon$$obj.o ABSOLUTE
    __ARM_use_no_argv                        0x00000000   Number         0  main.o ABSOLUTE
    __use_no_errno                           0x00000000   Number         0  useno.o ABSOLUTE
    __use_no_exception_handling              0x00000000   Number         0  useno.o ABSOLUTE
    __use_no_fp                              0x00000000   Number         0  useno.o ABSOLUTE
    __use_no_heap                            0x00000000   Number         0  useno.o ABSOLUTE
    __use_no_heap_region                     0x00000000   Number         0  useno.o ABSOLUTE
    __use_no_semihosting                     0x00000000   Number         0  useno.o ABSOLUTE
    __use_no_semihosting_swi                 0x00000000   Number         0  useno.o ABSOLUTE
    __use_no_signal_handling                 0x00000000   Number         0  useno.o ABSOLUTE
    __cpp_initialize__aeabi_                  - Undefined Weak Reference
    __cxa_finalize                            - Undefined Weak Reference
    _clock_init                               - Undefined Weak Reference
    _microlib_exit                            - Undefined Weak Reference
    __Vectors_Size                           0x00000188   Number         0  startup_stm32f40_41xxx.o ABSOLUTE
    __Vectors                                0x08000000   Data           4  startup_stm32f40_41xxx.o(RESET)
    __Vectors_End                            0x08000188   Data           0  startup_stm32f40_41xxx.o(RESET)
    __main                                   0x08000189   Thumb Code     0  entry.o(.ARM.Collect$$$$00000000)
    _main_stk                                0x08000189   Thumb Code     0  entry2.o(.ARM.Collect$$$$00000001)
    _main_scatterload                        0x0800018d   Thumb Code     0  entry5.o(.ARM.Collect$$$$00000004)
    __main_after_scatterload                 0x08000191   Thumb Code     0  entry5.o(.ARM.Collect$$$$00000004)
    _main_clock                              0x08000191   Thumb Code     0  entry7b.o(.ARM.Collect$$$$00000008)
    _main_cpp_init                           0x08000191   Thumb Code     0  entry8b.o(.ARM.Collect$$$$0000000A)
    _main_init                               0x08000191   Thumb Code     0  entry9a.o(.ARM.Collect$$$$0000000B)
    __rt_final_cpp                           0x08000199   Thumb Code     0  entry10a.o(.ARM.Collect$$$$0000000D)
    __rt_final_exit                          0x08000199   Thumb Code     0  entry11a.o(.ARM.Collect$$$$0000000F)
    Initial_System_Timer                     0x0800019d   Thumb Code    60  main.o(.text)
    get_Baro                                 0x080001d9   Thumb Code    92  main.o(.text)
    main                                     0x08000235   Thumb Code   280  main.o(.text)
    NMI_Handler                              0x080003ad   Thumb Code     2  stm32f4xx_it.o(.text)
    HardFault_Handler                        0x080003af   Thumb Code     2  stm32f4xx_it.o(.text)
    MemManage_Handler                        0x080003b1   Thumb Code     2  stm32f4xx_it.o(.text)
    BusFault_Handler                         0x080003b3   Thumb Code     2  stm32f4xx_it.o(.text)
    UsageFault_Handler                       0x080003b5   Thumb Code     2  stm32f4xx_it.o(.text)
    SVC_Handler                              0x080003b7   Thumb Code     2  stm32f4xx_it.o(.text)
    DebugMon_Handler                         0x080003b9   Thumb Code     2  stm32f4xx_it.o(.text)
    PendSV_Handler                           0x080003bb   Thumb Code     2  stm32f4xx_it.o(.text)
    SysTick_Handler                          0x080003bd   Thumb Code     2  stm32f4xx_it.o(.text)
    RC_update                                0x080003bf   Thumb Code    26  stm32f4xx_it.o(.text)
    EXTI1_IRQHandler                         0x080003d9   Thumb Code    96  stm32f4xx_it.o(.text)
    rcv_USART_handler                        0x08000439   Thumb Code     2  stm32f4xx_it.o(.text)
    USART2_IRQHandler                        0x0800043b   Thumb Code    62  stm32f4xx_it.o(.text)
    send_USART_PC                            0x08000479   Thumb Code     2  stm32f4xx_it.o(.text)
    EXTI9_5_IRQHandler                       0x0800047b   Thumb Code   138  stm32f4xx_it.o(.text)
    SystemInit                               0x080005d3   Thumb Code    74  system_stm32f4xx.o(.text)
    SystemCoreClockUpdate                    0x0800061d   Thumb Code   108  system_stm32f4xx.o(.text)
    board_leds_config                        0x080006ad   Thumb Code    74  copter_config.o(.text)
    TIM_PWM_Configuration                    0x080006f7   Thumb Code   234  copter_config.o(.text)
    exti_gpio_config                         0x080007e1   Thumb Code   124  copter_config.o(.text)
    usart_printf_config                      0x0800085d   Thumb Code   148  copter_config.o(.text)
    Reset_Handler                            0x08000911   Thumb Code     8  startup_stm32f40_41xxx.o(.text)
    ADC_IRQHandler                           0x0800092b   Thumb Code     0  startup_stm32f40_41xxx.o(.text)
    CAN1_RX0_IRQHandler                      0x0800092b   Thumb Code     0  startup_stm32f40_41xxx.o(.text)
    CAN1_RX1_IRQHandler                      0x0800092b   Thumb Code     0  startup_stm32f40_41xxx.o(.text)
    CAN1_SCE_IRQHandler                      0x0800092b   Thumb Code     0  startup_stm32f40_41xxx.o(.text)
    CAN1_TX_IRQHandler                       0x0800092b   Thumb Code     0  startup_stm32f40_41xxx.o(.text)
    CAN2_RX0_IRQHandler                      0x0800092b   Thumb Code     0  startup_stm32f40_41xxx.o(.text)
    CAN2_RX1_IRQHandler                      0x0800092b   Thumb Code     0  startup_stm32f40_41xxx.o(.text)
    CAN2_SCE_IRQHandler                      0x0800092b   Thumb Code     0  startup_stm32f40_41xxx.o(.text)
    CAN2_TX_IRQHandler                       0x0800092b   Thumb Code     0  startup_stm32f40_41xxx.o(.text)
    CRYP_IRQHandler                          0x0800092b   Thumb Code     0  startup_stm32f40_41xxx.o(.text)
    DCMI_IRQHandler                          0x0800092b   Thumb Code     0  startup_stm32f40_41xxx.o(.text)
    DMA1_Stream0_IRQHandler                  0x0800092b   Thumb Code     0  startup_stm32f40_41xxx.o(.text)
    DMA1_Stream1_IRQHandler                  0x0800092b   Thumb Code     0  startup_stm32f40_41xxx.o(.text)
    DMA1_Stream2_IRQHandler                  0x0800092b   Thumb Code     0  startup_stm32f40_41xxx.o(.text)
    DMA1_Stream3_IRQHandler                  0x0800092b   Thumb Code     0  startup_stm32f40_41xxx.o(.text)
    DMA1_Stream4_IRQHandler                  0x0800092b   Thumb Code     0  startup_stm32f40_41xxx.o(.text)
    DMA1_Stream5_IRQHandler                  0x0800092b   Thumb Code     0  startup_stm32f40_41xxx.o(.text)
    DMA1_Stream6_IRQHandler                  0x0800092b   Thumb Code     0  startup_stm32f40_41xxx.o(.text)
    DMA1_Stream7_IRQHandler                  0x0800092b   Thumb Code     0  startup_stm32f40_41xxx.o(.text)
    DMA2_Stream0_IRQHandler                  0x0800092b   Thumb Code     0  startup_stm32f40_41xxx.o(.text)
    DMA2_Stream1_IRQHandler                  0x0800092b   Thumb Code     0  startup_stm32f40_41xxx.o(.text)
    DMA2_Stream2_IRQHandler                  0x0800092b   Thumb Code     0  startup_stm32f40_41xxx.o(.text)
    DMA2_Stream3_IRQHandler                  0x0800092b   Thumb Code     0  startup_stm32f40_41xxx.o(.text)
    DMA2_Stream4_IRQHandler                  0x0800092b   Thumb Code     0  startup_stm32f40_41xxx.o(.text)
    DMA2_Stream5_IRQHandler                  0x0800092b   Thumb Code     0  startup_stm32f40_41xxx.o(.text)
    DMA2_Stream6_IRQHandler                  0x0800092b   Thumb Code     0  startup_stm32f40_41xxx.o(.text)
    DMA2_Stream7_IRQHandler                  0x0800092b   Thumb Code     0  startup_stm32f40_41xxx.o(.text)
    ETH_IRQHandler                           0x0800092b   Thumb Code     0  startup_stm32f40_41xxx.o(.text)
    ETH_WKUP_IRQHandler                      0x0800092b   Thumb Code     0  startup_stm32f40_41xxx.o(.text)
    EXTI0_IRQHandler                         0x0800092b   Thumb Code     0  startup_stm32f40_41xxx.o(.text)
    EXTI15_10_IRQHandler                     0x0800092b   Thumb Code     0  startup_stm32f40_41xxx.o(.text)
    EXTI2_IRQHandler                         0x0800092b   Thumb Code     0  startup_stm32f40_41xxx.o(.text)
    EXTI3_IRQHandler                         0x0800092b   Thumb Code     0  startup_stm32f40_41xxx.o(.text)
    EXTI4_IRQHandler                         0x0800092b   Thumb Code     0  startup_stm32f40_41xxx.o(.text)
    FLASH_IRQHandler                         0x0800092b   Thumb Code     0  startup_stm32f40_41xxx.o(.text)
    FPU_IRQHandler                           0x0800092b   Thumb Code     0  startup_stm32f40_41xxx.o(.text)
    FSMC_IRQHandler                          0x0800092b   Thumb Code     0  startup_stm32f40_41xxx.o(.text)
    HASH_RNG_IRQHandler                      0x0800092b   Thumb Code     0  startup_stm32f40_41xxx.o(.text)
    I2C1_ER_IRQHandler                       0x0800092b   Thumb Code     0  startup_stm32f40_41xxx.o(.text)
    I2C1_EV_IRQHandler                       0x0800092b   Thumb Code     0  startup_stm32f40_41xxx.o(.text)
    I2C2_ER_IRQHandler                       0x0800092b   Thumb Code     0  startup_stm32f40_41xxx.o(.text)
    I2C2_EV_IRQHandler                       0x0800092b   Thumb Code     0  startup_stm32f40_41xxx.o(.text)
    I2C3_ER_IRQHandler                       0x0800092b   Thumb Code     0  startup_stm32f40_41xxx.o(.text)
    I2C3_EV_IRQHandler                       0x0800092b   Thumb Code     0  startup_stm32f40_41xxx.o(.text)
    OTG_FS_IRQHandler                        0x0800092b   Thumb Code     0  startup_stm32f40_41xxx.o(.text)
    OTG_FS_WKUP_IRQHandler                   0x0800092b   Thumb Code     0  startup_stm32f40_41xxx.o(.text)
    OTG_HS_EP1_IN_IRQHandler                 0x0800092b   Thumb Code     0  startup_stm32f40_41xxx.o(.text)
    OTG_HS_EP1_OUT_IRQHandler                0x0800092b   Thumb Code     0  startup_stm32f40_41xxx.o(.text)
    OTG_HS_IRQHandler                        0x0800092b   Thumb Code     0  startup_stm32f40_41xxx.o(.text)
    OTG_HS_WKUP_IRQHandler                   0x0800092b   Thumb Code     0  startup_stm32f40_41xxx.o(.text)
    PVD_IRQHandler                           0x0800092b   Thumb Code     0  startup_stm32f40_41xxx.o(.text)
    RCC_IRQHandler                           0x0800092b   Thumb Code     0  startup_stm32f40_41xxx.o(.text)
    RTC_Alarm_IRQHandler                     0x0800092b   Thumb Code     0  startup_stm32f40_41xxx.o(.text)
    RTC_WKUP_IRQHandler                      0x0800092b   Thumb Code     0  startup_stm32f40_41xxx.o(.text)
    SDIO_IRQHandler                          0x0800092b   Thumb Code     0  startup_stm32f40_41xxx.o(.text)
    SPI1_IRQHandler                          0x0800092b   Thumb Code     0  startup_stm32f40_41xxx.o(.text)
    SPI2_IRQHandler                          0x0800092b   Thumb Code     0  startup_stm32f40_41xxx.o(.text)
    SPI3_IRQHandler                          0x0800092b   Thumb Code     0  startup_stm32f40_41xxx.o(.text)
    TAMP_STAMP_IRQHandler                    0x0800092b   Thumb Code     0  startup_stm32f40_41xxx.o(.text)
    TIM1_BRK_TIM9_IRQHandler                 0x0800092b   Thumb Code     0  startup_stm32f40_41xxx.o(.text)
    TIM1_CC_IRQHandler                       0x0800092b   Thumb Code     0  startup_stm32f40_41xxx.o(.text)
    TIM1_TRG_COM_TIM11_IRQHandler            0x0800092b   Thumb Code     0  startup_stm32f40_41xxx.o(.text)
    TIM1_UP_TIM10_IRQHandler                 0x0800092b   Thumb Code     0  startup_stm32f40_41xxx.o(.text)
    TIM2_IRQHandler                          0x0800092b   Thumb Code     0  startup_stm32f40_41xxx.o(.text)
    TIM3_IRQHandler                          0x0800092b   Thumb Code     0  startup_stm32f40_41xxx.o(.text)
    TIM4_IRQHandler                          0x0800092b   Thumb Code     0  startup_stm32f40_41xxx.o(.text)
    TIM5_IRQHandler                          0x0800092b   Thumb Code     0  startup_stm32f40_41xxx.o(.text)
    TIM6_DAC_IRQHandler                      0x0800092b   Thumb Code     0  startup_stm32f40_41xxx.o(.text)
    TIM7_IRQHandler                          0x0800092b   Thumb Code     0  startup_stm32f40_41xxx.o(.text)
    TIM8_BRK_TIM12_IRQHandler                0x0800092b   Thumb Code     0  startup_stm32f40_41xxx.o(.text)
    TIM8_CC_IRQHandler                       0x0800092b   Thumb Code     0  startup_stm32f40_41xxx.o(.text)
    TIM8_TRG_COM_TIM14_IRQHandler            0x0800092b   Thumb Code     0  startup_stm32f40_41xxx.o(.text)
    TIM8_UP_TIM13_IRQHandler                 0x0800092b   Thumb Code     0  startup_stm32f40_41xxx.o(.text)
    UART4_IRQHandler                         0x0800092b   Thumb Code     0  startup_stm32f40_41xxx.o(.text)
    UART5_IRQHandler                         0x0800092b   Thumb Code     0  startup_stm32f40_41xxx.o(.text)
    USART1_IRQHandler                        0x0800092b   Thumb Code     0  startup_stm32f40_41xxx.o(.text)
    USART3_IRQHandler                        0x0800092b   Thumb Code     0  startup_stm32f40_41xxx.o(.text)
    USART6_IRQHandler                        0x0800092b   Thumb Code     0  startup_stm32f40_41xxx.o(.text)
    WWDG_IRQHandler                          0x0800092b   Thumb Code     0  startup_stm32f40_41xxx.o(.text)
    NVIC_PriorityGroupConfig                 0x08000935   Thumb Code    10  misc.o(.text)
    NVIC_Init                                0x0800093f   Thumb Code    96  misc.o(.text)
    NVIC_SetVectorTable                      0x0800099f   Thumb Code    14  misc.o(.text)
    NVIC_SystemLPConfig                      0x080009ad   Thumb Code    20  misc.o(.text)
    SysTick_CLKSourceConfig                  0x080009c1   Thumb Code    24  misc.o(.text)
    EXTI_DeInit                              0x080009e5   Thumb Code    28  stm32f4xx_exti.o(.text)
    EXTI_Init                                0x08000a01   Thumb Code   108  stm32f4xx_exti.o(.text)
    EXTI_StructInit                          0x08000a6d   Thumb Code    14  stm32f4xx_exti.o(.text)
    EXTI_GenerateSWInterrupt                 0x08000a7b   Thumb Code    12  stm32f4xx_exti.o(.text)
    EXTI_GetFlagStatus                       0x08000a87   Thumb Code    18  stm32f4xx_exti.o(.text)
    EXTI_ClearFlag                           0x08000a99   Thumb Code     8  stm32f4xx_exti.o(.text)
    EXTI_GetITStatus                         0x08000aa1   Thumb Code    18  stm32f4xx_exti.o(.text)
    EXTI_ClearITPendingBit                   0x08000ab3   Thumb Code     8  stm32f4xx_exti.o(.text)
    GPIO_DeInit                              0x08000ac5   Thumb Code   216  stm32f4xx_gpio.o(.text)
    GPIO_Init                                0x08000b9d   Thumb Code   120  stm32f4xx_gpio.o(.text)
    GPIO_StructInit                          0x08000c15   Thumb Code    18  stm32f4xx_gpio.o(.text)
    GPIO_PinLockConfig                       0x08000c27   Thumb Code    24  stm32f4xx_gpio.o(.text)
    GPIO_ReadInputDataBit                    0x08000c3f   Thumb Code    14  stm32f4xx_gpio.o(.text)
    GPIO_ReadInputData                       0x08000c4d   Thumb Code     6  stm32f4xx_gpio.o(.text)
    GPIO_ReadOutputDataBit                   0x08000c53   Thumb Code    14  stm32f4xx_gpio.o(.text)
    GPIO_ReadOutputData                      0x08000c61   Thumb Code     6  stm32f4xx_gpio.o(.text)
    GPIO_SetBits                             0x08000c67   Thumb Code     4  stm32f4xx_gpio.o(.text)
    GPIO_ResetBits                           0x08000c6b   Thumb Code     4  stm32f4xx_gpio.o(.text)
    GPIO_WriteBit                            0x08000c6f   Thumb Code    10  stm32f4xx_gpio.o(.text)
    GPIO_Write                               0x08000c79   Thumb Code     4  stm32f4xx_gpio.o(.text)
    GPIO_ToggleBits                          0x08000c7d   Thumb Code     8  stm32f4xx_gpio.o(.text)
    GPIO_PinAFConfig                         0x08000c85   Thumb Code    32  stm32f4xx_gpio.o(.text)
    RCC_DeInit                               0x08000cd1   Thumb Code    68  stm32f4xx_rcc.o(.text)
    RCC_HSEConfig                            0x08000d15   Thumb Code    12  stm32f4xx_rcc.o(.text)
    RCC_GetFlagStatus                        0x08000d21   Thumb Code    46  stm32f4xx_rcc.o(.text)
    RCC_WaitForHSEStartUp                    0x08000d4f   Thumb Code    44  stm32f4xx_rcc.o(.text)
    RCC_AdjustHSICalibrationValue            0x08000d7b   Thumb Code    16  stm32f4xx_rcc.o(.text)
    RCC_HSICmd                               0x08000d8b   Thumb Code     6  stm32f4xx_rcc.o(.text)
    RCC_LSEConfig                            0x08000d91   Thumb Code    24  stm32f4xx_rcc.o(.text)
    RCC_LSICmd                               0x08000da9   Thumb Code     6  stm32f4xx_rcc.o(.text)
    RCC_PLLConfig                            0x08000daf   Thumb Code    32  stm32f4xx_rcc.o(.text)
    RCC_PLLCmd                               0x08000dcf   Thumb Code     6  stm32f4xx_rcc.o(.text)
    RCC_PLLI2SConfig                         0x08000dd5   Thumb Code    14  stm32f4xx_rcc.o(.text)
    RCC_PLLI2SCmd                            0x08000de3   Thumb Code     6  stm32f4xx_rcc.o(.text)
    RCC_PLLSAIConfig                         0x08000de9   Thumb Code    18  stm32f4xx_rcc.o(.text)
    RCC_PLLSAICmd                            0x08000dfb   Thumb Code     6  stm32f4xx_rcc.o(.text)
    RCC_ClockSecuritySystemCmd               0x08000e01   Thumb Code     6  stm32f4xx_rcc.o(.text)
    RCC_MCO1Config                           0x08000e07   Thumb Code    18  stm32f4xx_rcc.o(.text)
    RCC_MCO2Config                           0x08000e19   Thumb Code    18  stm32f4xx_rcc.o(.text)
    RCC_SYSCLKConfig                         0x08000e2b   Thumb Code    16  stm32f4xx_rcc.o(.text)
    RCC_GetSYSCLKSource                      0x08000e3b   Thumb Code    12  stm32f4xx_rcc.o(.text)
    RCC_HCLKConfig                           0x08000e47   Thumb Code    16  stm32f4xx_rcc.o(.text)
    RCC_PCLK1Config                          0x08000e57   Thumb Code    16  stm32f4xx_rcc.o(.text)
    RCC_PCLK2Config                          0x08000e67   Thumb Code    18  stm32f4xx_rcc.o(.text)
    RCC_GetClocksFreq                        0x08000e79   Thumb Code   134  stm32f4xx_rcc.o(.text)
    RCC_RTCCLKConfig                         0x08000eff   Thumb Code    42  stm32f4xx_rcc.o(.text)
    RCC_RTCCLKCmd                            0x08000f29   Thumb Code     8  stm32f4xx_rcc.o(.text)
    RCC_BackupResetCmd                       0x08000f31   Thumb Code     8  stm32f4xx_rcc.o(.text)
    RCC_I2SCLKConfig                         0x08000f39   Thumb Code     8  stm32f4xx_rcc.o(.text)
    RCC_SAIPLLI2SClkDivConfig                0x08000f41   Thumb Code    18  stm32f4xx_rcc.o(.text)
    RCC_SAIPLLSAIClkDivConfig                0x08000f53   Thumb Code    24  stm32f4xx_rcc.o(.text)
    RCC_SAIBlockACLKConfig                   0x08000f6b   Thumb Code    16  stm32f4xx_rcc.o(.text)
    RCC_SAIBlockBCLKConfig                   0x08000f7b   Thumb Code    16  stm32f4xx_rcc.o(.text)
    RCC_LTDCCLKDivConfig                     0x08000f8b   Thumb Code    16  stm32f4xx_rcc.o(.text)
    RCC_TIMCLKPresConfig                     0x08000f9b   Thumb Code     8  stm32f4xx_rcc.o(.text)
    RCC_AHB1PeriphClockCmd                   0x08000fa3   Thumb Code    20  stm32f4xx_rcc.o(.text)
    RCC_AHB2PeriphClockCmd                   0x08000fb7   Thumb Code    20  stm32f4xx_rcc.o(.text)
    RCC_AHB3PeriphClockCmd                   0x08000fcb   Thumb Code    20  stm32f4xx_rcc.o(.text)
    RCC_APB1PeriphClockCmd                   0x08000fdf   Thumb Code    20  stm32f4xx_rcc.o(.text)
    RCC_APB2PeriphClockCmd                   0x08000ff3   Thumb Code    20  stm32f4xx_rcc.o(.text)
    RCC_AHB1PeriphResetCmd                   0x08001007   Thumb Code    20  stm32f4xx_rcc.o(.text)
    RCC_AHB2PeriphResetCmd                   0x0800101b   Thumb Code    20  stm32f4xx_rcc.o(.text)
    RCC_AHB3PeriphResetCmd                   0x0800102f   Thumb Code    20  stm32f4xx_rcc.o(.text)
    RCC_APB1PeriphResetCmd                   0x08001043   Thumb Code    20  stm32f4xx_rcc.o(.text)
    RCC_APB2PeriphResetCmd                   0x08001057   Thumb Code    20  stm32f4xx_rcc.o(.text)
    RCC_AHB1PeriphClockLPModeCmd             0x0800106b   Thumb Code    20  stm32f4xx_rcc.o(.text)
    RCC_AHB2PeriphClockLPModeCmd             0x0800107f   Thumb Code    20  stm32f4xx_rcc.o(.text)
    RCC_AHB3PeriphClockLPModeCmd             0x08001093   Thumb Code    20  stm32f4xx_rcc.o(.text)
    RCC_APB1PeriphClockLPModeCmd             0x080010a7   Thumb Code    64  stm32f4xx_rcc.o(.text)
    RCC_APB2PeriphClockLPModeCmd             0x080010e7   Thumb Code    18  stm32f4xx_rcc.o(.text)
    RCC_LSEModeConfig                        0x080010f9   Thumb Code    24  stm32f4xx_rcc.o(.text)
    RCC_ITConfig                             0x08001111   Thumb Code    20  stm32f4xx_rcc.o(.text)
    RCC_ClearFlag                            0x08001125   Thumb Code    14  stm32f4xx_rcc.o(.text)
    RCC_GetITStatus                          0x08001133   Thumb Code    18  stm32f4xx_rcc.o(.text)
    RCC_ClearITPendingBit                    0x08001145   Thumb Code     8  stm32f4xx_rcc.o(.text)
    SYSCFG_DeInit                            0x08001151   Thumb Code    24  stm32f4xx_syscfg.o(.text)
    SYSCFG_MemoryRemapConfig                 0x08001169   Thumb Code     6  stm32f4xx_syscfg.o(.text)
    SYSCFG_MemorySwappingBank                0x0800116f   Thumb Code     6  stm32f4xx_syscfg.o(.text)
    SYSCFG_EXTILineConfig                    0x08001175   Thumb Code    42  stm32f4xx_syscfg.o(.text)
    SYSCFG_ETH_MediaInterfaceConfig          0x0800119f   Thumb Code     8  stm32f4xx_syscfg.o(.text)
    SYSCFG_CompensationCellCmd               0x080011a7   Thumb Code     6  stm32f4xx_syscfg.o(.text)
    SYSCFG_GetCompensationCellStatus         0x080011ad   Thumb Code    16  stm32f4xx_syscfg.o(.text)
    TIM_DeInit                               0x080011cd   Thumb Code   284  stm32f4xx_tim.o(.text)
    TIM_TimeBaseInit                         0x080012e9   Thumb Code    96  stm32f4xx_tim.o(.text)
    TIM_TimeBaseStructInit                   0x08001349   Thumb Code    18  stm32f4xx_tim.o(.text)
    TIM_PrescalerConfig                      0x0800135b   Thumb Code     6  stm32f4xx_tim.o(.text)
    TIM_CounterModeConfig                    0x08001361   Thumb Code    12  stm32f4xx_tim.o(.text)
    TIM_SetCounter                           0x0800136d   Thumb Code     4  stm32f4xx_tim.o(.text)
    TIM_SetAutoreload                        0x08001371   Thumb Code     4  stm32f4xx_tim.o(.text)
    TIM_GetCounter                           0x08001375   Thumb Code     4  stm32f4xx_tim.o(.text)
    TIM_GetPrescaler                         0x08001379   Thumb Code     4  stm32f4xx_tim.o(.text)
    TIM_UpdateDisableConfig                  0x0800137d   Thumb Code    20  stm32f4xx_tim.o(.text)
    TIM_UpdateRequestConfig                  0x08001391   Thumb Code    20  stm32f4xx_tim.o(.text)
    TIM_ARRPreloadConfig                     0x080013a5   Thumb Code    20  stm32f4xx_tim.o(.text)
    TIM_SelectOnePulseMode                   0x080013b9   Thumb Code    16  stm32f4xx_tim.o(.text)
    TIM_SetClockDivision                     0x080013c9   Thumb Code    16  stm32f4xx_tim.o(.text)
    TIM_Cmd                                  0x080013d9   Thumb Code    20  stm32f4xx_tim.o(.text)
    TIM_OC1Init                              0x080013ed   Thumb Code    88  stm32f4xx_tim.o(.text)
    TIM_OC2Init                              0x08001445   Thumb Code   120  stm32f4xx_tim.o(.text)
    TIM_OC3Init                              0x080014bd   Thumb Code   116  stm32f4xx_tim.o(.text)
    TIM_OC4Init                              0x08001531   Thumb Code    88  stm32f4xx_tim.o(.text)
    TIM_OCStructInit                         0x08001589   Thumb Code    20  stm32f4xx_tim.o(.text)
    TIM_SelectOCxM                           0x0800159d   Thumb Code   130  stm32f4xx_tim.o(.text)
    TIM_SetCompare1                          0x0800161f   Thumb Code     4  stm32f4xx_tim.o(.text)
    TIM_SetCompare2                          0x08001623   Thumb Code     4  stm32f4xx_tim.o(.text)
    TIM_SetCompare3                          0x08001627   Thumb Code     4  stm32f4xx_tim.o(.text)
    TIM_SetCompare4                          0x0800162b   Thumb Code     4  stm32f4xx_tim.o(.text)
    TIM_ForcedOC1Config                      0x0800162f   Thumb Code    12  stm32f4xx_tim.o(.text)
    TIM_ForcedOC2Config                      0x0800163b   Thumb Code    20  stm32f4xx_tim.o(.text)
    TIM_ForcedOC3Config                      0x0800164f   Thumb Code    12  stm32f4xx_tim.o(.text)
    TIM_ForcedOC4Config                      0x0800165b   Thumb Code    20  stm32f4xx_tim.o(.text)
    TIM_OC1PreloadConfig                     0x0800166f   Thumb Code    12  stm32f4xx_tim.o(.text)
    TIM_OC2PreloadConfig                     0x0800167b   Thumb Code    20  stm32f4xx_tim.o(.text)
    TIM_OC3PreloadConfig                     0x0800168f   Thumb Code    12  stm32f4xx_tim.o(.text)
    TIM_OC4PreloadConfig                     0x0800169b   Thumb Code    20  stm32f4xx_tim.o(.text)
    TIM_OC1FastConfig                        0x080016af   Thumb Code    12  stm32f4xx_tim.o(.text)
    TIM_OC2FastConfig                        0x080016bb   Thumb Code    20  stm32f4xx_tim.o(.text)
    TIM_OC3FastConfig                        0x080016cf   Thumb Code    12  stm32f4xx_tim.o(.text)
    TIM_OC4FastConfig                        0x080016db   Thumb Code    20  stm32f4xx_tim.o(.text)
    TIM_ClearOC1Ref                          0x080016ef   Thumb Code    12  stm32f4xx_tim.o(.text)
    TIM_ClearOC2Ref                          0x080016fb   Thumb Code    20  stm32f4xx_tim.o(.text)
    TIM_ClearOC3Ref                          0x0800170f   Thumb Code    12  stm32f4xx_tim.o(.text)
    TIM_ClearOC4Ref                          0x0800171b   Thumb Code    20  stm32f4xx_tim.o(.text)
    TIM_OC1PolarityConfig                    0x0800172f   Thumb Code    12  stm32f4xx_tim.o(.text)
    TIM_OC1NPolarityConfig                   0x0800173b   Thumb Code    12  stm32f4xx_tim.o(.text)
    TIM_OC2PolarityConfig                    0x08001747   Thumb Code    20  stm32f4xx_tim.o(.text)
    TIM_OC2NPolarityConfig                   0x0800175b   Thumb Code    20  stm32f4xx_tim.o(.text)
    TIM_OC3PolarityConfig                    0x0800176f   Thumb Code    20  stm32f4xx_tim.o(.text)
    TIM_OC3NPolarityConfig                   0x08001783   Thumb Code    20  stm32f4xx_tim.o(.text)
    TIM_OC4PolarityConfig                    0x08001797   Thumb Code    20  stm32f4xx_tim.o(.text)
    TIM_CCxCmd                               0x080017ab   Thumb Code    22  stm32f4xx_tim.o(.text)
    TIM_CCxNCmd                              0x080017c1   Thumb Code    22  stm32f4xx_tim.o(.text)
    TIM_SetIC4Prescaler                      0x080017d7   Thumb Code    24  stm32f4xx_tim.o(.text)
    TIM_SetIC3Prescaler                      0x080017ef   Thumb Code    16  stm32f4xx_tim.o(.text)
    TIM_SetIC2Prescaler                      0x080017ff   Thumb Code    24  stm32f4xx_tim.o(.text)
    TIM_SetIC1Prescaler                      0x0800184d   Thumb Code    16  stm32f4xx_tim.o(.text)
    TIM_ICInit                               0x0800185d   Thumb Code   164  stm32f4xx_tim.o(.text)
    TIM_ICStructInit                         0x08001901   Thumb Code    16  stm32f4xx_tim.o(.text)
    TIM_PWMIConfig                           0x08001911   Thumb Code   104  stm32f4xx_tim.o(.text)
    TIM_GetCapture1                          0x08001979   Thumb Code     4  stm32f4xx_tim.o(.text)
    TIM_GetCapture2                          0x0800197d   Thumb Code     4  stm32f4xx_tim.o(.text)
    TIM_GetCapture3                          0x08001981   Thumb Code     4  stm32f4xx_tim.o(.text)
    TIM_GetCapture4                          0x08001985   Thumb Code     4  stm32f4xx_tim.o(.text)
    TIM_BDTRConfig                           0x08001989   Thumb Code    34  stm32f4xx_tim.o(.text)
    TIM_BDTRStructInit                       0x080019ab   Thumb Code    18  stm32f4xx_tim.o(.text)
    TIM_CtrlPWMOutputs                       0x080019bd   Thumb Code    22  stm32f4xx_tim.o(.text)
    TIM_SelectCOM                            0x080019d3   Thumb Code    20  stm32f4xx_tim.o(.text)
    TIM_CCPreloadControl                     0x080019e7   Thumb Code    20  stm32f4xx_tim.o(.text)
    TIM_ITConfig                             0x080019fb   Thumb Code    16  stm32f4xx_tim.o(.text)
    TIM_GenerateEvent                        0x08001a0b   Thumb Code     4  stm32f4xx_tim.o(.text)
    TIM_GetFlagStatus                        0x08001a0f   Thumb Code    14  stm32f4xx_tim.o(.text)
    TIM_ClearFlag                            0x08001a1d   Thumb Code     6  stm32f4xx_tim.o(.text)
    TIM_GetITStatus                          0x08001a23   Thumb Code    24  stm32f4xx_tim.o(.text)
    TIM_ClearITPendingBit                    0x08001a3b   Thumb Code     6  stm32f4xx_tim.o(.text)
    TIM_DMAConfig                            0x08001a41   Thumb Code     8  stm32f4xx_tim.o(.text)
    TIM_DMACmd                               0x08001a49   Thumb Code    16  stm32f4xx_tim.o(.text)
    TIM_SelectCCDMA                          0x08001a59   Thumb Code    20  stm32f4xx_tim.o(.text)
    TIM_InternalClockConfig                  0x08001a6d   Thumb Code    10  stm32f4xx_tim.o(.text)
    TIM_SelectInputTrigger                   0x08001a77   Thumb Code    12  stm32f4xx_tim.o(.text)
    TIM_ITRxExternalClockConfig              0x08001a83   Thumb Code    18  stm32f4xx_tim.o(.text)
    TIM_TIxExternalClockConfig               0x08001a95   Thumb Code    46  stm32f4xx_tim.o(.text)
    TIM_ETRConfig                            0x08001ac3   Thumb Code    24  stm32f4xx_tim.o(.text)
    TIM_ETRClockMode1Config                  0x08001adb   Thumb Code    18  stm32f4xx_tim.o(.text)
    TIM_ETRClockMode2Config                  0x08001aed   Thumb Code    18  stm32f4xx_tim.o(.text)
    TIM_SelectOutputTrigger                  0x08001aff   Thumb Code    16  stm32f4xx_tim.o(.text)
    TIM_SelectSlaveMode                      0x08001b0f   Thumb Code    16  stm32f4xx_tim.o(.text)
    TIM_SelectMasterSlaveMode                0x08001b1f   Thumb Code    16  stm32f4xx_tim.o(.text)
    TIM_EncoderInterfaceConfig               0x08001b2f   Thumb Code    50  stm32f4xx_tim.o(.text)
    TIM_SelectHallSensor                     0x08001b61   Thumb Code    20  stm32f4xx_tim.o(.text)
    TIM_RemapConfig                          0x08001b75   Thumb Code     6  stm32f4xx_tim.o(.text)
    USART_DeInit                             0x08001ba9   Thumb Code   138  stm32f4xx_usart.o(.text)
    USART_Init                               0x08001c33   Thumb Code   164  stm32f4xx_usart.o(.text)
    USART_StructInit                         0x08001cd7   Thumb Code    22  stm32f4xx_usart.o(.text)
    USART_ClockInit                          0x08001ced   Thumb Code    28  stm32f4xx_usart.o(.text)
    USART_ClockStructInit                    0x08001d09   Thumb Code    12  stm32f4xx_usart.o(.text)
    USART_Cmd                                0x08001d15   Thumb Code    20  stm32f4xx_usart.o(.text)
    USART_SetPrescaler                       0x08001d29   Thumb Code    16  stm32f4xx_usart.o(.text)
    USART_OverSampling8Cmd                   0x08001d39   Thumb Code    20  stm32f4xx_usart.o(.text)
    USART_OneBitMethodCmd                    0x08001d4d   Thumb Code    20  stm32f4xx_usart.o(.text)
    USART_SendData                           0x08001d61   Thumb Code     8  stm32f4xx_usart.o(.text)
    USART_ReceiveData                        0x08001d69   Thumb Code     8  stm32f4xx_usart.o(.text)
    USART_SetAddress                         0x08001d71   Thumb Code    16  stm32f4xx_usart.o(.text)
    USART_ReceiverWakeUpCmd                  0x08001d81   Thumb Code    20  stm32f4xx_usart.o(.text)
    USART_WakeUpConfig                       0x08001d95   Thumb Code    16  stm32f4xx_usart.o(.text)
    USART_LINBreakDetectLengthConfig         0x08001da5   Thumb Code    16  stm32f4xx_usart.o(.text)
    USART_LINCmd                             0x08001db5   Thumb Code    20  stm32f4xx_usart.o(.text)
    USART_SendBreak                          0x08001dc9   Thumb Code    10  stm32f4xx_usart.o(.text)
    USART_HalfDuplexCmd                      0x08001dd3   Thumb Code    20  stm32f4xx_usart.o(.text)
    USART_SetGuardTime                       0x08001de7   Thumb Code    16  stm32f4xx_usart.o(.text)
    USART_SmartCardCmd                       0x08001df7   Thumb Code    20  stm32f4xx_usart.o(.text)
    USART_SmartCardNACKCmd                   0x08001e0b   Thumb Code    20  stm32f4xx_usart.o(.text)
    USART_IrDAConfig                         0x08001e1f   Thumb Code    16  stm32f4xx_usart.o(.text)
    USART_IrDACmd                            0x08001e2f   Thumb Code    20  stm32f4xx_usart.o(.text)
    USART_DMACmd                             0x08001e43   Thumb Code    16  stm32f4xx_usart.o(.text)
    USART_ITConfig                           0x08001e53   Thumb Code    48  stm32f4xx_usart.o(.text)
    USART_GetFlagStatus                      0x08001e83   Thumb Code    14  stm32f4xx_usart.o(.text)
    USART_ClearFlag                          0x08001e91   Thumb Code     6  stm32f4xx_usart.o(.text)
    USART_GetITStatus                        0x08001e97   Thumb Code    62  stm32f4xx_usart.o(.text)
    USART_ClearITPendingBit                  0x08001ed5   Thumb Code    12  stm32f4xx_usart.o(.text)
    delay_init                               0x08001f01   Thumb Code    38  delay.o(.text)
    delay_us                                 0x08001f27   Thumb Code    46  delay.o(.text)
    delay_xms                                0x08001f55   Thumb Code    46  delay.o(.text)
    delay_ms                                 0x08001f83   Thumb Code    50  delay.o(.text)
    HMC5883_IS_newdata                       0x08001fb9   Thumb Code    20  hmc5883l.o(.text)
    HMC58X3_newValues                        0x08001fcd   Thumb Code   192  hmc5883l.o(.text)
    HMC58X3_getRaw                           0x0800208d   Thumb Code    78  hmc5883l.o(.text)
    HMC58X3_FIFO_init                        0x080020db   Thumb Code    32  hmc5883l.o(.text)
    HMC58X3_writeReg                         0x080020fb   Thumb Code    10  hmc5883l.o(.text)
    HMC58X3_getlastValues                    0x08002105   Thumb Code    20  hmc5883l.o(.text)
    HMC58X3_mgetValues                       0x08002119   Thumb Code   120  hmc5883l.o(.text)
    HMC58X3_setGain                          0x08002191   Thumb Code    14  hmc5883l.o(.text)
    HMC58X3_setMode                          0x0800219f   Thumb Code    26  hmc5883l.o(.text)
    HMC58X3_init                             0x080021b9   Thumb Code    36  hmc5883l.o(.text)
    HMC58X3_setDOR                           0x080021dd   Thumb Code    14  hmc5883l.o(.text)
    HMC58X3_getID                            0x080021eb   Thumb Code    36  hmc5883l.o(.text)
    HMC5883L_SetUp                           0x0800220f   Thumb Code    26  hmc5883l.o(.text)
    HMC5883L_Start_Calib                     0x08002229   Thumb Code    22  hmc5883l.o(.text)
    invSqrt                                  0x0800224d   Thumb Code    68  imu.o(.text)
    IMU_init                                 0x08002291   Thumb Code   102  imu.o(.text)
    IMU_getValues                            0x080022f7   Thumb Code   158  imu.o(.text)
    IMU_AHRSupdate                           0x08002395   Thumb Code  1736  imu.o(.text)
    FreeIMU_AHRSupdate                       0x08002a5d   Thumb Code  1184  imu.o(.text)
    IMU_getQ                                 0x08002efd   Thumb Code   174  imu.o(.text)
    Kalman_AHRSupdate                        0x08002fab   Thumb Code  1946  imu.o(.text)
    KalmanAHRS_getQ                          0x08003745   Thumb Code   112  imu.o(.text)
    KalmanAHRS_getYawPitchRoll               0x080037b5   Thumb Code   454  imu.o(.text)
    safe_asin                                0x0800397b   Thumb Code    86  imu.o(.text)
    IMU_getRollPitchYaw                      0x080039d1   Thumb Code   364  imu.o(.text)
    ahrs_algorithm                           0x08003b3d   Thumb Code     2  imu.o(.text)
    LPF                                      0x08003b3f   Thumb Code    46  imu.o(.text)
    simple_imu                               0x08003b6d   Thumb Code  1108  imu.o(.text)
    IMU_getAttitude                          0x08003fc1   Thumb Code   162  imu.o(.text)
    Initialize_Q                             0x08004063   Thumb Code  1772  imu.o(.text)
    Kalman_AHRS_init                         0x0800474f   Thumb Code    40  imu.o(.text)
    MPU6050_getAvg                           0x08004781   Thumb Code    28  mpu6050.o(.text)
    MPU6050_setClockSource                   0x0800479d   Thumb Code    18  mpu6050.o(.text)
    MPU6050_setFullScaleGyroRange            0x080047af   Thumb Code    18  mpu6050.o(.text)
    MPU6050_setFullScaleAccelRange           0x080047c1   Thumb Code    18  mpu6050.o(.text)
    MPU6050_setSleepEnabled                  0x080047d3   Thumb Code    12  mpu6050.o(.text)
    MPU6050_getDeviceID                      0x080047df   Thumb Code    20  mpu6050.o(.text)
    MPU6050_testConnection                   0x080047f3   Thumb Code    18  mpu6050.o(.text)
    MPU6050_setI2CMasterModeEnabled          0x08004805   Thumb Code    12  mpu6050.o(.text)
    MPU6050_setI2CBypassEnabled              0x08004811   Thumb Code    12  mpu6050.o(.text)
    MPU6050_newValues                        0x0800481d   Thumb Code   132  mpu6050.o(.text)
    MPU6050_is_DRY                           0x080048a1   Thumb Code    20  mpu6050.o(.text)
    MPU6050_getMotion6                       0x080048b5   Thumb Code   164  mpu6050.o(.text)
    MPU6050_initialize                       0x08004959   Thumb Code   160  mpu6050.o(.text)
    Write_Gyro_Offset                        0x080049f9   Thumb Code    10  mpu6050.o(.text)
    MPU6050_InitGyro_Offset                  0x08004a03   Thumb Code   148  mpu6050.o(.text)
    MPU6050_Calculate_Gyro_Offset            0x08004a97   Thumb Code   142  mpu6050.o(.text)
    IIC_Init                                 0x08004b31   Thumb Code    46  ioi2c.o(.text)
    IIC_Start                                0x08004b5f   Thumb Code    56  ioi2c.o(.text)
    IIC_Stop                                 0x08004b97   Thumb Code    58  ioi2c.o(.text)
    IIC_Wait_Ack                             0x08004bd1   Thumb Code    82  ioi2c.o(.text)
    IIC_Ack                                  0x08004c23   Thumb Code    54  ioi2c.o(.text)
    IIC_NAck                                 0x08004c59   Thumb Code    56  ioi2c.o(.text)
    IIC_Send_Byte                            0x08004c91   Thumb Code    86  ioi2c.o(.text)
    IIC_Read_Byte                            0x08004ce7   Thumb Code    96  ioi2c.o(.text)
    I2C_ReadOneByte                          0x08004d47   Thumb Code    62  ioi2c.o(.text)
    IICreadBytes                             0x08004d85   Thumb Code    90  ioi2c.o(.text)
    IICwriteBytes                            0x08004ddf   Thumb Code    68  ioi2c.o(.text)
    IICreadByte                              0x08004e23   Thumb Code    14  ioi2c.o(.text)
    IICwriteByte                             0x08004e31   Thumb Code    12  ioi2c.o(.text)
    IICwriteBits                             0x08004e3d   Thumb Code    84  ioi2c.o(.text)
    IICwriteBit                              0x08004e91   Thumb Code    48  ioi2c.o(.text)
    readRegister16                           0x08004ecd   Thumb Code    28  ms5611.o(.text)
    readPROM                                 0x08004ee9   Thumb Code    32  ms5611.o(.text)
    setOversampling                          0x08004f09   Thumb Code    44  ms5611.o(.text)
    ms5611WriteByte                          0x08004f35   Thumb Code    10  ms5611.o(.text)
    reset                                    0x08004f3f   Thumb Code     4  ms5611.o(.text)
    begin                                    0x08004f43   Thumb Code    26  ms5611.o(.text)
    getAltitude                              0x08004f5d   Thumb Code    60  ms5611.o(.text)
    readPressure                             0x08004f99   Thumb Code   324  ms5611.o(.text)
    readRegister24                           0x080050dd   Thumb Code    36  ms5611.o(.text)
    readRawPressure                          0x08005101   Thumb Code     4  ms5611.o(.text)
    readTemperature                          0x08005105   Thumb Code   106  ms5611.o(.text)
    readRawTemperature                       0x0800516f   Thumb Code     4  ms5611.o(.text)
    update_baro                              0x08005173   Thumb Code   304  ms5611.o(.text)
    getOversampling                          0x080052a3   Thumb Code     6  ms5611.o(.text)
    getSeaLevel                              0x080052a9   Thumb Code   146  ms5611.o(.text)
    Kalman_getAngle_roll                     0x0800533d   Thumb Code   190  kalman.o(.text)
    Kalman_getAngle_pitch                    0x080053fb   Thumb Code   192  kalman.o(.text)
    fputc                                    0x080054c5   Thumb Code    30  my_printf.o(.text)
    fgetc                                    0x080054e3   Thumb Code    26  my_printf.o(.text)
    ferror                                   0x080054fd   Thumb Code     6  my_printf.o(.text)
    _ttywrch                                 0x08005503   Thumb Code    30  my_printf.o(.text)
    _sys_exit                                0x08005521   Thumb Code     2  my_printf.o(.text)
    MatrixAdd                                0x0800552d   Thumb Code    58  matrix.o(.text)
    MatrixSub                                0x08005567   Thumb Code    58  matrix.o(.text)
    MatrixMultiply                           0x080055a1   Thumb Code    92  matrix.o(.text)
    MatrixTranspose                          0x080055fd   Thumb Code    48  matrix.o(.text)
    MatrixProduct                            0x0800562d   Thumb Code   124  matrix.o(.text)
    MatrixE                                  0x080056a9   Thumb Code    58  matrix.o(.text)
    MatrixDet2                               0x080056e3   Thumb Code    40  matrix.o(.text)
    MatrixInverse2                           0x0800570b   Thumb Code   100  matrix.o(.text)
    MatrixInverse                            0x0800576f   Thumb Code   530  matrix.o(.text)
    UD                                       0x08005981   Thumb Code   320  matrix.o(.text)
    Norm                                     0x08005ac1   Thumb Code    72  matrix.o(.text)
    __aeabi_ldivmod                          0x08005b09   Thumb Code    98  ldiv.o(.text)
    abs                                      0x08005b6b   Thumb Code     8  siabs.o(.text)
    __aeabi_dadd                             0x08005b73   Thumb Code   322  dadd.o(.text)
    __aeabi_dsub                             0x08005cb5   Thumb Code     6  dadd.o(.text)
    __aeabi_drsub                            0x08005cbb   Thumb Code     6  dadd.o(.text)
    __aeabi_dmul                             0x08005cc1   Thumb Code   228  dmul.o(.text)
    __aeabi_ddiv                             0x08005da5   Thumb Code   222  ddiv.o(.text)
    __aeabi_i2d                              0x08005e83   Thumb Code    34  dflti.o(.text)
    __aeabi_ui2d                             0x08005ea5   Thumb Code    26  dfltui.o(.text)
    __aeabi_d2iz                             0x08005ebf   Thumb Code    62  dfixi.o(.text)
    __aeabi_f2d                              0x08005efd   Thumb Code    38  f2d.o(.text)
    __aeabi_cdrcmple                         0x08005f25   Thumb Code    48  cdrcmple.o(.text)
    __aeabi_d2f                              0x08005f55   Thumb Code    56  d2f.o(.text)
    __aeabi_uldivmod                         0x08005f8d   Thumb Code    98  uldiv.o(.text)
    __aeabi_llsl                             0x08005fef   Thumb Code    30  llshl.o(.text)
    _ll_shift_l                              0x08005fef   Thumb Code     0  llshl.o(.text)
    __aeabi_llsr                             0x0800600d   Thumb Code    32  llushr.o(.text)
    _ll_ushift_r                             0x0800600d   Thumb Code     0  llushr.o(.text)
    __aeabi_lasr                             0x0800602d   Thumb Code    36  llsshr.o(.text)
    _ll_sshift_r                             0x0800602d   Thumb Code     0  llsshr.o(.text)
    __I$use$fp                               0x08006051   Thumb Code     0  iusefp.o(.text)
    _float_round                             0x08006051   Thumb Code    18  fepilogue.o(.text)
    _float_epilogue                          0x08006063   Thumb Code    92  fepilogue.o(.text)
    _double_round                            0x080060bf   Thumb Code    30  depilogue.o(.text)
    _double_epilogue                         0x080060dd   Thumb Code   156  depilogue.o(.text)
    __ARM_scalbn                             0x08006179   Thumb Code    46  dscalb.o(.text)
    scalbn                                   0x08006179   Thumb Code     0  dscalb.o(.text)
    _dsqrt                                   0x080061a7   Thumb Code   162  dsqrt.o(.text)
    __scatterload                            0x08006249   Thumb Code    28  init.o(.text)
    __scatterload_rt2                        0x08006249   Thumb Code     0  init.o(.text)
    __decompress                             0x0800626d   Thumb Code     0  __dczerorl2.o(.text)
    __decompress1                            0x0800626d   Thumb Code    86  __dczerorl2.o(.text)
    __0printf$bare                           0x080062c5   Thumb Code     8  printfb.o(i.__0printf$bare)
    __1printf$bare                           0x080062c5   Thumb Code     0  printfb.o(i.__0printf$bare)
    __2printf                                0x080062c5   Thumb Code     0  printfb.o(i.__0printf$bare)
    __ARM_fpclassify                         0x080062d5   Thumb Code    48  fpclassify.o(i.__ARM_fpclassify)
    __hardfp_asin                            0x08006309   Thumb Code   770  asin.o(i.__hardfp_asin)
    __hardfp_atan                            0x08006669   Thumb Code   622  atan.o(i.__hardfp_atan)
    __hardfp_atan2                           0x08006941   Thumb Code   432  atan2.o(i.__hardfp_atan2)
    __hardfp_cos                             0x08006b31   Thumb Code   180  cos.o(i.__hardfp_cos)
    __hardfp_pow                             0x08006bf9   Thumb Code  3072  pow.o(i.__hardfp_pow)
    __hardfp_sin                             0x08007849   Thumb Code   180  sin.o(i.__hardfp_sin)
    __hardfp_sqrt                            0x08007911   Thumb Code   122  sqrt.o(i.__hardfp_sqrt)
    __ieee754_rem_pio2                       0x08007991   Thumb Code   938  rred.o(i.__ieee754_rem_pio2)
    __kernel_cos                             0x08007dc9   Thumb Code   322  cos_i.o(i.__kernel_cos)
    __kernel_poly                            0x08007f39   Thumb Code   248  poly.o(i.__kernel_poly)
    __kernel_sin                             0x08008031   Thumb Code   280  sin_i.o(i.__kernel_sin)
    __mathlib_dbl_divzero                    0x08008161   Thumb Code    28  dunder.o(i.__mathlib_dbl_divzero)
    __mathlib_dbl_infnan                     0x08008191   Thumb Code    20  dunder.o(i.__mathlib_dbl_infnan)
    __mathlib_dbl_infnan2                    0x080081a5   Thumb Code    20  dunder.o(i.__mathlib_dbl_infnan2)
    __mathlib_dbl_invalid                    0x080081b9   Thumb Code    24  dunder.o(i.__mathlib_dbl_invalid)
    __mathlib_dbl_overflow                   0x080081d9   Thumb Code    24  dunder.o(i.__mathlib_dbl_overflow)
    __mathlib_dbl_underflow                  0x080081f9   Thumb Code    24  dunder.o(i.__mathlib_dbl_underflow)
    __scatterload_copy                       0x08008219   Thumb Code    14  handlers.o(i.__scatterload_copy)
    __scatterload_null                       0x08008227   Thumb Code     2  handlers.o(i.__scatterload_null)
    __scatterload_zeroinit                   0x08008229   Thumb Code    14  handlers.o(i.__scatterload_zeroinit)
    __set_errno                              0x08008239   Thumb Code     6  errno.o(i.__set_errno)
    atan                                     0x08008267   Thumb Code    16  atan.o(i.atan)
    fabs                                     0x08008277   Thumb Code    24  fabs.o(i.fabs)
    sqrt                                     0x0800828f   Thumb Code   110  sqrt.o(i.sqrt)
    __mathlib_zero                           0x080084a0   Data           8  qnan.o(.constdata)
    Region$$Table$$Base                      0x08008598   Number         0  anon$$obj.o(Region$$Table)
    Region$$Table$$Limit                     0x080085b8   Number         0  anon$$obj.o(Region$$Table)
    j                                        0x20000000   Data           2  main.o(.data)
    cut_off                                  0x20000004   Data           4  main.o(.data)
    realPressure                             0x20000008   Data           4  main.o(.data)
    fil_comple_alt                           0x2000000c   Data           4  main.o(.data)
    fil_lpf_alt                              0x20000010   Data           4  main.o(.data)
    EstAlt                                   0x20000014   Data           4  main.o(.data)
    absoluteAltitude                         0x20000018   Data           4  main.o(.data)
    ms5611_temperature                       0x2000001c   Data           4  main.o(.data)
    ms5611_altitude                          0x20000020   Data           4  main.o(.data)
    ms5611_altitude_offset                   0x20000024   Data           4  main.o(.data)
    loop_var                                 0x20000028   Data           4  main.o(.data)
    referencePressure                        0x20000030   Data           8  main.o(.data)
    dt                                       0x20000038   Data           8  main.o(.data)
    RxIndex                                  0x20000040   Data           1  stm32f4xx_it.o(.data)
    channel_read_fail                        0x20000041   Data           1  stm32f4xx_it.o(.data)
    channels_cnt                             0x20000042   Data           1  stm32f4xx_it.o(.data)
    PPMval                                   0x20000044   Data           2  stm32f4xx_it.o(.data)
    lastRC_us                                0x20000048   Data           4  stm32f4xx_it.o(.data)
    a5                                       0x2000004c   Data           4  stm32f4xx_it.o(.data)
    c5                                       0x20000050   Data           4  stm32f4xx_it.o(.data)
    temp_sonar                               0x20000054   Data           4  stm32f4xx_it.o(.data)
    alt_sonar                                0x20000058   Data           4  stm32f4xx_it.o(.data)
    pre_alt_sonar                            0x2000005c   Data           4  stm32f4xx_it.o(.data)
    SystemCoreClock                          0x20000060   Data           4  system_stm32f4xx.o(.data)
    AHBPrescTable                            0x20000064   Data          16  system_stm32f4xx.o(.data)
    NVIC_InitStruct                          0x20000074   Data           4  copter_config.o(.data)
    GPIO_InitStruct                          0x20000078   Data           8  copter_config.o(.data)
    EXTI_InitStruct                          0x20000080   Data           8  copter_config.o(.data)
    HMC5883_calib                            0x2000009c   Data           1  hmc5883l.o(.data)
    HMC5883_Buf_index                        0x2000009d   Data           1  hmc5883l.o(.data)
    HMC5883_Offset_X                         0x2000009e   Data           2  hmc5883l.o(.data)
    HMC5883_Offset_Y                         0x200000a0   Data           2  hmc5883l.o(.data)
    HMC5883_Offset_Z                         0x200000a2   Data           2  hmc5883l.o(.data)
    HMC5883_maxx                             0x200000a4   Data           2  hmc5883l.o(.data)
    HMC5883_maxy                             0x200000a6   Data           2  hmc5883l.o(.data)
    HMC5883_maxz                             0x200000a8   Data           2  hmc5883l.o(.data)
    HMC5883_minx                             0x200000aa   Data           2  hmc5883l.o(.data)
    HMC5883_miny                             0x200000ac   Data           2  hmc5883l.o(.data)
    HMC5883_minz                             0x200000ae   Data           2  hmc5883l.o(.data)
    HMC5883_Scale_X                          0x200000b0   Data           4  hmc5883l.o(.data)
    HMC5883_Scale_Y                          0x200000b4   Data           4  hmc5883l.o(.data)
    HMC5883_Scale_Z                          0x200000b8   Data           4  hmc5883l.o(.data)
    HMC5883_lastx                            0x200000bc   Data           4  hmc5883l.o(.data)
    HMC5883_lasty                            0x200000c0   Data           4  hmc5883l.o(.data)
    HMC5883_lastz                            0x200000c4   Data           4  hmc5883l.o(.data)
    acc_vector                               0x200000c8   Data           4  imu.o(.data)
    lastUpdate                               0x200000d8   Data           4  imu.o(.data)
    now                                      0x200000dc   Data           4  imu.o(.data)
    exInt                                    0x200000e0   Data           4  imu.o(.data)
    eyInt                                    0x200000e4   Data           4  imu.o(.data)
    ezInt                                    0x200000e8   Data           4  imu.o(.data)
    integralFBx                              0x200000ec   Data           4  imu.o(.data)
    integralFBy                              0x200000f0   Data           4  imu.o(.data)
    integralFBz                              0x200000f4   Data           4  imu.o(.data)
    q0                                       0x200000f8   Data           4  imu.o(.data)
    q1                                       0x200000fc   Data           4  imu.o(.data)
    q2                                       0x20000100   Data           4  imu.o(.data)
    q3                                       0x20000104   Data           4  imu.o(.data)
    qa0                                      0x20000108   Data           4  imu.o(.data)
    qa1                                      0x2000010c   Data           4  imu.o(.data)
    qa2                                      0x20000110   Data           4  imu.o(.data)
    qa3                                      0x20000114   Data           4  imu.o(.data)
    IMU_Pitch                                0x20000118   Data           4  imu.o(.data)
    IMU_Roll                                 0x2000011c   Data           4  imu.o(.data)
    IMU_Yaw                                  0x20000120   Data           4  imu.o(.data)
    q_0                                      0x20000124   Data           4  imu.o(.data)
    q_1                                      0x20000128   Data           4  imu.o(.data)
    q_2                                      0x2000012c   Data           4  imu.o(.data)
    q_3                                      0x20000130   Data           4  imu.o(.data)
    w1                                       0x20000134   Data           4  imu.o(.data)
    w2                                       0x20000138   Data           4  imu.o(.data)
    w3                                       0x2000013c   Data           4  imu.o(.data)
    offset_gx                                0x20000140   Data           4  imu.o(.data)
    offset_gy                                0x20000144   Data           4  imu.o(.data)
    offset_gz                                0x20000148   Data           4  imu.o(.data)
    acc_x                                    0x2000014c   Data           4  imu.o(.data)
    acc_y                                    0x20000150   Data           4  imu.o(.data)
    acc_z                                    0x20000154   Data           4  imu.o(.data)
    halfT                                    0x20000158   Data           8  imu.o(.data)
    elapsedT                                 0x20000160   Data           8  imu.o(.data)
    P                                        0x20000168   Data         196  imu.o(.data)
    Q                                        0x2000022c   Data         196  imu.o(.data)
    R                                        0x200002f0   Data         144  imu.o(.data)
    I                                        0x20000380   Data         196  imu.o(.data)
    Buf_index                                0x20000444   Data           1  mpu6050.o(.data)
    Gx_offset                                0x20000446   Data           2  mpu6050.o(.data)
    Gy_offset                                0x20000448   Data           2  mpu6050.o(.data)
    Gz_offset                                0x2000044a   Data           2  mpu6050.o(.data)
    MPU6050_Lastax                           0x2000044c   Data           2  mpu6050.o(.data)
    MPU6050_Lastay                           0x2000044e   Data           2  mpu6050.o(.data)
    MPU6050_Lastaz                           0x20000450   Data           2  mpu6050.o(.data)
    MPU6050_Lastgx                           0x20000452   Data           2  mpu6050.o(.data)
    MPU6050_Lastgy                           0x20000454   Data           2  mpu6050.o(.data)
    MPU6050_Lastgz                           0x20000456   Data           2  mpu6050.o(.data)
    I2C_Erorr_Count                          0x20000458   Data           2  ioi2c.o(.data)
    ct                                       0x20000460   Data           1  ms5611.o(.data)
    uosr                                     0x20000461   Data           1  ms5611.o(.data)
    pressureState                            0x20000464   Data           4  ms5611.o(.data)
    TEMP2                                    0x20000468   Data           4  ms5611.o(.data)
    timer                                    0x2000046c   Data           4  ms5611.o(.data)
    timer1                                   0x20000470   Data           4  ms5611.o(.data)
    ut                                       0x20000474   Data           4  ms5611.o(.data)
    up                                       0x20000478   Data           4  ms5611.o(.data)
    OFF2                                     0x20000480   Data           8  ms5611.o(.data)
    SENS2                                    0x20000488   Data           8  ms5611.o(.data)
    Q_angle                                  0x20000490   Data           4  kalman.o(.data)
    Q_bias                                   0x20000494   Data           4  kalman.o(.data)
    R_measure                                0x20000498   Data           4  kalman.o(.data)
    angle                                    0x2000049c   Data           4  kalman.o(.data)
    bias                                     0x200004a0   Data           4  kalman.o(.data)
    Q_anglez                                 0x200004a4   Data           4  kalman.o(.data)
    Q_biasz                                  0x200004a8   Data           4  kalman.o(.data)
    R_measurez                               0x200004ac   Data           4  kalman.o(.data)
    anglez                                   0x200004b0   Data           4  kalman.o(.data)
    biasz                                    0x200004b4   Data           4  kalman.o(.data)
    rate                                     0x200004b8   Data           4  kalman.o(.data)
    S                                        0x200004bc   Data           4  kalman.o(.data)
    y                                        0x200004c0   Data           4  kalman.o(.data)
    P00_temp                                 0x200004c4   Data           4  kalman.o(.data)
    P01_temp                                 0x200004c8   Data           4  kalman.o(.data)
    ratez                                    0x200004cc   Data           4  kalman.o(.data)
    Sz                                       0x200004d0   Data           4  kalman.o(.data)
    yz                                       0x200004d4   Data           4  kalman.o(.data)
    P00_tempz                                0x200004d8   Data           4  kalman.o(.data)
    P01_tempz                                0x200004dc   Data           4  kalman.o(.data)
    _K                                       0x200004e0   Data           8  kalman.o(.data)
    Kz                                       0x200004e8   Data           8  kalman.o(.data)
    __stdout                                 0x200004f0   Data           4  my_printf.o(.data)
    rpy_1                                    0x200004f8   Data          12  main.o(.bss)
    rate_rpy                                 0x20000504   Data          12  main.o(.bss)
    rpy_2                                    0x20000510   Data          12  main.o(.bss)
    rpy_kalman                               0x2000051c   Data          12  main.o(.bss)
    channels_buffer                          0x20000528   Data          20  stm32f4xx_it.o(.bss)
    channels                                 0x2000053c   Data          20  stm32f4xx_it.o(.bss)
    RxBuffer                                 0x20000550   Data          18  stm32f4xx_it.o(.bss)
    USART_InitStruct                         0x20000564   Data          16  copter_config.o(.bss)
    TIM_TimeBaseStructure                    0x20000574   Data          12  copter_config.o(.bss)
    TIM_OCInitStruct                         0x20000580   Data          20  copter_config.o(.bss)
    HMC5883_FIFO                             0x20000594   Data          66  hmc5883l.o(.bss)
    H                                        0x200005d8   Data         168  imu.o(.bss)
    A                                        0x2000069c   Data         196  imu.o(.bss)
    B                                        0x20000760   Data         196  imu.o(.bss)
    E                                        0x20000824   Data         168  imu.o(.bss)
    F1                                       0x200008cc   Data         144  imu.o(.bss)
    X                                        0x2000095c   Data         196  imu.o(.bss)
    Z                                        0x20000a20   Data         196  imu.o(.bss)
    Ht                                       0x20000ae4   Data         168  imu.o(.bss)
    Ft                                       0x20000b8c   Data         196  imu.o(.bss)
    K                                        0x20000c50   Data         168  imu.o(.bss)
    O                                        0x20000cf8   Data         196  imu.o(.bss)
    T                                        0x20000dbc   Data          24  imu.o(.bss)
    F                                        0x20000dd4   Data         196  imu.o(.bss)
    Y                                        0x20000e98   Data          28  imu.o(.bss)
    P1                                       0x20000eb4   Data         196  imu.o(.bss)
    U1                                       0x20000f78   Data         144  imu.o(.bss)
    U1t                                      0x20001008   Data         144  imu.o(.bss)
    D1                                       0x20001098   Data         144  imu.o(.bss)
    X1                                       0x20001128   Data         144  imu.o(.bss)
    X2                                       0x200011b8   Data         144  imu.o(.bss)
    buffer                                   0x20001278   Data          14  mpu6050.o(.bss)
    MPU6050_FIFO                             0x20001286   Data         132  mpu6050.o(.bss)
    fc                                       0x2000130a   Data          12  ms5611.o(.bss)
    _P                                       0x20001318   Data          16  kalman.o(.bss)
    Pz                                       0x20001328   Data          16  kalman.o(.bss)
    __initial_sp                             0x20001738   Data           0  startup_stm32f40_41xxx.o(STACK)



==============================================================================

Memory Map of the image

  Image Entry point : 0x08000189

  Load Region LR_IROM1 (Base: 0x08000000, Size: 0x00008ab0, Max: 0x00100000, ABSOLUTE, COMPRESSED[0x00008618])

    Execution Region ER_IROM1 (Exec base: 0x08000000, Load base: 0x08000000, Size: 0x000085b8, Max: 0x00100000, ABSOLUTE)

    Exec Addr    Load Addr    Size         Type   Attr      Idx    E Section Name        Object

    0x08000000   0x08000000   0x00000188   Data   RO          397    RESET               startup_stm32f40_41xxx.o
    0x08000188   0x08000188   0x00000000   Code   RO         1134  * .ARM.Collect$$$$00000000  mc_w.l(entry.o)
    0x08000188   0x08000188   0x00000004   Code   RO         1460    .ARM.Collect$$$$00000001  mc_w.l(entry2.o)
    0x0800018c   0x0800018c   0x00000004   Code   RO         1463    .ARM.Collect$$$$00000004  mc_w.l(entry5.o)
    0x08000190   0x08000190   0x00000000   Code   RO         1465    .ARM.Collect$$$$00000008  mc_w.l(entry7b.o)
    0x08000190   0x08000190   0x00000000   Code   RO         1467    .ARM.Collect$$$$0000000A  mc_w.l(entry8b.o)
    0x08000190   0x08000190   0x00000008   Code   RO         1468    .ARM.Collect$$$$0000000B  mc_w.l(entry9a.o)
    0x08000198   0x08000198   0x00000000   Code   RO         1470    .ARM.Collect$$$$0000000D  mc_w.l(entry10a.o)
    0x08000198   0x08000198   0x00000000   Code   RO         1472    .ARM.Collect$$$$0000000F  mc_w.l(entry11a.o)
    0x08000198   0x08000198   0x00000004   Code   RO         1461    .ARM.Collect$$$$00002712  mc_w.l(entry2.o)
    0x0800019c   0x0800019c   0x00000210   Code   RO            3    .text               main.o
    0x080003ac   0x080003ac   0x00000184   Code   RO          187    .text               stm32f4xx_it.o
    0x08000530   0x08000530   0x0000017c   Code   RO          316    .text               system_stm32f4xx.o
    0x080006ac   0x080006ac   0x00000264   Code   RO          342    .text               copter_config.o
    0x08000910   0x08000910   0x00000024   Code   RO          398    .text               startup_stm32f40_41xxx.o
    0x08000934   0x08000934   0x000000b0   Code   RO          404    .text               misc.o
    0x080009e4   0x080009e4   0x000000e0   Code   RO          487    .text               stm32f4xx_exti.o
    0x08000ac4   0x08000ac4   0x0000020c   Code   RO          574    .text               stm32f4xx_gpio.o
    0x08000cd0   0x08000cd0   0x00000480   Code   RO          614    .text               stm32f4xx_rcc.o
    0x08001150   0x08001150   0x0000007c   Code   RO          697    .text               stm32f4xx_syscfg.o
    0x080011cc   0x080011cc   0x000009dc   Code   RO          717    .text               stm32f4xx_tim.o
    0x08001ba8   0x08001ba8   0x00000358   Code   RO          738    .text               stm32f4xx_usart.o
    0x08001f00   0x08001f00   0x000000b8   Code   RO          758    .text               delay.o
    0x08001fb8   0x08001fb8   0x00000294   Code   RO          804    .text               hmc5883l.o
    0x0800224c   0x0800224c   0x00002534   Code   RO          832    .text               imu.o
    0x08004780   0x08004780   0x000003b0   Code   RO          891    .text               mpu6050.o
    0x08004b30   0x08004b30   0x0000039c   Code   RO          916    .text               ioi2c.o
    0x08004ecc   0x08004ecc   0x0000046e   Code   RO          943    .text               ms5611.o
    0x0800533a   0x0800533a   0x00000002   PAD
    0x0800533c   0x0800533c   0x00000188   Code   RO          971    .text               kalman.o
    0x080054c4   0x080054c4   0x00000068   Code   RO          995    .text               my_printf.o
    0x0800552c   0x0800552c   0x000005dc   Code   RO         1031    .text               matrix.o
    0x08005b08   0x08005b08   0x00000062   Code   RO         1137    .text               mc_w.l(ldiv.o)
    0x08005b6a   0x08005b6a   0x00000008   Code   RO         1139    .text               mc_w.l(siabs.o)
    0x08005b72   0x08005b72   0x0000014e   Code   RO         1403    .text               mf_w.l(dadd.o)
    0x08005cc0   0x08005cc0   0x000000e4   Code   RO         1405    .text               mf_w.l(dmul.o)
    0x08005da4   0x08005da4   0x000000de   Code   RO         1407    .text               mf_w.l(ddiv.o)
    0x08005e82   0x08005e82   0x00000022   Code   RO         1409    .text               mf_w.l(dflti.o)
    0x08005ea4   0x08005ea4   0x0000001a   Code   RO         1411    .text               mf_w.l(dfltui.o)
    0x08005ebe   0x08005ebe   0x0000003e   Code   RO         1413    .text               mf_w.l(dfixi.o)
    0x08005efc   0x08005efc   0x00000026   Code   RO         1415    .text               mf_w.l(f2d.o)
    0x08005f22   0x08005f22   0x00000002   PAD
    0x08005f24   0x08005f24   0x00000030   Code   RO         1417    .text               mf_w.l(cdrcmple.o)
    0x08005f54   0x08005f54   0x00000038   Code   RO         1419    .text               mf_w.l(d2f.o)
    0x08005f8c   0x08005f8c   0x00000062   Code   RO         1476    .text               mc_w.l(uldiv.o)
    0x08005fee   0x08005fee   0x0000001e   Code   RO         1478    .text               mc_w.l(llshl.o)
    0x0800600c   0x0800600c   0x00000020   Code   RO         1480    .text               mc_w.l(llushr.o)
    0x0800602c   0x0800602c   0x00000024   Code   RO         1482    .text               mc_w.l(llsshr.o)
    0x08006050   0x08006050   0x00000000   Code   RO         1491    .text               mc_w.l(iusefp.o)
    0x08006050   0x08006050   0x0000006e   Code   RO         1492    .text               mf_w.l(fepilogue.o)
    0x080060be   0x080060be   0x000000ba   Code   RO         1494    .text               mf_w.l(depilogue.o)
    0x08006178   0x08006178   0x0000002e   Code   RO         1498    .text               mf_w.l(dscalb.o)
    0x080061a6   0x080061a6   0x000000a2   Code   RO         1500    .text               mf_w.l(dsqrt.o)
    0x08006248   0x08006248   0x00000024   Code   RO         1506    .text               mc_w.l(init.o)
    0x0800626c   0x0800626c   0x00000056   Code   RO         1516    .text               mc_w.l(__dczerorl2.o)
    0x080062c2   0x080062c2   0x00000002   PAD
    0x080062c4   0x080062c4   0x00000010   Code   RO         1144    i.__0printf$bare    mc_w.l(printfb.o)
    0x080062d4   0x080062d4   0x00000030   Code   RO         1444    i.__ARM_fpclassify  m_wm.l(fpclassify.o)
    0x08006304   0x08006304   0x00000004   PAD
    0x08006308   0x08006308   0x00000360   Code   RO         1044    i.__hardfp_asin     m_wm.l(asin.o)
    0x08006668   0x08006668   0x000002d8   Code   RO         1058    i.__hardfp_atan     m_wm.l(atan.o)
    0x08006940   0x08006940   0x000001f0   Code   RO         1072    i.__hardfp_atan2    m_wm.l(atan2.o)
    0x08006b30   0x08006b30   0x000000c8   Code   RO         1084    i.__hardfp_cos      m_wm.l(cos.o)
    0x08006bf8   0x08006bf8   0x00000c50   Code   RO         1096    i.__hardfp_pow      m_wm.l(pow.o)
    0x08007848   0x08007848   0x000000c8   Code   RO         1110    i.__hardfp_sin      m_wm.l(sin.o)
    0x08007910   0x08007910   0x0000007a   Code   RO         1122    i.__hardfp_sqrt     m_wm.l(sqrt.o)
    0x0800798a   0x0800798a   0x00000006   PAD
    0x08007990   0x08007990   0x00000438   Code   RO         1449    i.__ieee754_rem_pio2  m_wm.l(rred.o)
    0x08007dc8   0x08007dc8   0x00000170   Code   RO         1421    i.__kernel_cos      m_wm.l(cos_i.o)
    0x08007f38   0x08007f38   0x000000f8   Code   RO         1446    i.__kernel_poly     m_wm.l(poly.o)
    0x08008030   0x08008030   0x00000130   Code   RO         1454    i.__kernel_sin      m_wm.l(sin_i.o)
    0x08008160   0x08008160   0x00000030   Code   RO         1424    i.__mathlib_dbl_divzero  m_wm.l(dunder.o)
    0x08008190   0x08008190   0x00000014   Code   RO         1425    i.__mathlib_dbl_infnan  m_wm.l(dunder.o)
    0x080081a4   0x080081a4   0x00000014   Code   RO         1426    i.__mathlib_dbl_infnan2  m_wm.l(dunder.o)
    0x080081b8   0x080081b8   0x00000020   Code   RO         1427    i.__mathlib_dbl_invalid  m_wm.l(dunder.o)
    0x080081d8   0x080081d8   0x00000020   Code   RO         1428    i.__mathlib_dbl_overflow  m_wm.l(dunder.o)
    0x080081f8   0x080081f8   0x00000020   Code   RO         1430    i.__mathlib_dbl_underflow  m_wm.l(dunder.o)
    0x08008218   0x08008218   0x0000000e   Code   RO         1510    i.__scatterload_copy  mc_w.l(handlers.o)
    0x08008226   0x08008226   0x00000002   Code   RO         1511    i.__scatterload_null  mc_w.l(handlers.o)
    0x08008228   0x08008228   0x0000000e   Code   RO         1512    i.__scatterload_zeroinit  mc_w.l(handlers.o)
    0x08008236   0x08008236   0x00000002   PAD
    0x08008238   0x08008238   0x0000000c   Code   RO         1486    i.__set_errno       mc_w.l(errno.o)
    0x08008244   0x08008244   0x00000022   Code   RO         1151    i._printf_core      mc_w.l(printfb.o)
    0x08008266   0x08008266   0x00000010   Code   RO         1060    i.atan              m_wm.l(atan.o)
    0x08008276   0x08008276   0x00000018   Code   RO         1440    i.fabs              m_wm.l(fabs.o)
    0x0800828e   0x0800828e   0x0000006e   Code   RO         1124    i.sqrt              m_wm.l(sqrt.o)
    0x080082fc   0x080082fc   0x00000004   PAD
    0x08008300   0x08008300   0x00000050   Data   RO         1047    .constdata          m_wm.l(asin.o)
    0x08008350   0x08008350   0x00000098   Data   RO         1061    .constdata          m_wm.l(atan.o)
    0x080083e8   0x080083e8   0x00000088   Data   RO         1099    .constdata          m_wm.l(pow.o)
    0x08008470   0x08008470   0x00000030   Data   RO         1422    .constdata          m_wm.l(cos_i.o)
    0x080084a0   0x080084a0   0x00000008   Data   RO         1448    .constdata          m_wm.l(qnan.o)
    0x080084a8   0x080084a8   0x000000c8   Data   RO         1451    .constdata          m_wm.l(rred.o)
    0x08008570   0x08008570   0x00000028   Data   RO         1455    .constdata          m_wm.l(sin_i.o)
    0x08008598   0x08008598   0x00000020   Data   RO         1508    Region$$Table       anon$$obj.o


    Execution Region RW_IRAM1 (Exec base: 0x20000000, Load base: 0x080085b8, Size: 0x00001738, Max: 0x00020000, ABSOLUTE, COMPRESSED[0x00000060])

    Exec Addr    Load Addr    Size         Type   Attr      Idx    E Section Name        Object

    0x20000000   COMPRESSED   0x00000040   Data   RW            5    .data               main.o
    0x20000040   COMPRESSED   0x00000020   Data   RW          189    .data               stm32f4xx_it.o
    0x20000060   COMPRESSED   0x00000014   Data   RW          317    .data               system_stm32f4xx.o
    0x20000074   COMPRESSED   0x00000014   Data   RW          346    .data               copter_config.o
    0x20000088   COMPRESSED   0x00000010   Data   RW          615    .data               stm32f4xx_rcc.o
    0x20000098   COMPRESSED   0x00000004   Data   RW          759    .data               delay.o
    0x2000009c   COMPRESSED   0x0000002c   Data   RW          806    .data               hmc5883l.o
    0x200000c8   COMPRESSED   0x0000037c   Data   RW          834    .data               imu.o
    0x20000444   COMPRESSED   0x00000014   Data   RW          893    .data               mpu6050.o
    0x20000458   COMPRESSED   0x00000002   Data   RW          917    .data               ioi2c.o
    0x2000045a   COMPRESSED   0x00000006   PAD
    0x20000460   COMPRESSED   0x00000030   Data   RW          945    .data               ms5611.o
    0x20000490   COMPRESSED   0x00000060   Data   RW          973    .data               kalman.o
    0x200004f0   COMPRESSED   0x00000004   Data   RW          996    .data               my_printf.o
    0x200004f4   COMPRESSED   0x00000004   Data   RW         1487    .data               mc_w.l(errno.o)
    0x200004f8        -       0x00000030   Zero   RW            4    .bss                main.o
    0x20000528        -       0x0000003a   Zero   RW          188    .bss                stm32f4xx_it.o
    0x20000562   COMPRESSED   0x00000002   PAD
    0x20000564        -       0x00000030   Zero   RW          345    .bss                copter_config.o
    0x20000594        -       0x00000042   Zero   RW          805    .bss                hmc5883l.o
    0x200005d6   COMPRESSED   0x00000002   PAD
    0x200005d8        -       0x00000ca0   Zero   RW          833    .bss                imu.o
    0x20001278        -       0x00000092   Zero   RW          892    .bss                mpu6050.o
    0x2000130a        -       0x0000000c   Zero   RW          944    .bss                ms5611.o
    0x20001316   COMPRESSED   0x00000002   PAD
    0x20001318        -       0x00000020   Zero   RW          972    .bss                kalman.o
    0x20001338        -       0x00000400   Zero   RW          395    STACK               startup_stm32f40_41xxx.o


==============================================================================

Image component sizes


      Code (inc. data)   RO Data    RW Data    ZI Data      Debug   Object Name

       612         32          0         20         48     233417   copter_config.o
       184          4          0          4          0       1485   delay.o
       660         14          0         44         66       5120   hmc5883l.o
      9524        358          0        892       3232      16246   imu.o
       924         12          0          2          0       5049   ioi2c.o
       392         10          0         96         32       2363   kalman.o
       528         96          0         64         48     241304   main.o
      1500          4          0          0          0       7949   matrix.o
       176         12          0          0          0       1961   misc.o
       944         12          0         20        146       6405   mpu6050.o
      1134         78          0         48         12       6094   ms5611.o
       104         10          0          4          0       3304   my_printf.o
        36          8        392          0       1024        820   startup_stm32f40_41xxx.o
       224         10          0          0          0       2415   stm32f4xx_exti.o
       524         44          0          0          0       4489   stm32f4xx_gpio.o
       388         44          0         32         58      59153   stm32f4xx_it.o
      1152         48          0         16          0      13340   stm32f4xx_rcc.o
       124         16          0          0          0       1893   stm32f4xx_syscfg.o
      2524         52          0          0          0      24010   stm32f4xx_tim.o
       856         32          0          0          0       8304   stm32f4xx_usart.o
       380         36          0         20          0       1851   system_stm32f4xx.o

    ----------------------------------------------------------------------
     22892        932        424       1268       4672     646972   Object Totals
         0          0         32          0          0          0   (incl. Generated)
         2          0          0          6          6          0   (incl. Padding)

    ----------------------------------------------------------------------

      Code (inc. data)   RO Data    RW Data    ZI Data      Debug   Library Member Name

       864         94         80          0          0        280   asin.o
       744        106        152          0          0        352   atan.o
       496         64          0          0          0        192   atan2.o
       200         20          0          0          0        164   cos.o
       368         46         48          0          0        200   cos_i.o
       184         44          0          0          0        744   dunder.o
        24          0          0          0          0        124   fabs.o
        48          0          0          0          0        124   fpclassify.o
       248          0          0          0          0        152   poly.o
      3152        296        136          0          0        352   pow.o
         0          0          8          0          0          0   qnan.o
      1080        142        200          0          0        188   rred.o
       200         20          0          0          0        164   sin.o
       304         24         40          0          0        208   sin_i.o
       232          0          0          0          0        296   sqrt.o
        86          0          0          0          0          0   __dczerorl2.o
         0          0          0          0          0          0   entry.o
         0          0          0          0          0          0   entry10a.o
         0          0          0          0          0          0   entry11a.o
         8          4          0          0          0          0   entry2.o
         4          0          0          0          0          0   entry5.o
         0          0          0          0          0          0   entry7b.o
         0          0          0          0          0          0   entry8b.o
         8          4          0          0          0          0   entry9a.o
        12          6          0          4          0         68   errno.o
        30          0          0          0          0          0   handlers.o
        36          8          0          0          0         68   init.o
         0          0          0          0          0          0   iusefp.o
        98          0          0          0          0         84   ldiv.o
        30          0          0          0          0         68   llshl.o
        36          0          0          0          0         68   llsshr.o
        32          0          0          0          0         68   llushr.o
        50          8          0          0          0        152   printfb.o
         8          0          0          0          0         68   siabs.o
        98          0          0          0          0         92   uldiv.o
        48          0          0          0          0         68   cdrcmple.o
        56          0          0          0          0         88   d2f.o
       334          0          0          0          0        148   dadd.o
       222          0          0          0          0        100   ddiv.o
       186          0          0          0          0        176   depilogue.o
        62          0          0          0          0         80   dfixi.o
        34          0          0          0          0         76   dflti.o
        26          0          0          0          0         76   dfltui.o
       228          0          0          0          0         96   dmul.o
        46          0          0          0          0         80   dscalb.o
       162          0          0          0          0        100   dsqrt.o
        38          0          0          0          0         68   f2d.o
       110          0          0          0          0        168   fepilogue.o

    ----------------------------------------------------------------------
     10252        886        664          4          0       5600   Library Totals
        20          0          0          0          0          0   (incl. Padding)

    ----------------------------------------------------------------------

      Code (inc. data)   RO Data    RW Data    ZI Data      Debug   Library Name

      8144        856        664          0          0       3540   m_wm.l
       536         30          0          4          0        736   mc_w.l
      1552          0          0          0          0       1324   mf_w.l

    ----------------------------------------------------------------------
     10252        886        664          4          0       5600   Library Totals

    ----------------------------------------------------------------------

==============================================================================


      Code (inc. data)   RO Data    RW Data    ZI Data      Debug   

     33144       1818       1088       1272       4672     645168   Grand Totals
     33144       1818       1088         96       4672     645168   ELF Image Totals (compressed)
     33144       1818       1088         96          0          0   ROM Totals

==============================================================================

    Total RO  Size (Code + RO Data)                34232 (  33.43kB)
    Total RW  Size (RW Data + ZI Data)              5944 (   5.80kB)
    Total ROM Size (Code + RO Data + RW Data)      34328 (  33.52kB)

==============================================================================

