Component: ARM Compiler 5.06 update 7 (build 960) Tool: armlink [4d3601]

==============================================================================

Section Cross References

    main.o(.text) refers to ms5611.o(.text) for update_baro
    main.o(.text) refers to d2f.o(.text) for __aeabi_d2f
    main.o(.text) refers to imu.o(.text) for LPF
    main.o(.text) refers to misc.o(.text) for NVIC_PriorityGroupConfig
    main.o(.text) refers to delay.o(.text) for delay_init
    main.o(.text) refers to copter_config.o(.text) for board_leds_config
    main.o(.text) refers to dflti.o(.text) for __aeabi_i2d
    main.o(.text) refers to mpu6050.o(.text) for MPU6050_Calculate_MPU6050_Offset
    main.o(.text) refers to printfb.o(i.__0printf$bare) for __2printf
    main.o(.text) refers to stm32f4xx_gpio.o(.text) for GPIO_ToggleBits
    main.o(.text) refers to dfltui.o(.text) for __aeabi_ui2d
    main.o(.text) refers to dmul.o(.text) for __aeabi_dmul
    main.o(.text) refers to f2d.o(.text) for __aeabi_f2d
    main.o(.text) refers to dadd.o(.text) for __aeabi_dadd
    main.o(.text) refers to main.o(.data) for .data
    main.o(.text) refers to imu.o(.data) for lastUpdate
    main.o(.text) refers to main.o(.bss) for .bss
    main.o(.text) refers to imu.o(.data) for offset_ay
    main.o(.text) refers to imu.o(.data) for offset_ax
    stm32f4xx_it.o(.text) refers to stm32f4xx_exti.o(.text) for EXTI_GetITStatus
    stm32f4xx_it.o(.text) refers to stm32f4xx_usart.o(.text) for USART_GetITStatus
    stm32f4xx_it.o(.text) refers to stm32f4xx_gpio.o(.text) for GPIO_ReadInputDataBit
    stm32f4xx_it.o(.text) refers to f2d.o(.text) for __aeabi_f2d
    stm32f4xx_it.o(.text) refers to dmul.o(.text) for __aeabi_dmul
    stm32f4xx_it.o(.text) refers to dadd.o(.text) for __aeabi_dadd
    stm32f4xx_it.o(.text) refers to d2f.o(.text) for __aeabi_d2f
    stm32f4xx_it.o(.text) refers to stm32f4xx_it.o(.bss) for .bss
    stm32f4xx_it.o(.text) refers to stm32f4xx_it.o(.data) for .data
    system_stm32f4xx.o(.text) refers to system_stm32f4xx.o(.data) for .data
    copter_config.o(.text) refers to stm32f4xx_rcc.o(.text) for RCC_AHB1PeriphClockCmd
    copter_config.o(.text) refers to stm32f4xx_gpio.o(.text) for GPIO_Init
    copter_config.o(.text) refers to stm32f4xx_tim.o(.text) for TIM_TimeBaseInit
    copter_config.o(.text) refers to stm32f4xx_syscfg.o(.text) for SYSCFG_EXTILineConfig
    copter_config.o(.text) refers to stm32f4xx_exti.o(.text) for EXTI_Init
    copter_config.o(.text) refers to misc.o(.text) for NVIC_Init
    copter_config.o(.text) refers to stm32f4xx_usart.o(.text) for USART_Init
    copter_config.o(.text) refers to copter_config.o(.data) for .data
    copter_config.o(.text) refers to copter_config.o(.bss) for .bss
    startup_stm32f40_41xxx.o(RESET) refers to startup_stm32f40_41xxx.o(STACK) for __initial_sp
    startup_stm32f40_41xxx.o(RESET) refers to startup_stm32f40_41xxx.o(.text) for Reset_Handler
    startup_stm32f40_41xxx.o(RESET) refers to stm32f4xx_it.o(.text) for NMI_Handler
    startup_stm32f40_41xxx.o(.text) refers to system_stm32f4xx.o(.text) for SystemInit
    startup_stm32f40_41xxx.o(.text) refers to entry.o(.ARM.Collect$$$$00000000) for __main
    stm32f4xx_dma2d.o(.text) refers to stm32f4xx_rcc.o(.text) for RCC_AHB1PeriphResetCmd
    stm32f4xx_fsmc.o(.text) refers to stm32f4xx_fsmc.o(.constdata) for .constdata
    stm32f4xx_gpio.o(.text) refers to stm32f4xx_rcc.o(.text) for RCC_AHB1PeriphResetCmd
    stm32f4xx_i2c.o(.text) refers to stm32f4xx_rcc.o(.text) for RCC_APB1PeriphResetCmd
    stm32f4xx_rcc.o(.text) refers to stm32f4xx_rcc.o(.data) for .data
    stm32f4xx_rng.o(.text) refers to stm32f4xx_rcc.o(.text) for RCC_AHB2PeriphResetCmd
    stm32f4xx_syscfg.o(.text) refers to stm32f4xx_rcc.o(.text) for RCC_APB2PeriphResetCmd
    stm32f4xx_tim.o(.text) refers to stm32f4xx_rcc.o(.text) for RCC_APB2PeriphResetCmd
    stm32f4xx_usart.o(.text) refers to stm32f4xx_rcc.o(.text) for RCC_APB2PeriphResetCmd
    stm32f4xx_spi.o(.text) refers to stm32f4xx_rcc.o(.text) for RCC_APB1PeriphResetCmd
    stm32f4xx_adc.o(.text) refers to stm32f4xx_rcc.o(.text) for RCC_APB2PeriphResetCmd
    delay.o(.text) refers to misc.o(.text) for SysTick_CLKSourceConfig
    delay.o(.text) refers to delay.o(.data) for .data
    hmc5883l.o(.text) refers to stm32f4xx_gpio.o(.text) for GPIO_ReadInputDataBit
    hmc5883l.o(.text) refers to ioi2c.o(.text) for IICreadBytes
    hmc5883l.o(.text) refers to delay.o(.text) for delay_us
    hmc5883l.o(.text) refers to hmc5883l.o(.bss) for .bss
    hmc5883l.o(.text) refers to hmc5883l.o(.data) for .data
    imu.o(.text) refers to stm32f4xx_rcc.o(.text) for RCC_AHB1PeriphClockCmd
    imu.o(.text) refers to stm32f4xx_gpio.o(.text) for GPIO_Init
    imu.o(.text) refers to mpu6050.o(.text) for MPU6050_initialize
    imu.o(.text) refers to hmc5883l.o(.text) for HMC5883L_SetUp
    imu.o(.text) refers to delay.o(.text) for delay_ms
    imu.o(.text) refers to f2d.o(.text) for __aeabi_f2d
[...]
    i.__scatterload_zeroinit                 0x0800a3c0   Section       14  handlers.o(i.__scatterload_zeroinit)
    i.__set_errno                            0x0800a3d0   Section        0  errno.o(i.__set_errno)
    i._printf_core                           0x0800a3dc   Section        0  printfb.o(i._printf_core)
    _printf_core                             0x0800a3dd   Thumb Code    34  printfb.o(i._printf_core)
    i.atan                                   0x0800a3fe   Section        0  atan.o(i.atan)
    i.fabs                                   0x0800a40e   Section        0  fabs.o(i.fabs)
    i.sqrt                                   0x0800a426   Section        0  sqrt.o(i.sqrt)
    .constdata                               0x0800a498   Section       80  asin.o(.constdata)
    pS                                       0x0800a498   Data          48  asin.o(.constdata)
    qS                                       0x0800a4c8   Data          32  asin.o(.constdata)
    .constdata                               0x0800a4e8   Section      152  atan.o(.constdata)
    atanhi                                   0x0800a4e8   Data          32  atan.o(.constdata)
    atanlo                                   0x0800a508   Data          32  atan.o(.constdata)
    aTodd                                    0x0800a528   Data          40  atan.o(.constdata)
    aTeven                                   0x0800a550   Data          48  atan.o(.constdata)
    .constdata                               0x0800a580   Section      136  pow.o(.constdata)
    bp                                       0x0800a580   Data          16  pow.o(.constdata)
    dp_h                                     0x0800a590   Data          16  pow.o(.constdata)
    dp_l                                     0x0800a5a0   Data          16  pow.o(.constdata)
    L                                        0x0800a5b0   Data          48  pow.o(.constdata)
    P                                        0x0800a5e0   Data          40  pow.o(.constdata)
    .constdata                               0x0800a608   Section       48  cos_i.o(.constdata)
    C                                        0x0800a608   Data          48  cos_i.o(.constdata)
    .constdata                               0x0800a638   Section        8  qnan.o(.constdata)
    .constdata                               0x0800a640   Section      200  rred.o(.constdata)
    pio2s                                    0x0800a640   Data          48  rred.o(.constdata)
    twooverpi                                0x0800a670   Data         152  rred.o(.constdata)
    .constdata                               0x0800a708   Section       40  sin_i.o(.constdata)
    S                                        0x0800a708   Data          40  sin_i.o(.constdata)
    .data                                    0x20000000   Section       96  main.o(.data)
    .data                                    0x20000060   Section       32  stm32f4xx_it.o(.data)
    .data                                    0x20000080   Section       20  system_stm32f4xx.o(.data)
    .data                                    0x20000094   Section       20  copter_config.o(.data)
    .data                                    0x200000a8   Section       16  stm32f4xx_rcc.o(.data)
    APBAHBPrescTable                         0x200000a8   Data          16  stm32f4xx_rcc.o(.data)
    .data                                    0x200000b8   Section        4  delay.o(.data)
    fac_us                                   0x200000b8   Data           1  delay.o(.data)
    fac_ms                                   0x200000ba   Data           2  delay.o(.data)
    .data                                    0x200000bc   Section       44  hmc5883l.o(.data)
    .data                                    0x200000e8   Section      988  imu.o(.data)
    q__0                                     0x200000ec   Data           4  imu.o(.data)
    q__1                                     0x200000f0   Data           4  imu.o(.data)
    q__2                                     0x200000f4   Data           4  imu.o(.data)
    q__3                                     0x200000f8   Data           4  imu.o(.data)
    ex_Int                                   0x200000fc   Data           4  imu.o(.data)
    ey_Int                                   0x20000100   Data           4  imu.o(.data)
    ez_Int                                   0x20000104   Data           4  imu.o(.data)
    k10                                      0x20000108   Data           4  imu.o(.data)
    k11                                      0x2000010c   Data           4  imu.o(.data)
    k12                                      0x20000110   Data           4  imu.o(.data)
    k13                                      0x20000114   Data           4  imu.o(.data)
    k20                                      0x20000118   Data           4  imu.o(.data)
    k21                                      0x2000011c   Data           4  imu.o(.data)
    k22                                      0x20000120   Data           4  imu.o(.data)
    k23                                      0x20000124   Data           4  imu.o(.data)
    k30                                      0x20000128   Data           4  imu.o(.data)
    k31                                      0x2000012c   Data           4  imu.o(.data)
    k32                                      0x20000130   Data           4  imu.o(.data)
    k33                                      0x20000134   Data           4  imu.o(.data)
    k40                                      0x20000138   Data           4  imu.o(.data)
    k41                                      0x2000013c   Data           4  imu.o(.data)
    k42                                      0x20000140   Data           4  imu.o(.data)
    k43                                      0x20000144   Data           4  imu.o(.data)
    rateroll                                 0x20000148   Data           4  imu.o(.data)
    ratepitch                                0x2000014c   Data           4  imu.o(.data)
    rateyaw                                  0x20000150   Data           4  imu.o(.data)
    .data                                    0x200004c4   Section        4  imu.o(.data)
    .data                                    0x200004c8   Section        4  imu.o(.data)
    .data                                    0x200004cc   Section       20  mpu6050.o(.data)
    .data                                    0x200004e0   Section        2  ioi2c.o(.data)
    .data                                    0x200004e8   Section       48  ms5611.o(.data)
    .data                                    0x20000518   Section        4  my_printf.o(.data)
    .data                                    0x2000051c   Section       96  kalman.o(.data)
    .data                                    0x2000057c   Section        4  errno.o(.data)
    _errno                                   0x2000057c   Data           4  errno.o(.data)
    .bss                                     0x20000580   Section       60  main.o(.bss)
    .bss                                     0x200005bc   Section       58  stm32f4xx_it.o(.bss)
    .bss                                     0x200005f8   Section       48  copter_config.o(.bss)
    .bss                                     0x20000628   Section       66  hmc5883l.o(.bss)
    .bss                                     0x2000066c   Section     3232  imu.o(.bss)
    lastacc                                  0x20000714   Data          12  imu.o(.bss)
    q                                        0x20000720   Data          16  imu.o(.bss)
    MPU6050_raw                              0x200012dc   Data          12  imu.o(.bss)
    IMU_data                                 0x200012e8   Data          36  imu.o(.bss)
    .bss                                     0x2000130c   Section      146  mpu6050.o(.bss)
    .bss                                     0x2000139e   Section       12  ms5611.o(.bss)
    .bss                                     0x200013ac   Section       32  kalman.o(.bss)
    STACK                                    0x200013d0   Section     1024  startup_stm32f40_41xxx.o(STACK)

    Global Symbols

    Symbol Name                              Value     Ov Type        Size  Object(Section)

    BuildAttributes$$THM_ISAv4$E$P$D$K$B$S$7EM$VFPi3$EXTD16$VFPS$VFMA$PE$A:L22UL41UL21$X:L11$S22US41US21$IEEE1$IW$USESV6$~STKCKD$USESV7$~SHL$OTIME$ROPI$IEEEX$EBA8$MICROLIB$REQ8$PRES8$EABIv2 0x00000000   Number         0  anon$$obj.o ABSOLUTE
    __ARM_use_no_argv                        0x00000000   Number         0  main.o ABSOLUTE
    __use_no_errno                           0x00000000   Number         0  useno.o ABSOLUTE
    __use_no_exception_handling              0x00000000   Number         0  useno.o ABSOLUTE
    __use_no_fp                              0x00000000   Number         0  useno.o ABSOLUTE
    __use_no_heap                            0x00000000   Number         0  useno.o ABSOLUTE
    __use_no_heap_region                     0x00000000   Number         0  useno.o ABSOLUTE
    __use_no_semihosting                     0x00000000   Number         0  useno.o ABSOLUTE
    __use_no_semihosting_swi                 0x00000000   Number         0  useno.o ABSOLUTE
    __use_no_signal_handling                 0x00000000   Number         0  useno.o ABSOLUTE
    __arm_fini_                               - Undefined Weak Reference
    __cpp_initialize__aeabi_                  - Undefined Weak Reference
    __cxa_finalize                            - Undefined Weak Reference
    _clock_init                               - Undefined Weak Reference
    _microlib_exit                            - Undefined Weak Reference
    __Vectors_Size                           0x00000188   Number         0  startup_stm32f40_41xxx.o ABSOLUTE
    __Vectors                                0x08000000   Data           4  startup_stm32f40_41xxx.o(RESET)
    __Vectors_End                            0x08000188   Data           0  startup_stm32f40_41xxx.o(RESET)
    __main                                   0x08000189   Thumb Code     0  entry.o(.ARM.Collect$$$$00000000)
    _main_stk                                0x08000189   Thumb Code     0  entry2.o(.ARM.Collect$$$$00000001)
    _main_scatterload                        0x0800018d   Thumb Code     0  entry5.o(.ARM.Collect$$$$00000004)
    __main_after_scatterload                 0x08000191   Thumb Code     0  entry5.o(.ARM.Collect$$$$00000004)
    _main_clock                              0x08000191   Thumb Code     0  entry7b.o(.ARM.Collect$$$$00000008)
    _main_cpp_init                           0x08000191   Thumb Code     0  entry8b.o(.ARM.Collect$$$$0000000A)
    _main_init                               0x08000191   Thumb Code     0  entry9a.o(.ARM.Collect$$$$0000000B)
    __rt_lib_shutdown_fini                   0x08000199   Thumb Code     0  entry12b.o(.ARM.Collect$$$$0000000E)
    __rt_final_cpp                           0x0800019d   Thumb Code     0  entry10a.o(.ARM.Collect$$$$0000000F)
    __rt_final_exit                          0x0800019d   Thumb Code     0  entry11a.o(.ARM.Collect$$$$00000011)
    Initial_System_Timer                     0x080001a1   Thumb Code    60  main.o(.text)
    get_Baro                                 0x080001dd   Thumb Code    92  main.o(.text)
    main                                     0x08000239   Thumb Code   626  main.o(.text)
    NMI_Handler                              0x08000549   Thumb Code     2  stm32f4xx_it.o(.text)
    HardFault_Handler                        0x0800054b   Thumb Code     2  stm32f4xx_it.o(.text)
    MemManage_Handler                        0x0800054d   Thumb Code     2  stm32f4xx_it.o(.text)
    BusFault_Handler                         0x0800054f   Thumb Code     2  stm32f4xx_it.o(.text)
    UsageFault_Handler                       0x08000551   Thumb Code     2  stm32f4xx_it.o(.text)
    SVC_Handler                              0x08000553   Thumb Code     2  stm32f4xx_it.o(.text)
    DebugMon_Handler                         0x08000555   Thumb Code     2  stm32f4xx_it.o(.text)
    PendSV_Handler                           0x08000557   Thumb Code     2  stm32f4xx_it.o(.text)
    SysTick_Handler                          0x08000559   Thumb Code     2  stm32f4xx_it.o(.text)
    RC_update                                0x0800055b   Thumb Code    26  stm32f4xx_it.o(.text)
    EXTI1_IRQHandler                         0x08000575   Thumb Code    96  stm32f4xx_it.o(.text)
    rcv_USART_handler                        0x080005d5   Thumb Code     2  stm32f4xx_it.o(.text)
    USART2_IRQHandler                        0x080005d7   Thumb Code    62  stm32f4xx_it.o(.text)
    send_USART_PC                            0x08000615   Thumb Code     2  stm32f4xx_it.o(.text)
    EXTI9_5_IRQHandler                       0x08000617   Thumb Code   138  stm32f4xx_it.o(.text)
    SystemInit                               0x0800076f   Thumb Code    74  system_stm32f4xx.o(.text)
    SystemCoreClockUpdate                    0x080007b9   Thumb Code   108  system_stm32f4xx.o(.text)
    board_leds_config                        0x08000849   Thumb Code    74  copter_config.o(.text)
    TIM_PWM_Configuration                    0x08000893   Thumb Code   234  copter_config.o(.text)
    exti_gpio_config                         0x0800097d   Thumb Code   124  copter_config.o(.text)
    usart_printf_config                      0x080009f9   Thumb Code   148  copter_config.o(.text)
    Reset_Handler                            0x08000aad   Thumb Code     8  startup_stm32f40_41xxx.o(.text)
    ADC_IRQHandler                           0x08000ac7   Thumb Code     0  startup_stm32f40_41xxx.o(.text)
    CAN1_RX0_IRQHandler                      0x08000ac7   Thumb Code     0  startup_stm32f40_41xxx.o(.text)
    CAN1_RX1_IRQHandler                      0x08000ac7   Thumb Code     0  startup_stm32f40_41xxx.o(.text)
    CAN1_SCE_IRQHandler                      0x08000ac7   Thumb Code     0  startup_stm32f40_41xxx.o(.text)
    CAN1_TX_IRQHandler                       0x08000ac7   Thumb Code     0  startup_stm32f40_41xxx.o(.text)
    CAN2_RX0_IRQHandler                      0x08000ac7   Thumb Code     0  startup_stm32f40_41xxx.o(.text)
    CAN2_RX1_IRQHandler                      0x08000ac7   Thumb Code     0  startup_stm32f40_41xxx.o(.text)
    CAN2_SCE_IRQHandler                      0x08000ac7   Thumb Code     0  startup_stm32f40_41xxx.o(.text)
    CAN2_TX_IRQHandler                       0x08000ac7   Thumb Code     0  startup_stm32f40_41xxx.o(.text)
    CRYP_IRQHandler                          0x08000ac7   Thumb Code     0  startup_stm32f40_41xxx.o(.text)
    DCMI_IRQHandler                          0x08000ac7   Thumb Code     0  startup_stm32f40_41xxx.o(.text)
    DMA1_Stream0_IRQHandler                  0x08000ac7   Thumb Code     0  startup_stm32f40_41xxx.o(.text)
    DMA1_Stream1_IRQHandler                  0x08000ac7   Thumb Code     0  startup_stm32f40_41xxx.o(.text)
    DMA1_Stream2_IRQHandler                  0x08000ac7   Thumb Code     0  startup_stm32f40_41xxx.o(.text)
    DMA1_Stream3_IRQHandler                  0x08000ac7   Thumb Code     0  startup_stm32f40_41xxx.o(.text)
    DMA1_Stream4_IRQHandler                  0x08000ac7   Thumb Code     0  startup_stm32f40_41xxx.o(.text)
    DMA1_Stream5_IRQHandler                  0x08000ac7   Thumb Code     0  startup_stm32f40_41xxx.o(.text)
    DMA1_Stream6_IRQHandler                  0x08000ac7   Thumb Code     0  startup_stm32f40_41xxx.o(.text)
    DMA1_Stream7_IRQHandler                  0x08000ac7   Thumb Code     0  startup_stm32f40_41xxx.o(.text)
    DMA2_Stream0_IRQHandler                  0x08000ac7   Thumb Code     0  startup_stm32f40_41xxx.o(.text)
    DMA2_Stream1_IRQHandler                  0x08000ac7   Thumb Code     0  startup_stm32f40_41xxx.o(.text)
    DMA2_Stream2_IRQHandler                  0x08000ac7   Thumb Code     0  startup_stm32f40_41xxx.o(.text)
    DMA2_Stream3_IRQHandler                  0x08000ac7   Thumb Code     0  startup_stm32f40_41xxx.o(.text)
    DMA2_Stream4_IRQHandler                  0x08000ac7   Thumb Code     0  startup_stm32f40_41xxx.o(.text)
    DMA2_Stream5_IRQHandler                  0x08000ac7   Thumb Code     0  startup_stm32f40_41xxx.o(.text)
    DMA2_Stream6_IRQHandler                  0x08000ac7   Thumb Code     0  startup_stm32f40_41xxx.o(.text)
    DMA2_Stream7_IRQHandler                  0x08000ac7   Thumb Code     0  startup_stm32f40_41xxx.o(.text)
    ETH_IRQHandler                           0x08000ac7   Thumb Code     0  startup_stm32f40_41xxx.o(.text)
    ETH_WKUP_IRQHandler                      0x08000ac7   Thumb Code     0  startup_stm32f40_41xxx.o(.text)
    EXTI0_IRQHandler                         0x08000ac7   Thumb Code     0  startup_stm32f40_41xxx.o(.text)
    EXTI15_10_IRQHandler                     0x08000ac7   Thumb Code     0  startup_stm32f40_41xxx.o(.text)
    EXTI2_IRQHandler                         0x08000ac7   Thumb Code     0  startup_stm32f40_41xxx.o(.text)
    EXTI3_IRQHandler                         0x08000ac7   Thumb Code     0  startup_stm32f40_41xxx.o(.text)
    EXTI4_IRQHandler                         0x08000ac7   Thumb Code     0  startup_stm32f40_41xxx.o(.text)
    FLASH_IRQHandler                         0x08000ac7   Thumb Code     0  startup_stm32f40_41xxx.o(.text)
    FPU_IRQHandler                           0x08000ac7   Thumb Code     0  startup_stm32f40_41xxx.o(.text)
    FSMC_IRQHandler                          0x08000ac7   Thumb Code     0  startup_stm32f40_41xxx.o(.text)
    HASH_RNG_IRQHandler                      0x08000ac7   Thumb Code     0  startup_stm32f40_41xxx.o(.text)
    I2C1_ER_IRQHandler                       0x08000ac7   Thumb Code     0  startup_stm32f40_41xxx.o(.text)
    I2C1_EV_IRQHandler                       0x08000ac7   Thumb Code     0  startup_stm32f40_41xxx.o(.text)
    I2C2_ER_IRQHandler                       0x08000ac7   Thumb Code     0  startup_stm32f40_41xxx.o(.text)
    I2C2_EV_IRQHandler                       0x08000ac7   Thumb Code     0  startup_stm32f40_41xxx.o(.text)
    I2C3_ER_IRQHandler                       0x08000ac7   Thumb Code     0  startup_stm32f40_41xxx.o(.text)
    I2C3_EV_IRQHandler                       0x08000ac7   Thumb Code     0  startup_stm32f40_41xxx.o(.text)
    OTG_FS_IRQHandler                        0x08000ac7   Thumb Code     0  startup_stm32f40_41xxx.o(.text)
    OTG_FS_WKUP_IRQHandler                   0x08000ac7   Thumb Code     0  startup_stm32f40_41xxx.o(.text)
    OTG_HS_EP1_IN_IRQHandler                 0x08000ac7   Thumb Code     0  startup_stm32f40_41xxx.o(.text)
    OTG_HS_EP1_OUT_IRQHandler                0x08000ac7   Thumb Code     0  startup_stm32f40_41xxx.o(.text)
    OTG_HS_IRQHandler                        0x08000ac7   Thumb Code     0  startup_stm32f40_41xxx.o(.text)
    OTG_HS_WKUP_IRQHandler                   0x08000ac7   Thumb Code     0  startup_stm32f40_41xxx.o(.text)
    PVD_IRQHandler                           0x08000ac7   Thumb Code     0  startup_stm32f40_41xxx.o(.text)
    RCC_IRQHandler                           0x08000ac7   Thumb Code     0  startup_stm32f40_41xxx.o(.text)
    RTC_Alarm_IRQHandler                     0x08000ac7   Thumb Code     0  startup_stm32f40_41xxx.o(.text)
    RTC_WKUP_IRQHandler                      0x08000ac7   Thumb Code     0  startup_stm32f40_41xxx.o(.text)
    SDIO_IRQHandler                          0x08000ac7   Thumb Code     0  startup_stm32f40_41xxx.o(.text)
    SPI1_IRQHandler                          0x08000ac7   Thumb Code     0  startup_stm32f40_41xxx.o(.text)
    SPI2_IRQHandler                          0x08000ac7   Thumb Code     0  startup_stm32f40_41xxx.o(.text)
    SPI3_IRQHandler                          0x08000ac7   Thumb Code     0  startup_stm32f40_41xxx.o(.text)
    TAMP_STAMP_IRQHandler                    0x08000ac7   Thumb Code     0  startup_stm32f40_41xxx.o(.text)
    TIM1_BRK_TIM9_IRQHandler                 0x08000ac7   Thumb Code     0  startup_stm32f40_41xxx.o(.text)
    TIM1_CC_IRQHandler                       0x08000ac7   Thumb Code     0  startup_stm32f40_41xxx.o(.text)
    TIM1_TRG_COM_TIM11_IRQHandler            0x08000ac7   Thumb Code     0  startup_stm32f40_41xxx.o(.text)
    TIM1_UP_TIM10_IRQHandler                 0x08000ac7   Thumb Code     0  startup_stm32f40_41xxx.o(.text)
    TIM2_IRQHandler                          0x08000ac7   Thumb Code     0  startup_stm32f40_41xxx.o(.text)
    TIM3_IRQHandler                          0x08000ac7   Thumb Code     0  startup_stm32f40_41xxx.o(.text)
    TIM4_IRQHandler                          0x08000ac7   Thumb Code     0  startup_stm32f40_41xxx.o(.text)
    TIM5_IRQHandler                          0x08000ac7   Thumb Code     0  startup_stm32f40_41xxx.o(.text)
    TIM6_DAC_IRQHandler                      0x08000ac7   Thumb Code     0  startup_stm32f40_41xxx.o(.text)
    TIM7_IRQHandler                          0x08000ac7   Thumb Code     0  startup_stm32f40_41xxx.o(.text)
    TIM8_BRK_TIM12_IRQHandler                0x08000ac7   Thumb Code     0  startup_stm32f40_41xxx.o(.text)
    TIM8_CC_IRQHandler                       0x08000ac7   Thumb Code     0  startup_stm32f40_41xxx.o(.text)
    TIM8_TRG_COM_TIM14_IRQHandler            0x08000ac7   Thumb Code     0  startup_stm32f40_41xxx.o(.text)
    TIM8_UP_TIM13_IRQHandler                 0x08000ac7   Thumb Code     0  startup_stm32f40_41xxx.o(.text)
    UART4_IRQHandler                         0x08000ac7   Thumb Code     0  startup_stm32f40_41xxx.o(.text)
    UART5_IRQHandler                         0x08000ac7   Thumb Code     0  startup_stm32f40_41xxx.o(.text)
    USART1_IRQHandler                        0x08000ac7   Thumb Code     0  startup_stm32f40_41xxx.o(.text)
    USART3_IRQHandler                        0x08000ac7   Thumb Code     0  startup_stm32f40_41xxx.o(.text)
    USART6_IRQHandler                        0x08000ac7   Thumb Code     0  startup_stm32f40_41xxx.o(.text)
    WWDG_IRQHandler                          0x08000ac7   Thumb Code     0  startup_stm32f40_41xxx.o(.text)
    NVIC_PriorityGroupConfig                 0x08000ad1   Thumb Code    10  misc.o(.text)
    NVIC_Init                                0x08000adb   Thumb Code    96  misc.o(.text)
    NVIC_SetVectorTable                      0x08000b3b   Thumb Code    14  misc.o(.text)
    NVIC_SystemLPConfig                      0x08000b49   Thumb Code    20  misc.o(.text)
    SysTick_CLKSourceConfig                  0x08000b5d   Thumb Code    24  misc.o(.text)
    EXTI_DeInit                              0x08000b81   Thumb Code    28  stm32f4xx_exti.o(.text)
    EXTI_Init                                0x08000b9d   Thumb Code   108  stm32f4xx_exti.o(.text)
    EXTI_StructInit                          0x08000c09   Thumb Code    14  stm32f4xx_exti.o(.text)
    EXTI_GenerateSWInterrupt                 0x08000c17   Thumb Code    12  stm32f4xx_exti.o(.text)
    EXTI_GetFlagStatus                       0x08000c23   Thumb Code    18  stm32f4xx_exti.o(.text)
    EXTI_ClearFlag                           0x08000c35   Thumb Code     8  stm32f4xx_exti.o(.text)
    EXTI_GetITStatus                         0x08000c3d   Thumb Code    18  stm32f4xx_exti.o(.text)
    EXTI_ClearITPendingBit                   0x08000c4f   Thumb Code     8  stm32f4xx_exti.o(.text)
    GPIO_DeInit                              0x08000c61   Thumb Code   216  stm32f4xx_gpio.o(.text)
    GPIO_Init                                0x08000d39   Thumb Code   120  stm32f4xx_gpio.o(.text)
    GPIO_StructInit                          0x08000db1   Thumb Code    18  stm32f4xx_gpio.o(.text)
    GPIO_PinLockConfig                       0x08000dc3   Thumb Code    24  stm32f4xx_gpio.o(.text)
    GPIO_ReadInputDataBit                    0x08000ddb   Thumb Code    14  stm32f4xx_gpio.o(.text)
    GPIO_ReadInputData                       0x08000de9   Thumb Code     6  stm32f4xx_gpio.o(.text)
    GPIO_ReadOutputDataBit                   0x08000def   Thumb Code    14  stm32f4xx_gpio.o(.text)
    GPIO_ReadOutputData                      0x08000dfd   Thumb Code     6  stm32f4xx_gpio.o(.text)
    GPIO_SetBits                             0x08000e03   Thumb Code     4  stm32f4xx_gpio.o(.text)
    GPIO_ResetBits                           0x08000e07   Thumb Code     4  stm32f4xx_gpio.o(.text)
    GPIO_WriteBit                            0x08000e0b   Thumb Code    10  stm32f4xx_gpio.o(.text)
    GPIO_Write                               0x08000e15   Thumb Code     4  stm32f4xx_gpio.o(.text)
    GPIO_ToggleBits                          0x08000e19   Thumb Code     8  stm32f4xx_gpio.o(.text)
    GPIO_PinAFConfig                         0x08000e21   Thumb Code    32  stm32f4xx_gpio.o(.text)
    RCC_DeInit                               0x08000e6d   Thumb Code    68  stm32f4xx_rcc.o(.text)
    RCC_HSEConfig                            0x08000eb1   Thumb Code    12  stm32f4xx_rcc.o(.text)
    RCC_GetFlagStatus                        0x08000ebd   Thumb Code    46  stm32f4xx_rcc.o(.text)
    RCC_WaitForHSEStartUp                    0x08000eeb   Thumb Code    44  stm32f4xx_rcc.o(.text)
    RCC_AdjustHSICalibrationValue            0x08000f17   Thumb Code    16  stm32f4xx_rcc.o(.text)
    RCC_HSICmd                               0x08000f27   Thumb Code     6  stm32f4xx_rcc.o(.text)
    RCC_LSEConfig                            0x08000f2d   Thumb Code    24  stm32f4xx_rcc.o(.text)
    RCC_LSICmd                               0x08000f45   Thumb Code     6  stm32f4xx_rcc.o(.text)
    RCC_PLLConfig                            0x08000f4b   Thumb Code    32  stm32f4xx_rcc.o(.text)
    RCC_PLLCmd                               0x08000f6b   Thumb Code     6  stm32f4xx_rcc.o(.text)
    RCC_PLLI2SConfig                         0x08000f71   Thumb Code    14  stm32f4xx_rcc.o(.text)
    RCC_PLLI2SCmd                            0x08000f7f   Thumb Code     6  stm32f4xx_rcc.o(.text)
    RCC_PLLSAIConfig                         0x08000f85   Thumb Code    18  stm32f4xx_rcc.o(.text)
    RCC_PLLSAICmd                            0x08000f97   Thumb Code     6  stm32f4xx_rcc.o(.text)
    RCC_ClockSecuritySystemCmd               0x08000f9d   Thumb Code     6  stm32f4xx_rcc.o(.text)
    RCC_MCO1Config                           0x08000fa3   Thumb Code    18  stm32f4xx_rcc.o(.text)
    RCC_MCO2Config                           0x08000fb5   Thumb Code    18  stm32f4xx_rcc.o(.text)
    RCC_SYSCLKConfig                         0x08000fc7   Thumb Code    16  stm32f4xx_rcc.o(.text)
    RCC_GetSYSCLKSource                      0x08000fd7   Thumb Code    12  stm32f4xx_rcc.o(.text)
    RCC_HCLKConfig                           0x08000fe3   Thumb Code    16  stm32f4xx_rcc.o(.text)
    RCC_PCLK1Config                          0x08000ff3   Thumb Code    16  stm32f4xx_rcc.o(.text)
    RCC_PCLK2Config                          0x08001003   Thumb Code    18  stm32f4xx_rcc.o(.text)
    RCC_GetClocksFreq                        0x08001015   Thumb Code   134  stm32f4xx_rcc.o(.text)
    RCC_RTCCLKConfig                         0x0800109b   Thumb Code    42  stm32f4xx_rcc.o(.text)
    RCC_RTCCLKCmd                            0x080010c5   Thumb Code     8  stm32f4xx_rcc.o(.text)
    RCC_BackupResetCmd                       0x080010cd   Thumb Code     8  stm32f4xx_rcc.o(.text)
    RCC_I2SCLKConfig                         0x080010d5   Thumb Code     8  stm32f4xx_rcc.o(.text)
    RCC_SAIPLLI2SClkDivConfig                0x080010dd   Thumb Code    18  stm32f4xx_rcc.o(.text)
    RCC_SAIPLLSAIClkDivConfig                0x080010ef   Thumb Code    24  stm32f4xx_rcc.o(.text)
    RCC_SAIBlockACLKConfig                   0x08001107   Thumb Code    16  stm32f4xx_rcc.o(.text)
    RCC_SAIBlockBCLKConfig                   0x08001117   Thumb Code    16  stm32f4xx_rcc.o(.text)
    RCC_LTDCCLKDivConfig                     0x08001127   Thumb Code    16  stm32f4xx_rcc.o(.text)
    RCC_TIMCLKPresConfig                     0x08001137   Thumb Code     8  stm32f4xx_rcc.o(.text)
    RCC_AHB1PeriphClockCmd                   0x0800113f   Thumb Code    20  stm32f4xx_rcc.o(.text)
    RCC_AHB2PeriphClockCmd                   0x08001153   Thumb Code    20  stm32f4xx_rcc.o(.text)
    RCC_AHB3PeriphClockCmd                   0x08001167   Thumb Code    20  stm32f4xx_rcc.o(.text)
    RCC_APB1PeriphClockCmd                   0x0800117b   Thumb Code    20  stm32f4xx_rcc.o(.text)
    RCC_APB2PeriphClockCmd                   0x0800118f   Thumb Code    20  stm32f4xx_rcc.o(.text)
    RCC_AHB1PeriphResetCmd                   0x080011a3   Thumb Code    20  stm32f4xx_rcc.o(.text)
    RCC_AHB2PeriphResetCmd                   0x080011b7   Thumb Code    20  stm32f4xx_rcc.o(.text)
    RCC_AHB3PeriphResetCmd                   0x080011cb   Thumb Code    20  stm32f4xx_rcc.o(.text)
    RCC_APB1PeriphResetCmd                   0x080011df   Thumb Code    20  stm32f4xx_rcc.o(.text)
    RCC_APB2PeriphResetCmd                   0x080011f3   Thumb Code    20  stm32f4xx_rcc.o(.text)
    RCC_AHB1PeriphClockLPModeCmd             0x08001207   Thumb Code    20  stm32f4xx_rcc.o(.text)
    RCC_AHB2PeriphClockLPModeCmd             0x0800121b   Thumb Code    20  stm32f4xx_rcc.o(.text)
    RCC_AHB3PeriphClockLPModeCmd             0x0800122f   Thumb Code    20  stm32f4xx_rcc.o(.text)
    RCC_APB1PeriphClockLPModeCmd             0x08001243   Thumb Code    64  stm32f4xx_rcc.o(.text)
    RCC_APB2PeriphClockLPModeCmd             0x08001283   Thumb Code    18  stm32f4xx_rcc.o(.text)
    RCC_LSEModeConfig                        0x08001295   Thumb Code    24  stm32f4xx_rcc.o(.text)
    RCC_ITConfig                             0x080012ad   Thumb Code    20  stm32f4xx_rcc.o(.text)
    RCC_ClearFlag                            0x080012c1   Thumb Code    14  stm32f4xx_rcc.o(.text)
    RCC_GetITStatus                          0x080012cf   Thumb Code    18  stm32f4xx_rcc.o(.text)
    RCC_ClearITPendingBit                    0x080012e1   Thumb Code     8  stm32f4xx_rcc.o(.text)
    SYSCFG_DeInit                            0x080012ed   Thumb Code    24  stm32f4xx_syscfg.o(.text)
    SYSCFG_MemoryRemapConfig                 0x08001305   Thumb Code     6  stm32f4xx_syscfg.o(.text)
    SYSCFG_MemorySwappingBank                0x0800130b   Thumb Code     6  stm32f4xx_syscfg.o(.text)
    SYSCFG_EXTILineConfig                    0x08001311   Thumb Code    42  stm32f4xx_syscfg.o(.text)
    SYSCFG_ETH_MediaInterfaceConfig          0x0800133b   Thumb Code     8  stm32f4xx_syscfg.o(.text)
    SYSCFG_CompensationCellCmd               0x08001343   Thumb Code     6  stm32f4xx_syscfg.o(.text)
    SYSCFG_GetCompensationCellStatus         0x08001349   Thumb Code    16  stm32f4xx_syscfg.o(.text)
    TIM_DeInit                               0x08001369   Thumb Code   284  stm32f4xx_tim.o(.text)
    TIM_TimeBaseInit                         0x08001485   Thumb Code    96  stm32f4xx_tim.o(.text)
    TIM_TimeBaseStructInit                   0x080014e5   Thumb Code    18  stm32f4xx_tim.o(.text)
    TIM_PrescalerConfig                      0x080014f7   Thumb Code     6  stm32f4xx_tim.o(.text)
    TIM_CounterModeConfig                    0x080014fd   Thumb Code    12  stm32f4xx_tim.o(.text)
    TIM_SetCounter                           0x08001509   Thumb Code     4  stm32f4xx_tim.o(.text)
    TIM_SetAutoreload                        0x0800150d   Thumb Code     4  stm32f4xx_tim.o(.text)
    TIM_GetCounter                           0x08001511   Thumb Code     4  stm32f4xx_tim.o(.text)
    TIM_GetPrescaler                         0x08001515   Thumb Code     4  stm32f4xx_tim.o(.text)
    TIM_UpdateDisableConfig                  0x08001519   Thumb Code    20  stm32f4xx_tim.o(.text)
    TIM_UpdateRequestConfig                  0x0800152d   Thumb Code    20  stm32f4xx_tim.o(.text)
    TIM_ARRPreloadConfig                     0x08001541   Thumb Code    20  stm32f4xx_tim.o(.text)
    TIM_SelectOnePulseMode                   0x08001555   Thumb Code    16  stm32f4xx_tim.o(.text)
    TIM_SetClockDivision                     0x08001565   Thumb Code    16  stm32f4xx_tim.o(.text)
    TIM_Cmd                                  0x08001575   Thumb Code    20  stm32f4xx_tim.o(.text)
    TIM_OC1Init                              0x08001589   Thumb Code    88  stm32f4xx_tim.o(.text)
    TIM_OC2Init                              0x080015e1   Thumb Code   120  stm32f4xx_tim.o(.text)
    TIM_OC3Init                              0x08001659   Thumb Code   116  stm32f4xx_tim.o(.text)
    TIM_OC4Init                              0x080016cd   Thumb Code    88  stm32f4xx_tim.o(.text)
    TIM_OCStructInit                         0x08001725   Thumb Code    20  stm32f4xx_tim.o(.text)
    TIM_SelectOCxM                           0x08001739   Thumb Code   130  stm32f4xx_tim.o(.text)
    TIM_SetCompare1                          0x080017bb   Thumb Code     4  stm32f4xx_tim.o(.text)
    TIM_SetCompare2                          0x080017bf   Thumb Code     4  stm32f4xx_tim.o(.text)
    TIM_SetCompare3                          0x080017c3   Thumb Code     4  stm32f4xx_tim.o(.text)
    TIM_SetCompare4                          0x080017c7   Thumb Code     4  stm32f4xx_tim.o(.text)
    TIM_ForcedOC1Config                      0x080017cb   Thumb Code    12  stm32f4xx_tim.o(.text)
    TIM_ForcedOC2Config                      0x080017d7   Thumb Code    20  stm32f4xx_tim.o(.text)
    TIM_ForcedOC3Config                      0x080017eb   Thumb Code    12  stm32f4xx_tim.o(.text)
    TIM_ForcedOC4Config                      0x080017f7   Thumb Code    20  stm32f4xx_tim.o(.text)
    TIM_OC1PreloadConfig                     0x0800180b   Thumb Code    12  stm32f4xx_tim.o(.text)
    TIM_OC2PreloadConfig                     0x08001817   Thumb Code    20  stm32f4xx_tim.o(.text)
    TIM_OC3PreloadConfig                     0x0800182b   Thumb Code    12  stm32f4xx_tim.o(.text)
    TIM_OC4PreloadConfig                     0x08001837   Thumb Code    20  stm32f4xx_tim.o(.text)
    TIM_OC1FastConfig                        0x0800184b   Thumb Code    12  stm32f4xx_tim.o(.text)
    TIM_OC2FastConfig                        0x08001857   Thumb Code    20  stm32f4xx_tim.o(.text)
    TIM_OC3FastConfig                        0x0800186b   Thumb Code    12  stm32f4xx_tim.o(.text)
    TIM_OC4FastConfig                        0x08001877   Thumb Code    20  stm32f4xx_tim.o(.text)
    TIM_ClearOC1Ref                          0x0800188b   Thumb Code    12  stm32f4xx_tim.o(.text)
    TIM_ClearOC2Ref                          0x08001897   Thumb Code    20  stm32f4xx_tim.o(.text)
    TIM_ClearOC3Ref                          0x080018ab   Thumb Code    12  stm32f4xx_tim.o(.text)
    TIM_ClearOC4Ref                          0x080018b7   Thumb Code    20  stm32f4xx_tim.o(.text)
    TIM_OC1PolarityConfig                    0x080018cb   Thumb Code    12  stm32f4xx_tim.o(.text)
    TIM_OC1NPolarityConfig                   0x080018d7   Thumb Code    12  stm32f4xx_tim.o(.text)
    TIM_OC2PolarityConfig                    0x080018e3   Thumb Code    20  stm32f4xx_tim.o(.text)
    TIM_OC2NPolarityConfig                   0x080018f7   Thumb Code    20  stm32f4xx_tim.o(.text)
    TIM_OC3PolarityConfig                    0x0800190b   Thumb Code    20  stm32f4xx_tim.o(.text)
    TIM_OC3NPolarityConfig                   0x0800191f   Thumb Code    20  stm32f4xx_tim.o(.text)
    TIM_OC4PolarityConfig                    0x08001933   Thumb Code    20  stm32f4xx_tim.o(.text)
    TIM_CCxCmd                               0x08001947   Thumb Code    22  stm32f4xx_tim.o(.text)
    TIM_CCxNCmd                              0x0800195d   Thumb Code    22  stm32f4xx_tim.o(.text)
    TIM_SetIC4Prescaler                      0x08001973   Thumb Code    24  stm32f4xx_tim.o(.text)
    TIM_SetIC3Prescaler                      0x0800198b   Thumb Code    16  stm32f4xx_tim.o(.text)
    TIM_SetIC2Prescaler                      0x0800199b   Thumb Code    24  stm32f4xx_tim.o(.text)
    TIM_SetIC1Prescaler                      0x080019e9   Thumb Code    16  stm32f4xx_tim.o(.text)
    TIM_ICInit                               0x080019f9   Thumb Code   164  stm32f4xx_tim.o(.text)
    TIM_ICStructInit                         0x08001a9d   Thumb Code    16  stm32f4xx_tim.o(.text)
    TIM_PWMIConfig                           0x08001aad   Thumb Code   104  stm32f4xx_tim.o(.text)
    TIM_GetCapture1                          0x08001b15   Thumb Code     4  stm32f4xx_tim.o(.text)
    TIM_GetCapture2                          0x08001b19   Thumb Code     4  stm32f4xx_tim.o(.text)
    TIM_GetCapture3                          0x08001b1d   Thumb Code     4  stm32f4xx_tim.o(.text)
    TIM_GetCapture4                          0x08001b21   Thumb Code     4  stm32f4xx_tim.o(.text)
    TIM_BDTRConfig                           0x08001b25   Thumb Code    34  stm32f4xx_tim.o(.text)
    TIM_BDTRStructInit                       0x08001b47   Thumb Code    18  stm32f4xx_tim.o(.text)
    TIM_CtrlPWMOutputs                       0x08001b59   Thumb Code    22  stm32f4xx_tim.o(.text)
    TIM_SelectCOM                            0x08001b6f   Thumb Code    20  stm32f4xx_tim.o(.text)
    TIM_CCPreloadControl                     0x08001b83   Thumb Code    20  stm32f4xx_tim.o(.text)
    TIM_ITConfig                             0x08001b97   Thumb Code    16  stm32f4xx_tim.o(.text)
    TIM_GenerateEvent                        0x08001ba7   Thumb Code     4  stm32f4xx_tim.o(.text)
    TIM_GetFlagStatus                        0x08001bab   Thumb Code    14  stm32f4xx_tim.o(.text)
    TIM_ClearFlag                            0x08001bb9   Thumb Code     6  stm32f4xx_tim.o(.text)
    TIM_GetITStatus                          0x08001bbf   Thumb Code    24  stm32f4xx_tim.o(.text)
    TIM_ClearITPendingBit                    0x08001bd7   Thumb Code     6  stm32f4xx_tim.o(.text)
    TIM_DMAConfig                            0x08001bdd   Thumb Code     8  stm32f4xx_tim.o(.text)
    TIM_DMACmd                               0x08001be5   Thumb Code    16  stm32f4xx_tim.o(.text)
    TIM_SelectCCDMA                          0x08001bf5   Thumb Code    20  stm32f4xx_tim.o(.text)
    TIM_InternalClockConfig                  0x08001c09   Thumb Code    10  stm32f4xx_tim.o(.text)
    TIM_SelectInputTrigger                   0x08001c13   Thumb Code    12  stm32f4xx_tim.o(.text)
    TIM_ITRxExternalClockConfig              0x08001c1f   Thumb Code    18  stm32f4xx_tim.o(.text)
    TIM_TIxExternalClockConfig               0x08001c31   Thumb Code    46  stm32f4xx_tim.o(.text)
    TIM_ETRConfig                            0x08001c5f   Thumb Code    24  stm32f4xx_tim.o(.text)
    TIM_ETRClockMode1Config                  0x08001c77   Thumb Code    18  stm32f4xx_tim.o(.text)
    TIM_ETRClockMode2Config                  0x08001c89   Thumb Code    18  stm32f4xx_tim.o(.text)
    TIM_SelectOutputTrigger                  0x08001c9b   Thumb Code    16  stm32f4xx_tim.o(.text)
    TIM_SelectSlaveMode                      0x08001cab   Thumb Code    16  stm32f4xx_tim.o(.text)
    TIM_SelectMasterSlaveMode                0x08001cbb   Thumb Code    16  stm32f4xx_tim.o(.text)
    TIM_EncoderInterfaceConfig               0x08001ccb   Thumb Code    50  stm32f4xx_tim.o(.text)
    TIM_SelectHallSensor                     0x08001cfd   Thumb Code    20  stm32f4xx_tim.o(.text)
    TIM_RemapConfig                          0x08001d11   Thumb Code     6  stm32f4xx_tim.o(.text)
    USART_DeInit                             0x08001d45   Thumb Code   138  stm32f4xx_usart.o(.text)
    USART_Init                               0x08001dcf   Thumb Code   164  stm32f4xx_usart.o(.text)
    USART_StructInit                         0x08001e73   Thumb Code    22  stm32f4xx_usart.o(.text)
    USART_ClockInit                          0x08001e89   Thumb Code    28  stm32f4xx_usart.o(.text)
    USART_ClockStructInit                    0x08001ea5   Thumb Code    12  stm32f4xx_usart.o(.text)
    USART_Cmd                                0x08001eb1   Thumb Code    20  stm32f4xx_usart.o(.text)
    USART_SetPrescaler                       0x08001ec5   Thumb Code    16  stm32f4xx_usart.o(.text)
    USART_OverSampling8Cmd                   0x08001ed5   Thumb Code    20  stm32f4xx_usart.o(.text)
    USART_OneBitMethodCmd                    0x08001ee9   Thumb Code    20  stm32f4xx_usart.o(.text)
    USART_SendData                           0x08001efd   Thumb Code     8  stm32f4xx_usart.o(.text)
    USART_ReceiveData                        0x08001f05   Thumb Code     8  stm32f4xx_usart.o(.text)
    USART_SetAddress                         0x08001f0d   Thumb Code    16  stm32f4xx_usart.o(.text)
    USART_ReceiverWakeUpCmd                  0x08001f1d   Thumb Code    20  stm32f4xx_usart.o(.text)
    USART_WakeUpConfig                       0x08001f31   Thumb Code    16  stm32f4xx_usart.o(.text)
    USART_LINBreakDetectLengthConfig         0x08001f41   Thumb Code    16  stm32f4xx_usart.o(.text)
    USART_LINCmd                             0x08001f51   Thumb Code    20  stm32f4xx_usart.o(.text)
    USART_SendBreak                          0x08001f65   Thumb Code    10  stm32f4xx_usart.o(.text)
    USART_HalfDuplexCmd                      0x08001f6f   Thumb Code    20  stm32f4xx_usart.o(.text)
    USART_SetGuardTime                       0x08001f83   Thumb Code    16  stm32f4xx_usart.o(.text)
    USART_SmartCardCmd                       0x08001f93   Thumb Code    20  stm32f4xx_usart.o(.text)
    USART_SmartCardNACKCmd                   0x08001fa7   Thumb Code    20  stm32f4xx_usart.o(.text)
    USART_IrDAConfig                         0x08001fbb   Thumb Code    16  stm32f4xx_usart.o(.text)
    USART_IrDACmd                            0x08001fcb   Thumb Code    20  stm32f4xx_usart.o(.text)
    USART_DMACmd                             0x08001fdf   Thumb Code    16  stm32f4xx_usart.o(.text)
    USART_ITConfig                           0x08001fef   Thumb Code    48  stm32f4xx_usart.o(.text)
    USART_GetFlagStatus                      0x0800201f   Thumb Code    14  stm32f4xx_usart.o(.text)
    USART_ClearFlag                          0x0800202d   Thumb Code     6  stm32f4xx_usart.o(.text)
    USART_GetITStatus                        0x08002033   Thumb Code    62  stm32f4xx_usart.o(.text)
    USART_ClearITPendingBit                  0x08002071   Thumb Code    12  stm32f4xx_usart.o(.text)
    delay_init                               0x0800209d   Thumb Code    38  delay.o(.text)
    delay_us                                 0x080020c3   Thumb Code    46  delay.o(.text)
    delay_xms                                0x080020f1   Thumb Code    46  delay.o(.text)
    delay_ms                                 0x0800211f   Thumb Code    50  delay.o(.text)
    HMC5883_IS_newdata                       0x08002155   Thumb Code    20  hmc5883l.o(.text)
    HMC58X3_newValues                        0x08002169   Thumb Code   192  hmc5883l.o(.text)
    HMC58X3_getRaw                           0x08002229   Thumb Code    78  hmc5883l.o(.text)
    HMC58X3_FIFO_init                        0x08002277   Thumb Code    32  hmc5883l.o(.text)
    HMC58X3_writeReg                         0x08002297   Thumb Code    10  hmc5883l.o(.text)
    HMC58X3_getlastValues                    0x080022a1   Thumb Code    20  hmc5883l.o(.text)
    HMC58X3_mgetValues                       0x080022b5   Thumb Code   120  hmc5883l.o(.text)
    HMC58X3_setGain                          0x0800232d   Thumb Code    14  hmc5883l.o(.text)
    HMC58X3_setMode                          0x0800233b   Thumb Code    26  hmc5883l.o(.text)
    HMC58X3_init                             0x08002355   Thumb Code    36  hmc5883l.o(.text)
    HMC58X3_setDOR                           0x08002379   Thumb Code    14  hmc5883l.o(.text)
    HMC58X3_getID                            0x08002387   Thumb Code    36  hmc5883l.o(.text)
    HMC5883L_SetUp                           0x080023ab   Thumb Code    26  hmc5883l.o(.text)
    HMC5883L_Start_Calib                     0x080023c5   Thumb Code    22  hmc5883l.o(.text)
    invSqrt                                  0x080023e9   Thumb Code    68  imu.o(.text)
    IMU_init                                 0x0800242d   Thumb Code   102  imu.o(.text)
    IMU_getValues                            0x08002493   Thumb Code   158  imu.o(.text)
    AHRSupdate                               0x08002531   Thumb Code  7342  imu.o(.text)
    safe_asin                                0x080041df   Thumb Code    86  imu.o(.text)
    Kalman_AHRSupdate                        0x08004235   Thumb Code  2410  imu.o(.text)
    KalmanAHRS_getQ                          0x08004b9f   Thumb Code   112  imu.o(.text)
    KalmanAHRS_getRollPitchYaw               0x08004c0f   Thumb Code   348  imu.o(.text)
    FreeIMU_AHRSupdate                       0x08004d6b   Thumb Code  1222  imu.o(.text)
    IMU_AHRSupdate                           0x08005231   Thumb Code  1714  imu.o(.text)
    IMU_getQ                                 0x080058e3   Thumb Code   174  imu.o(.text)
    IMU_getRollPitchYaw                      0x08005991   Thumb Code   384  imu.o(.text)
    LPF                                      0x08005b11   Thumb Code    46  imu.o(.text)
    simple_imu                               0x08005b3f   Thumb Code  1146  imu.o(.text)
    IMU_getAttitude                          0x08005fb9   Thumb Code   386  imu.o(.text)
    Initialize_Q                             0x0800613b   Thumb Code  1828  imu.o(.text)
    Kalman_AHRS_init                         0x0800685f   Thumb Code    42  imu.o(.text)
    MPU6050_getAvg                           0x08006891   Thumb Code    28  mpu6050.o(.text)
    MPU6050_setClockSource                   0x080068ad   Thumb Code    18  mpu6050.o(.text)
    MPU6050_setFullScaleGyroRange            0x080068bf   Thumb Code    18  mpu6050.o(.text)
    MPU6050_setFullScaleAccelRange           0x080068d1   Thumb Code    18  mpu6050.o(.text)
    MPU6050_setSleepEnabled                  0x080068e3   Thumb Code    12  mpu6050.o(.text)
    MPU6050_getDeviceID                      0x080068ef   Thumb Code    20  mpu6050.o(.text)
    MPU6050_testConnection                   0x08006903   Thumb Code    18  mpu6050.o(.text)
    MPU6050_setI2CMasterModeEnabled          0x08006915   Thumb Code    12  mpu6050.o(.text)
    MPU6050_setI2CBypassEnabled              0x08006921   Thumb Code    12  mpu6050.o(.text)
    MPU6050_newValues                        0x0800692d   Thumb Code   132  mpu6050.o(.text)
    MPU6050_is_DRY                           0x080069b1   Thumb Code    20  mpu6050.o(.text)
    MPU6050_getMotion6                       0x080069c5   Thumb Code   164  mpu6050.o(.text)
    MPU6050_initialize                       0x08006a69   Thumb Code   160  mpu6050.o(.text)
    Write_Gyro_Offset                        0x08006b09   Thumb Code    10  mpu6050.o(.text)
    MPU6050_InitGyro_Offset                  0x08006b13   Thumb Code   148  mpu6050.o(.text)
    MPU6050_Calculate_MPU6050_Offset         0x08006ba7   Thumb Code   222  mpu6050.o(.text)
    IIC_Init                                 0x08006c91   Thumb Code    46  ioi2c.o(.text)
    IIC_Start                                0x08006cbf   Thumb Code    56  ioi2c.o(.text)
    IIC_Stop                                 0x08006cf7   Thumb Code    58  ioi2c.o(.text)
    IIC_Wait_Ack                             0x08006d31   Thumb Code    82  ioi2c.o(.text)
    IIC_Ack                                  0x08006d83   Thumb Code    54  ioi2c.o(.text)
    IIC_NAck                                 0x08006db9   Thumb Code    56  ioi2c.o(.text)
    IIC_Send_Byte                            0x08006df1   Thumb Code    86  ioi2c.o(.text)
    IIC_Read_Byte                            0x08006e47   Thumb Code    96  ioi2c.o(.text)
    I2C_ReadOneByte                          0x08006ea7   Thumb Code    62  ioi2c.o(.text)
    IICreadBytes                             0x08006ee5   Thumb Code    90  ioi2c.o(.text)
    IICwriteBytes                            0x08006f3f   Thumb Code    68  ioi2c.o(.text)
    IICreadByte                              0x08006f83   Thumb Code    14  ioi2c.o(.text)
    IICwriteByte                             0x08006f91   Thumb Code    12  ioi2c.o(.text)
    IICwriteBits                             0x08006f9d   Thumb Code    84  ioi2c.o(.text)
    IICwriteBit                              0x08006ff1   Thumb Code    48  ioi2c.o(.text)
    readRegister16                           0x08007031   Thumb Code    28  ms5611.o(.text)
    readPROM                                 0x0800704d   Thumb Code    32  ms5611.o(.text)
    setOversampling                          0x0800706d   Thumb Code    44  ms5611.o(.text)
    ms5611WriteByte                          0x08007099   Thumb Code    10  ms5611.o(.text)
    reset                                    0x080070a3   Thumb Code     4  ms5611.o(.text)
    begin                                    0x080070a7   Thumb Code    26  ms5611.o(.text)
    getAltitude                              0x080070c1   Thumb Code    60  ms5611.o(.text)
    readPressure                             0x080070fd   Thumb Code   324  ms5611.o(.text)
    readRegister24                           0x08007241   Thumb Code    36  ms5611.o(.text)
    readRawPressure                          0x08007265   Thumb Code     4  ms5611.o(.text)
    readTemperature                          0x08007269   Thumb Code   106  ms5611.o(.text)
    readRawTemperature                       0x080072d3   Thumb Code     4  ms5611.o(.text)
    update_baro                              0x080072d7   Thumb Code   304  ms5611.o(.text)
    getOversampling                          0x08007407   Thumb Code     6  ms5611.o(.text)
    getSeaLevel                              0x0800740d   Thumb Code   146  ms5611.o(.text)
    fputc                                    0x080074a1   Thumb Code    30  my_printf.o(.text)
    fgetc                                    0x080074bf   Thumb Code    26  my_printf.o(.text)
    ferror                                   0x080074d9   Thumb Code     6  my_printf.o(.text)
    _ttywrch                                 0x080074df   Thumb Code    30  my_printf.o(.text)
    _sys_exit                                0x080074fd   Thumb Code     2  my_printf.o(.text)
    Kalman_getAngle_roll                     0x08007509   Thumb Code   190  kalman.o(.text)
    Kalman_getAngle_pitch                    0x080075c7   Thumb Code   192  kalman.o(.text)
    MatrixAdd                                0x08007691   Thumb Code    58  matrix.o(.text)
    MatrixSub                                0x080076cb   Thumb Code    58  matrix.o(.text)
    MatrixMultiply                           0x08007705   Thumb Code    92  matrix.o(.text)
    MatrixTranspose                          0x08007761   Thumb Code    48  matrix.o(.text)
    MatrixProduct                            0x08007791   Thumb Code   124  matrix.o(.text)
    MatrixE                                  0x0800780d   Thumb Code    58  matrix.o(.text)
    MatrixDet2                               0x08007847   Thumb Code    40  matrix.o(.text)
    MatrixInverse2                           0x0800786f   Thumb Code   100  matrix.o(.text)
    MatrixInverse                            0x080078d3   Thumb Code   530  matrix.o(.text)
    UD                                       0x08007ae5   Thumb Code   320  matrix.o(.text)
    Norm                                     0x08007c25   Thumb Code    72  matrix.o(.text)
    __aeabi_ldivmod                          0x08007c6d   Thumb Code    98  ldiv.o(.text)
    __aeabi_dadd                             0x08007ccf   Thumb Code   322  dadd.o(.text)
    __aeabi_dsub                             0x08007e11   Thumb Code     6  dadd.o(.text)
    __aeabi_drsub                            0x08007e17   Thumb Code     6  dadd.o(.text)
    __aeabi_dmul                             0x08007e1d   Thumb Code   228  dmul.o(.text)
    __aeabi_ddiv                             0x08007f01   Thumb Code   222  ddiv.o(.text)
    __aeabi_i2d                              0x08007fdf   Thumb Code    34  dflti.o(.text)
    __aeabi_ui2d                             0x08008001   Thumb Code    26  dfltui.o(.text)
    __aeabi_d2iz                             0x0800801b   Thumb Code    62  dfixi.o(.text)
    __aeabi_f2d                              0x08008059   Thumb Code    38  f2d.o(.text)
    __aeabi_cdrcmple                         0x08008081   Thumb Code    48  cdrcmple.o(.text)
    __aeabi_d2f                              0x080080b1   Thumb Code    56  d2f.o(.text)
    __aeabi_uldivmod                         0x080080e9   Thumb Code    98  uldiv.o(.text)
    __aeabi_llsl                             0x0800814b   Thumb Code    30  llshl.o(.text)
    _ll_shift_l                              0x0800814b   Thumb Code     0  llshl.o(.text)
    __aeabi_llsr                             0x08008169   Thumb Code    32  llushr.o(.text)
    _ll_ushift_r                             0x08008169   Thumb Code     0  llushr.o(.text)
    __aeabi_lasr                             0x08008189   Thumb Code    36  llsshr.o(.text)
    _ll_sshift_r                             0x08008189   Thumb Code     0  llsshr.o(.text)
    __I$use$fp                               0x080081ad   Thumb Code     0  iusefp.o(.text)
    _float_round                             0x080081ad   Thumb Code    18  fepilogue.o(.text)
    _float_epilogue                          0x080081bf   Thumb Code    92  fepilogue.o(.text)
    _double_round                            0x0800821b   Thumb Code    30  depilogue.o(.text)
    _double_epilogue                         0x08008239   Thumb Code   156  depilogue.o(.text)
    __ARM_scalbn                             0x080082d5   Thumb Code    46  dscalb.o(.text)
    scalbn                                   0x080082d5   Thumb Code     0  dscalb.o(.text)
    _dsqrt                                   0x08008303   Thumb Code   162  dsqrt.o(.text)
    __aeabi_cdcmpeq                          0x080083a5   Thumb Code     0  cdcmple.o(.text)
    __aeabi_cdcmple                          0x080083a5   Thumb Code    48  cdcmple.o(.text)
    __scatterload                            0x080083d5   Thumb Code    28  init.o(.text)
    __scatterload_rt2                        0x080083d5   Thumb Code     0  init.o(.text)
    __decompress                             0x080083f9   Thumb Code     0  __dczerorl2.o(.text)
    __decompress1                            0x080083f9   Thumb Code    86  __dczerorl2.o(.text)
    __0printf$bare                           0x08008451   Thumb Code     8  printfb.o(i.__0printf$bare)
    __1printf$bare                           0x08008451   Thumb Code     0  printfb.o(i.__0printf$bare)
    __2printf                                0x08008451   Thumb Code     0  printfb.o(i.__0printf$bare)
    __ARM_fpclassify                         0x08008461   Thumb Code    48  fpclassify.o(i.__ARM_fpclassify)
    __hardfp_asin                            0x08008491   Thumb Code   770  asin.o(i.__hardfp_asin)
    __hardfp_atan                            0x080087f1   Thumb Code   622  atan.o(i.__hardfp_atan)
    __hardfp_atan2                           0x08008ac9   Thumb Code   448  atan2.o(i.__hardfp_atan2)
    __hardfp_cos                             0x08008cc9   Thumb Code   180  cos.o(i.__hardfp_cos)
    __hardfp_pow                             0x08008d91   Thumb Code  3072  pow.o(i.__hardfp_pow)
    __hardfp_sin                             0x080099e1   Thumb Code   180  sin.o(i.__hardfp_sin)
    __hardfp_sqrt                            0x08009aa9   Thumb Code   122  sqrt.o(i.__hardfp_sqrt)
    __ieee754_rem_pio2                       0x08009b29   Thumb Code   938  rred.o(i.__ieee754_rem_pio2)
    __kernel_cos                             0x08009f61   Thumb Code   322  cos_i.o(i.__kernel_cos)
    __kernel_poly                            0x0800a0d1   Thumb Code   248  poly.o(i.__kernel_poly)
    __kernel_sin                             0x0800a1c9   Thumb Code   280  sin_i.o(i.__kernel_sin)
    __mathlib_dbl_divzero                    0x0800a2f9   Thumb Code    28  dunder.o(i.__mathlib_dbl_divzero)
    __mathlib_dbl_infnan                     0x0800a329   Thumb Code    20  dunder.o(i.__mathlib_dbl_infnan)
    __mathlib_dbl_infnan2                    0x0800a33d   Thumb Code    20  dunder.o(i.__mathlib_dbl_infnan2)
    __mathlib_dbl_invalid                    0x0800a351   Thumb Code    24  dunder.o(i.__mathlib_dbl_invalid)
    __mathlib_dbl_overflow                   0x0800a371   Thumb Code    24  dunder.o(i.__mathlib_dbl_overflow)
    __mathlib_dbl_underflow                  0x0800a391   Thumb Code    24  dunder.o(i.__mathlib_dbl_underflow)
    __scatterload_copy                       0x0800a3b1   Thumb Code    14  handlers.o(i.__scatterload_copy)
    __scatterload_null                       0x0800a3bf   Thumb Code     2  handlers.o(i.__scatterload_null)
    __scatterload_zeroinit                   0x0800a3c1   Thumb Code    14  handlers.o(i.__scatterload_zeroinit)
    __set_errno                              0x0800a3d1   Thumb Code     6  errno.o(i.__set_errno)
    atan                                     0x0800a3ff   Thumb Code    16  atan.o(i.atan)
    fabs                                     0x0800a40f   Thumb Code    24  fabs.o(i.fabs)
    sqrt                                     0x0800a427   Thumb Code   110  sqrt.o(i.sqrt)
    __mathlib_zero                           0x0800a638   Data           8  qnan.o(.constdata)
    Region$$Table$$Base                      0x0800a730   Number         0  anon$$obj.o(Region$$Table)
    Region$$Table$$Limit                     0x0800a750   Number         0  anon$$obj.o(Region$$Table)
    calib_error                              0x20000000   Data           1  main.o(.data)
    j                                        0x20000002   Data           2  main.o(.data)
    cut_off                                  0x20000004   Data           4  main.o(.data)
    realPressure                             0x20000008   Data           4  main.o(.data)
    fil_comple_alt                           0x2000000c   Data           4  main.o(.data)
    fil_lpf_alt                              0x20000010   Data           4  main.o(.data)
    EstAlt                                   0x20000014   Data           4  main.o(.data)
    lastEstAlt                               0x20000018   Data           4  main.o(.data)
    fil_baro                                 0x2000001c   Data           4  main.o(.data)
    baroVel                                  0x20000020   Data           4  main.o(.data)
    acc_vel                                  0x20000024   Data           4  main.o(.data)
    vel                                      0x20000028   Data           4  main.o(.data)
    absoluteAltitude                         0x2000002c   Data           4  main.o(.data)
    ms5611_temperature                       0x20000030   Data           4  main.o(.data)
    ms5611_altitude                          0x20000034   Data           4  main.o(.data)
    ms5611_altitude_offset                   0x20000038   Data           4  main.o(.data)
    cf_acc_z                                 0x2000003c   Data           4  main.o(.data)
    vel_lastupdate                           0x20000040   Data           4  main.o(.data)
    loop_var                                 0x20000044   Data           4  main.o(.data)
    referencePressure                        0x20000048   Data           8  main.o(.data)
    dt                                       0x20000050   Data           8  main.o(.data)
    dtvel                                    0x20000058   Data           8  main.o(.data)
    RxIndex                                  0x20000060   Data           1  stm32f4xx_it.o(.data)
    channel_read_fail                        0x20000061   Data           1  stm32f4xx_it.o(.data)
    channels_cnt                             0x20000062   Data           1  stm32f4xx_it.o(.data)
    PPMval                                   0x20000064   Data           2  stm32f4xx_it.o(.data)
    lastRC_us                                0x20000068   Data           4  stm32f4xx_it.o(.data)
    a5                                       0x2000006c   Data           4  stm32f4xx_it.o(.data)
    c5                                       0x20000070   Data           4  stm32f4xx_it.o(.data)
    temp_sonar                               0x20000074   Data           4  stm32f4xx_it.o(.data)
    alt_sonar                                0x20000078   Data           4  stm32f4xx_it.o(.data)
    pre_alt_sonar                            0x2000007c   Data           4  stm32f4xx_it.o(.data)
    SystemCoreClock                          0x20000080   Data           4  system_stm32f4xx.o(.data)
    AHBPrescTable                            0x20000084   Data          16  system_stm32f4xx.o(.data)
    NVIC_InitStruct                          0x20000094   Data           4  copter_config.o(.data)
    GPIO_InitStruct                          0x20000098   Data           8  copter_config.o(.data)
    EXTI_InitStruct                          0x200000a0   Data           8  copter_config.o(.data)
    HMC5883_calib                            0x200000bc   Data           1  hmc5883l.o(.data)
    HMC5883_Buf_index                        0x200000bd   Data           1  hmc5883l.o(.data)
    HMC5883_Offset_X                         0x200000be   Data           2  hmc5883l.o(.data)
    HMC5883_Offset_Y                         0x200000c0   Data           2  hmc5883l.o(.data)
    HMC5883_Offset_Z                         0x200000c2   Data           2  hmc5883l.o(.data)
    HMC5883_maxx                             0x200000c4   Data           2  hmc5883l.o(.data)
    HMC5883_maxy                             0x200000c6   Data           2  hmc5883l.o(.data)
    HMC5883_maxz                             0x200000c8   Data           2  hmc5883l.o(.data)
    HMC5883_minx                             0x200000ca   Data           2  hmc5883l.o(.data)
    HMC5883_miny                             0x200000cc   Data           2  hmc5883l.o(.data)
    HMC5883_minz                             0x200000ce   Data           2  hmc5883l.o(.data)
    HMC5883_Scale_X                          0x200000d0   Data           4  hmc5883l.o(.data)
    HMC5883_Scale_Y                          0x200000d4   Data           4  hmc5883l.o(.data)
    HMC5883_Scale_Z                          0x200000d8   Data           4  hmc5883l.o(.data)
    HMC5883_lastx                            0x200000dc   Data           4  hmc5883l.o(.data)
    HMC5883_lasty                            0x200000e0   Data           4  hmc5883l.o(.data)
    HMC5883_lastz                            0x200000e4   Data           4  hmc5883l.o(.data)
    acc_vector                               0x200000e8   Data           4  imu.o(.data)
    offset_gx                                0x20000154   Data           4  imu.o(.data)
    offset_gy                                0x20000158   Data           4  imu.o(.data)
    offset_gz                                0x2000015c   Data           4  imu.o(.data)
    offset_az                                0x20000160   Data           4  imu.o(.data)
    lastUpdate                               0x20000164   Data           4  imu.o(.data)
    now                                      0x20000168   Data           4  imu.o(.data)
    exInt                                    0x2000016c   Data           4  imu.o(.data)
    eyInt                                    0x20000170   Data           4  imu.o(.data)
    ezInt                                    0x20000174   Data           4  imu.o(.data)
    integralFBx                              0x20000178   Data           4  imu.o(.data)
    integralFBy                              0x2000017c   Data           4  imu.o(.data)
    integralFBz                              0x20000180   Data           4  imu.o(.data)
    q0                                       0x20000184   Data           4  imu.o(.data)
    q1                                       0x20000188   Data           4  imu.o(.data)
    q2                                       0x2000018c   Data           4  imu.o(.data)
    q3                                       0x20000190   Data           4  imu.o(.data)
    qa0                                      0x20000194   Data           4  imu.o(.data)
    qa1                                      0x20000198   Data           4  imu.o(.data)
    qa2                                      0x2000019c   Data           4  imu.o(.data)
    qa3                                      0x200001a0   Data           4  imu.o(.data)
    IMU_Pitch                                0x200001a4   Data           4  imu.o(.data)
    IMU_Roll                                 0x200001a8   Data           4  imu.o(.data)
    IMU_Yaw                                  0x200001ac   Data           4  imu.o(.data)
    q_0                                      0x200001b0   Data           4  imu.o(.data)
    q_1                                      0x200001b4   Data           4  imu.o(.data)
    q_2                                      0x200001b8   Data           4  imu.o(.data)
    q_3                                      0x200001bc   Data           4  imu.o(.data)
    w1                                       0x200001c0   Data           4  imu.o(.data)
    w2                                       0x200001c4   Data           4  imu.o(.data)
    w3                                       0x200001c8   Data           4  imu.o(.data)
    acc_x                                    0x200001cc   Data           4  imu.o(.data)
    acc_y                                    0x200001d0   Data           4  imu.o(.data)
    acc_z                                    0x200001d4   Data           4  imu.o(.data)
    halfT                                    0x200001d8   Data           8  imu.o(.data)
    elapsedT                                 0x200001e0   Data           8  imu.o(.data)
    P                                        0x200001e8   Data         196  imu.o(.data)
    Q                                        0x200002ac   Data         196  imu.o(.data)
    R                                        0x20000370   Data         144  imu.o(.data)
    I                                        0x20000400   Data         196  imu.o(.data)
    offset_ax                                0x200004c4   Data           4  imu.o(.data)
    offset_ay                                0x200004c8   Data           4  imu.o(.data)
    Buf_index                                0x200004cc   Data           1  mpu6050.o(.data)
    Gx_offset                                0x200004ce   Data           2  mpu6050.o(.data)
    Gy_offset                                0x200004d0   Data           2  mpu6050.o(.data)
    Gz_offset                                0x200004d2   Data           2  mpu6050.o(.data)
    MPU6050_Lastax                           0x200004d4   Data           2  mpu6050.o(.data)
    MPU6050_Lastay                           0x200004d6   Data           2  mpu6050.o(.data)
    MPU6050_Lastaz                           0x200004d8   Data           2  mpu6050.o(.data)
    MPU6050_Lastgx                           0x200004da   Data           2  mpu6050.o(.data)
    MPU6050_Lastgy                           0x200004dc   Data           2  mpu6050.o(.data)
    MPU6050_Lastgz                           0x200004de   Data           2  mpu6050.o(.data)
    I2C_Erorr_Count                          0x200004e0   Data           2  ioi2c.o(.data)
    ct                                       0x200004e8   Data           1  ms5611.o(.data)
    uosr                                     0x200004e9   Data           1  ms5611.o(.data)
    pressureState                            0x200004ec   Data           4  ms5611.o(.data)
    TEMP2                                    0x200004f0   Data           4  ms5611.o(.data)
    timer                                    0x200004f4   Data           4  ms5611.o(.data)
    timer1                                   0x200004f8   Data           4  ms5611.o(.data)
    ut                                       0x200004fc   Data           4  ms5611.o(.data)
    up                                       0x20000500   Data           4  ms5611.o(.data)
    OFF2                                     0x20000508   Data           8  ms5611.o(.data)
    SENS2                                    0x20000510   Data           8  ms5611.o(.data)
    __stdout                                 0x20000518   Data           4  my_printf.o(.data)
    Q_angle                                  0x2000051c   Data           4  kalman.o(.data)
    Q_bias                                   0x20000520   Data           4  kalman.o(.data)
    R_measure                                0x20000524   Data           4  kalman.o(.data)
    angle                                    0x20000528   Data           4  kalman.o(.data)
    bias                                     0x2000052c   Data           4  kalman.o(.data)
    Q_anglez                                 0x20000530   Data           4  kalman.o(.data)
    Q_biasz                                  0x20000534   Data           4  kalman.o(.data)
    R_measurez                               0x20000538   Data           4  kalman.o(.data)
    anglez                                   0x2000053c   Data           4  kalman.o(.data)
    biasz                                    0x20000540   Data           4  kalman.o(.data)
    rate                                     0x20000544   Data           4  kalman.o(.data)
    S                                        0x20000548   Data           4  kalman.o(.data)
    y                                        0x2000054c   Data           4  kalman.o(.data)
    P00_temp                                 0x20000550   Data           4  kalman.o(.data)
    P01_temp                                 0x20000554   Data           4  kalman.o(.data)
    ratez                                    0x20000558   Data           4  kalman.o(.data)
    Sz                                       0x2000055c   Data           4  kalman.o(.data)
    yz                                       0x20000560   Data           4  kalman.o(.data)
    P00_tempz                                0x20000564   Data           4  kalman.o(.data)
    P01_tempz                                0x20000568   Data           4  kalman.o(.data)
    _K                                       0x2000056c   Data           8  kalman.o(.data)
    Kz                                       0x20000574   Data           8  kalman.o(.data)
    rpy_simple                               0x20000580   Data          12  main.o(.bss)
    rate_rpy                                 0x2000058c   Data          12  main.o(.bss)
    rpy_ahrs                                 0x20000598   Data          12  main.o(.bss)
    rpy_kalman                               0x200005a4   Data          12  main.o(.bss)
    rpy_new                                  0x200005b0   Data          12  main.o(.bss)
    channels_buffer                          0x200005bc   Data          20  stm32f4xx_it.o(.bss)
    channels                                 0x200005d0   Data          20  stm32f4xx_it.o(.bss)
    RxBuffer                                 0x200005e4   Data          18  stm32f4xx_it.o(.bss)
    USART_InitStruct                         0x200005f8   Data          16  copter_config.o(.bss)
    TIM_TimeBaseStructure                    0x20000608   Data          12  copter_config.o(.bss)
    TIM_OCInitStruct                         0x20000614   Data          20  copter_config.o(.bss)
    HMC5883_FIFO                             0x20000628   Data          66  hmc5883l.o(.bss)
    H                                        0x2000066c   Data         168  imu.o(.bss)
    A                                        0x20000730   Data         196  imu.o(.bss)
    B                                        0x200007f4   Data         196  imu.o(.bss)
    E                                        0x200008b8   Data         168  imu.o(.bss)
    F1                                       0x20000960   Data         144  imu.o(.bss)
    X                                        0x200009f0   Data         196  imu.o(.bss)
    Z                                        0x20000ab4   Data         196  imu.o(.bss)
    Ht                                       0x20000b78   Data         168  imu.o(.bss)
    Ft                                       0x20000c20   Data         196  imu.o(.bss)
    K                                        0x20000ce4   Data         168  imu.o(.bss)
    O                                        0x20000d8c   Data         196  imu.o(.bss)
    T                                        0x20000e50   Data          24  imu.o(.bss)
    F                                        0x20000e68   Data         196  imu.o(.bss)
    Y                                        0x20000f2c   Data          28  imu.o(.bss)
    P1                                       0x20000f48   Data         196  imu.o(.bss)
    U1                                       0x2000100c   Data         144  imu.o(.bss)
    U1t                                      0x2000109c   Data         144  imu.o(.bss)
    D1                                       0x2000112c   Data         144  imu.o(.bss)
    X1                                       0x200011bc   Data         144  imu.o(.bss)
    X2                                       0x2000124c   Data         144  imu.o(.bss)
    buffer                                   0x2000130c   Data          14  mpu6050.o(.bss)
    MPU6050_FIFO                             0x2000131a   Data         132  mpu6050.o(.bss)
    fc                                       0x2000139e   Data          12  ms5611.o(.bss)
    _P                                       0x200013ac   Data          16  kalman.o(.bss)
    Pz                                       0x200013bc   Data          16  kalman.o(.bss)
    __initial_sp                             0x200017d0   Data           0  startup_stm32f40_41xxx.o(STACK)



==============================================================================

Memory Map of the image

  Image Entry point : 0x08000189

  Load Region LR_IROM1 (Base: 0x08000000, Size: 0x0000acd0, Max: 0x00100000, ABSOLUTE, COMPRESSED[0x0000a7b4])

    Execution Region ER_IROM1 (Exec base: 0x08000000, Load base: 0x08000000, Size: 0x0000a750, Max: 0x00100000, ABSOLUTE)

    Exec Addr    Load Addr    Size         Type   Attr      Idx    E Section Name        Object

    0x08000000   0x08000000   0x00000188   Data   RO          300    RESET               startup_stm32f40_41xxx.o
    0x08000188   0x08000188   0x00000000   Code   RO         1011  * .ARM.Collect$$$$00000000  mc_w.l(entry.o)
    0x08000188   0x08000188   0x00000004   Code   RO         1333    .ARM.Collect$$$$00000001  mc_w.l(entry2.o)
    0x0800018c   0x0800018c   0x00000004   Code   RO         1336    .ARM.Collect$$$$00000004  mc_w.l(entry5.o)
    0x08000190   0x08000190   0x00000000   Code   RO         1338    .ARM.Collect$$$$00000008  mc_w.l(entry7b.o)
    0x08000190   0x08000190   0x00000000   Code   RO         1340    .ARM.Collect$$$$0000000A  mc_w.l(entry8b.o)
    0x08000190   0x08000190   0x00000008   Code   RO         1341    .ARM.Collect$$$$0000000B  mc_w.l(entry9a.o)
    0x08000198   0x08000198   0x00000004   Code   RO         1348    .ARM.Collect$$$$0000000E  mc_w.l(entry12b.o)
    0x0800019c   0x0800019c   0x00000000   Code   RO         1343    .ARM.Collect$$$$0000000F  mc_w.l(entry10a.o)
    0x0800019c   0x0800019c   0x00000000   Code   RO         1345    .ARM.Collect$$$$00000011  mc_w.l(entry11a.o)
    0x0800019c   0x0800019c   0x00000004   Code   RO         1334    .ARM.Collect$$$$00002712  mc_w.l(entry2.o)
    0x080001a0   0x080001a0   0x000003a8   Code   RO            3    .text               main.o
    0x08000548   0x08000548   0x00000184   Code   RO          194    .text               stm32f4xx_it.o
    0x080006cc   0x080006cc   0x0000017c   Code   RO          248    .text               system_stm32f4xx.o
    0x08000848   0x08000848   0x00000264   Code   RO          274    .text               copter_config.o
    0x08000aac   0x08000aac   0x00000024   Code   RO          301    .text               startup_stm32f40_41xxx.o
    0x08000ad0   0x08000ad0   0x000000b0   Code   RO          307    .text               misc.o
    0x08000b80   0x08000b80   0x000000e0   Code   RO          390    .text               stm32f4xx_exti.o
    0x08000c60   0x08000c60   0x0000020c   Code   RO          456    .text               stm32f4xx_gpio.o
    0x08000e6c   0x08000e6c   0x00000480   Code   RO          496    .text               stm32f4xx_rcc.o
    0x080012ec   0x080012ec   0x0000007c   Code   RO          538    .text               stm32f4xx_syscfg.o
    0x08001368   0x08001368   0x000009dc   Code   RO          558    .text               stm32f4xx_tim.o
    0x08001d44   0x08001d44   0x00000358   Code   RO          579    .text               stm32f4xx_usart.o
    0x0800209c   0x0800209c   0x000000b8   Code   RO          639    .text               delay.o
    0x08002154   0x08002154   0x00000294   Code   RO          679    .text               hmc5883l.o
    0x080023e8   0x080023e8   0x000044a8   Code   RO          707    .text               imu.o
    0x08006890   0x08006890   0x00000400   Code   RO          768    .text               mpu6050.o
    0x08006c90   0x08006c90   0x000003a0   Code   RO          793    .text               ioi2c.o
    0x08007030   0x08007030   0x0000046e   Code   RO          820    .text               ms5611.o
    0x0800749e   0x0800749e   0x00000002   PAD
    0x080074a0   0x080074a0   0x00000068   Code   RO          848    .text               my_printf.o
    0x08007508   0x08007508   0x00000188   Code   RO          886    .text               kalman.o
    0x08007690   0x08007690   0x000005dc   Code   RO          908    .text               matrix.o
    0x08007c6c   0x08007c6c   0x00000062   Code   RO         1014    .text               mc_w.l(ldiv.o)
    0x08007cce   0x08007cce   0x0000014e   Code   RO         1276    .text               mf_w.l(dadd.o)
    0x08007e1c   0x08007e1c   0x000000e4   Code   RO         1278    .text               mf_w.l(dmul.o)
    0x08007f00   0x08007f00   0x000000de   Code   RO         1280    .text               mf_w.l(ddiv.o)
    0x08007fde   0x08007fde   0x00000022   Code   RO         1282    .text               mf_w.l(dflti.o)
    0x08008000   0x08008000   0x0000001a   Code   RO         1284    .text               mf_w.l(dfltui.o)
    0x0800801a   0x0800801a   0x0000003e   Code   RO         1286    .text               mf_w.l(dfixi.o)
    0x08008058   0x08008058   0x00000026   Code   RO         1288    .text               mf_w.l(f2d.o)
    0x0800807e   0x0800807e   0x00000002   PAD
    0x08008080   0x08008080   0x00000030   Code   RO         1290    .text               mf_w.l(cdrcmple.o)
    0x080080b0   0x080080b0   0x00000038   Code   RO         1292    .text               mf_w.l(d2f.o)
    0x080080e8   0x080080e8   0x00000062   Code   RO         1351    .text               mc_w.l(uldiv.o)
    0x0800814a   0x0800814a   0x0000001e   Code   RO         1353    .text               mc_w.l(llshl.o)
    0x08008168   0x08008168   0x00000020   Code   RO         1355    .text               mc_w.l(llushr.o)
    0x08008188   0x08008188   0x00000024   Code   RO         1357    .text               mc_w.l(llsshr.o)
    0x080081ac   0x080081ac   0x00000000   Code   RO         1366    .text               mc_w.l(iusefp.o)
    0x080081ac   0x080081ac   0x0000006e   Code   RO         1367    .text               mf_w.l(fepilogue.o)
    0x0800821a   0x0800821a   0x000000ba   Code   RO         1369    .text               mf_w.l(depilogue.o)
    0x080082d4   0x080082d4   0x0000002e   Code   RO         1373    .text               mf_w.l(dscalb.o)
    0x08008302   0x08008302   0x000000a2   Code   RO         1375    .text               mf_w.l(dsqrt.o)
    0x080083a4   0x080083a4   0x00000030   Code   RO         1379    .text               mf_w.l(cdcmple.o)
    0x080083d4   0x080083d4   0x00000024   Code   RO         1381    .text               mc_w.l(init.o)
    0x080083f8   0x080083f8   0x00000056   Code   RO         1391    .text               mc_w.l(__dczerorl2.o)
    0x0800844e   0x0800844e   0x00000002   PAD
    0x08008450   0x08008450   0x00000010   Code   RO         1017    i.__0printf$bare    mc_w.l(printfb.o)
    0x08008460   0x08008460   0x00000030   Code   RO         1317    i.__ARM_fpclassify  m_wm.l(fpclassify.o)
    0x08008490   0x08008490   0x00000360   Code   RO          921    i.__hardfp_asin     m_wm.l(asin.o)
    0x080087f0   0x080087f0   0x000002d8   Code   RO          935    i.__hardfp_atan     m_wm.l(atan.o)
    0x08008ac8   0x08008ac8   0x00000200   Code   RO          949    i.__hardfp_atan2    m_wm.l(atan2.o)
    0x08008cc8   0x08008cc8   0x000000c8   Code   RO          961    i.__hardfp_cos      m_wm.l(cos.o)
    0x08008d90   0x08008d90   0x00000c50   Code   RO          973    i.__hardfp_pow      m_wm.l(pow.o)
    0x080099e0   0x080099e0   0x000000c8   Code   RO          987    i.__hardfp_sin      m_wm.l(sin.o)
    0x08009aa8   0x08009aa8   0x0000007a   Code   RO          999    i.__hardfp_sqrt     m_wm.l(sqrt.o)
    0x08009b22   0x08009b22   0x00000006   PAD
    0x08009b28   0x08009b28   0x00000438   Code   RO         1322    i.__ieee754_rem_pio2  m_wm.l(rred.o)
    0x08009f60   0x08009f60   0x00000170   Code   RO         1294    i.__kernel_cos      m_wm.l(cos_i.o)
    0x0800a0d0   0x0800a0d0   0x000000f8   Code   RO         1319    i.__kernel_poly     m_wm.l(poly.o)
    0x0800a1c8   0x0800a1c8   0x00000130   Code   RO         1327    i.__kernel_sin      m_wm.l(sin_i.o)
    0x0800a2f8   0x0800a2f8   0x00000030   Code   RO         1297    i.__mathlib_dbl_divzero  m_wm.l(dunder.o)
    0x0800a328   0x0800a328   0x00000014   Code   RO         1298    i.__mathlib_dbl_infnan  m_wm.l(dunder.o)
    0x0800a33c   0x0800a33c   0x00000014   Code   RO         1299    i.__mathlib_dbl_infnan2  m_wm.l(dunder.o)
    0x0800a350   0x0800a350   0x00000020   Code   RO         1300    i.__mathlib_dbl_invalid  m_wm.l(dunder.o)
    0x0800a370   0x0800a370   0x00000020   Code   RO         1301    i.__mathlib_dbl_overflow  m_wm.l(dunder.o)
    0x0800a390   0x0800a390   0x00000020   Code   RO         1303    i.__mathlib_dbl_underflow  m_wm.l(dunder.o)
    0x0800a3b0   0x0800a3b0   0x0000000e   Code   RO         1385    i.__scatterload_copy  mc_w.l(handlers.o)
    0x0800a3be   0x0800a3be   0x00000002   Code   RO         1386    i.__scatterload_null  mc_w.l(handlers.o)
    0x0800a3c0   0x0800a3c0   0x0000000e   Code   RO         1387    i.__scatterload_zeroinit  mc_w.l(handlers.o)
    0x0800a3ce   0x0800a3ce   0x00000002   PAD
    0x0800a3d0   0x0800a3d0   0x0000000c   Code   RO         1361    i.__set_errno       mc_w.l(errno.o)
    0x0800a3dc   0x0800a3dc   0x00000022   Code   RO         1024    i._printf_core      mc_w.l(printfb.o)
    0x0800a3fe   0x0800a3fe   0x00000010   Code   RO          937    i.atan              m_wm.l(atan.o)
    0x0800a40e   0x0800a40e   0x00000018   Code   RO         1313    i.fabs              m_wm.l(fabs.o)
    0x0800a426   0x0800a426   0x0000006e   Code   RO         1001    i.sqrt              m_wm.l(sqrt.o)
    0x0800a494   0x0800a494   0x00000004   PAD
    0x0800a498   0x0800a498   0x00000050   Data   RO          924    .constdata          m_wm.l(asin.o)
    0x0800a4e8   0x0800a4e8   0x00000098   Data   RO          938    .constdata          m_wm.l(atan.o)
    0x0800a580   0x0800a580   0x00000088   Data   RO          976    .constdata          m_wm.l(pow.o)
    0x0800a608   0x0800a608   0x00000030   Data   RO         1295    .constdata          m_wm.l(cos_i.o)
    0x0800a638   0x0800a638   0x00000008   Data   RO         1321    .constdata          m_wm.l(qnan.o)
    0x0800a640   0x0800a640   0x000000c8   Data   RO         1324    .constdata          m_wm.l(rred.o)
    0x0800a708   0x0800a708   0x00000028   Data   RO         1328    .constdata          m_wm.l(sin_i.o)
    0x0800a730   0x0800a730   0x00000020   Data   RO         1383    Region$$Table       anon$$obj.o


    Execution Region RW_IRAM1 (Exec base: 0x20000000, Load base: 0x0800a750, Size: 0x000017d0, Max: 0x00020000, ABSOLUTE, COMPRESSED[0x00000064])

    Exec Addr    Load Addr    Size         Type   Attr      Idx    E Section Name        Object

    0x20000000   COMPRESSED   0x00000060   Data   RW            5    .data               main.o
    0x20000060   COMPRESSED   0x00000020   Data   RW          196    .data               stm32f4xx_it.o
    0x20000080   COMPRESSED   0x00000014   Data   RW          249    .data               system_stm32f4xx.o
    0x20000094   COMPRESSED   0x00000014   Data   RW          278    .data               copter_config.o
    0x200000a8   COMPRESSED   0x00000010   Data   RW          497    .data               stm32f4xx_rcc.o
    0x200000b8   COMPRESSED   0x00000004   Data   RW          640    .data               delay.o
    0x200000bc   COMPRESSED   0x0000002c   Data   RW          681    .data               hmc5883l.o
    0x200000e8   COMPRESSED   0x000003dc   Data   RW          710    .data               imu.o
    0x200004c4   COMPRESSED   0x00000004   Data   RW          711    .data               imu.o
    0x200004c8   COMPRESSED   0x00000004   Data   RW          712    .data               imu.o
    0x200004cc   COMPRESSED   0x00000014   Data   RW          770    .data               mpu6050.o
    0x200004e0   COMPRESSED   0x00000002   Data   RW          794    .data               ioi2c.o
    0x200004e2   COMPRESSED   0x00000006   PAD
    0x200004e8   COMPRESSED   0x00000030   Data   RW          822    .data               ms5611.o
    0x20000518   COMPRESSED   0x00000004   Data   RW          849    .data               my_printf.o
    0x2000051c   COMPRESSED   0x00000060   Data   RW          888    .data               kalman.o
    0x2000057c   COMPRESSED   0x00000004   Data   RW         1362    .data               mc_w.l(errno.o)
    0x20000580        -       0x0000003c   Zero   RW            4    .bss                main.o
    0x200005bc        -       0x0000003a   Zero   RW          195    .bss                stm32f4xx_it.o
    0x200005f6   COMPRESSED   0x00000002   PAD
    0x200005f8        -       0x00000030   Zero   RW          277    .bss                copter_config.o
    0x20000628        -       0x00000042   Zero   RW          680    .bss                hmc5883l.o
    0x2000066a   COMPRESSED   0x00000002   PAD
    0x2000066c        -       0x00000ca0   Zero   RW          708    .bss                imu.o
    0x2000130c        -       0x00000092   Zero   RW          769    .bss                mpu6050.o
    0x2000139e        -       0x0000000c   Zero   RW          821    .bss                ms5611.o
    0x200013aa   COMPRESSED   0x00000002   PAD
    0x200013ac        -       0x00000020   Zero   RW          887    .bss                kalman.o
    0x200013cc   COMPRESSED   0x00000004   PAD
    0x200013d0        -       0x00000400   Zero   RW          298    STACK               startup_stm32f40_41xxx.o


==============================================================================

Image component sizes


      Code (inc. data)   RO Data    RW Data    ZI Data      Debug   Object Name

       612         32          0         20         48       1965   copter_config.o
       184          4          0          4          0       1485   delay.o
       660         14          0         44         66       5108   hmc5883l.o
     17576        478          0        996       3232      17798   imu.o
       928         16          0          2          0       5049   ioi2c.o
       392         10          0         96         32       2351   kalman.o
       936        158          0         96         60     294631   main.o
      1500          4          0          0          0       7941   matrix.o
       176         12          0          0          0       1961   misc.o
      1024         12          0         20        146       6488   mpu6050.o
      1134         78          0         48         12       6078   ms5611.o
       104         10          0          4          0       3304   my_printf.o
        36          8        392          0       1024        820   startup_stm32f40_41xxx.o
       224         10          0          0          0       2415   stm32f4xx_exti.o
       524         44          0          0          0       4489   stm32f4xx_gpio.o
       388         44          0         32         58       3321   stm32f4xx_it.o
      1152         48          0         16          0      13340   stm32f4xx_rcc.o
       124         16          0          0          0       1893   stm32f4xx_syscfg.o
      2524         52          0          0          0      24010   stm32f4xx_tim.o
       856         32          0          0          0       8304   stm32f4xx_usart.o
       380         36          0         20          0       1851   system_stm32f4xx.o

    ----------------------------------------------------------------------
     31436       1118        424       1404       4688     414602   Object Totals
         0          0         32          0          0          0   (incl. Generated)
         2          0          0          6         10          0   (incl. Padding)

    ----------------------------------------------------------------------

      Code (inc. data)   RO Data    RW Data    ZI Data      Debug   Library Member Name

       864         94         80          0          0        280   asin.o
       744        106        152          0          0        352   atan.o
       512         64          0          0          0        208   atan2.o
       200         20          0          0          0        164   cos.o
       368         46         48          0          0        200   cos_i.o
       184         44          0          0          0        744   dunder.o
        24          0          0          0          0        124   fabs.o
        48          0          0          0          0        124   fpclassify.o
       248          0          0          0          0        152   poly.o
      3152        296        136          0          0        352   pow.o
         0          0          8          0          0          0   qnan.o
      1080        142        200          0          0        188   rred.o
       200         20          0          0          0        164   sin.o
       304         24         40          0          0        208   sin_i.o
       232          0          0          0          0        296   sqrt.o
        86          0          0          0          0          0   __dczerorl2.o
         0          0          0          0          0          0   entry.o
         0          0          0          0          0          0   entry10a.o
         0          0          0          0          0          0   entry11a.o
         4          0          0          0          0          0   entry12b.o
         8          4          0          0          0          0   entry2.o
         4          0          0          0          0          0   entry5.o
         0          0          0          0          0          0   entry7b.o
         0          0          0          0          0          0   entry8b.o
         8          4          0          0          0          0   entry9a.o
        12          6          0          4          0         68   errno.o
        30          0          0          0          0          0   handlers.o
        36          8          0          0          0         68   init.o
         0          0          0          0          0          0   iusefp.o
        98          0          0          0          0         84   ldiv.o
        30          0          0          0          0         68   llshl.o
        36          0          0          0          0         68   llsshr.o
        32          0          0          0          0         68   llushr.o
        50          8          0          0          0        152   printfb.o
        98          0          0          0          0         92   uldiv.o
        48          0          0          0          0         68   cdcmple.o
        48          0          0          0          0         68   cdrcmple.o
        56          0          0          0          0         88   d2f.o
       334          0          0          0          0        148   dadd.o
       222          0          0          0          0        100   ddiv.o
       186          0          0          0          0        176   depilogue.o
        62          0          0          0          0         80   dfixi.o
        34          0          0          0          0         76   dflti.o
        26          0          0          0          0         76   dfltui.o
       228          0          0          0          0         96   dmul.o
        46          0          0          0          0         80   dscalb.o
       162          0          0          0          0        100   dsqrt.o
        38          0          0          0          0         68   f2d.o
       110          0          0          0          0        168   fepilogue.o

    ----------------------------------------------------------------------
     10308        886        664          4          0       5616   Library Totals
        16          0          0          0          0          0   (incl. Padding)

    ----------------------------------------------------------------------

      Code (inc. data)   RO Data    RW Data    ZI Data      Debug   Library Name

      8160        856        664          0          0       3556   m_wm.l
       532         30          0          4          0        668   mc_w.l
      1600          0          0          0          0       1392   mf_w.l

    ----------------------------------------------------------------------
     10308        886        664          4          0       5616   Library Totals

    ----------------------------------------------------------------------

==============================================================================


      Code (inc. data)   RO Data    RW Data    ZI Data      Debug   

     41744       2004       1088       1408       4688     412762   Grand Totals
     41744       2004       1088        100       4688     412762   ELF Image Totals (compressed)
     41744       2004       1088        100          0          0   ROM Totals

==============================================================================

    Total RO  Size (Code + RO Data)                42832 (  41.83kB)
    Total RW  Size (RW Data + ZI Data)              6096 (   5.95kB)
    Total ROM Size (Code + RO Data + RW Data)      42932 (  41.93kB)

==============================================================================

