<html>
<body>
<pre>
<h1>µVision Build Log</h1>
<h2>Tool Versions:</h2>
IDE-Version: É Vision V5.34.0.0
Copyright (C) 2021 ARM Ltd and ARM Germany GmbH. All rights reserved.
License Information: a b, c, LIC=21E4T-R4UQS-II75V-PG6XB-2GW90-VA7N0
 
Tool Versions:
Toolchain:       MDK-ARM Plus  Version: 5.34.0.0
Toolchain Path:  C:\Keil_v5\ARM\ARMCC\Bin
C Compiler:      Armcc.exe V5.06 update 7 (build 960)
Assembler:       Armasm.exe V5.06 update 7 (build 960)
Linker/Locator:  ArmLink.exe V5.06 update 7 (build 960)
Library Manager: ArmAr.exe V5.06 update 7 (build 960)
Hex Converter:   FromElf.exe V5.06 update 7 (build 960)
CPU DLL:         SARMCM3.DLL V5.34.0.0
Dialog DLL:      DCM.DLL V1.17.3.0
Target DLL:      STLink\ST-LINKIII-KEIL_SWO.dll V3.0.8.0
Dialog DLL:      TCM.DLL V1.48.0.0
 
<h2>Project:</h2>
C:\Users\User\Downloads\STM32F4_robot_AHRS\USER\Attitude.uvprojx
Project File Date:  02/11/2024

<h2>Output:</h2>
*** Using Compiler 'V5.06 update 7 (build 960)', folder: 'C:\Keil_v5\ARM\ARMCC\Bin'
Build target 'Attitude'
compiling main.c...
main.h(15): warning:  #1-D: last line of file ends without a newline
  extern float offset_gyro[3];
main.c(139): warning:  #1035-D: single-precision operand implicitly converted to double-precision
  				 fil_baro=fil_baro*0.996 + baroVel*0.004;
main.c(139): warning:  #1035-D: single-precision operand implicitly converted to double-precision
  				 fil_baro=fil_baro*0.996 + baroVel*0.004;
main.c(148): warning:  #1035-D: single-precision operand implicitly converted to double-precision
  					acc_vel += cf_acc_z *0.004788;
main.c: 4 warnings, 0 errors
linking...
Program Size: Code=41792 RO-data=1088 RW-data=1408 ZI-data=4688  
FromELF: creating hex file...
"..\build\output.axf" - 0 Error(s), 4 Warning(s).

<h2>Software Packages used:</h2>

Package Vendor: Keil
                https://www.keil.com/pack/Keil.STM32F4xx_DFP.2.17.0.pack
                Keil.STM32F4xx_DFP.2.17.0
                STMicroelectronics STM32F4 Series Device Support, Drivers and Examples

<h2>Collection of Component include folders:</h2>
  C:\Users\User\AppData\Local\Arm\Packs\Keil\STM32F4xx_DFP\2.17.0\Drivers\CMSIS\Device\ST\STM32F4xx\Include

<h2>Collection of Component Files used:</h2>
Build Time Elapsed:  00:00:02
</pre>
</body>
</html>
